MPLINK 4.38, Linker
Linker Map File - Created Fri Apr 25 19:50:58 2014

                                 Section Info
                  Section       Type    Address   Location Size(Bytes)
                ---------  ---------  ---------  ---------  ---------
               _entry_scn       code   0x000000    program   0x000006
           .code___init.o       code   0x000006    program   0x000002
               highVector       code   0x000008    program   0x000006
      .romdata_MainDemo.o    romdata   0x00000e    program   0x000006
          .idata_Tick.o_i    romdata   0x000014    program   0x000004
                lowVector       code   0x000018    program   0x000006
                   .cinit    romdata   0x00001e    program   0x00006e
              .code_TCP.o       code   0x00008c    program   0x004418
            .code_HTTP2.o       code   0x0044a4    program   0x001c28
    .romdata_DL_MPFSImg.o    romdata   0x0060cc    program   0x001687
         .idata_TFTPc.o_i    romdata   0x007753    program   0x000000
        .romdata_Telnet.o    romdata   0x007753    program   0x000000
        .idata_Telnet.o_i    romdata   0x007753    program   0x000000
.romdata_TCPPerformanceTest.o    romdata   0x007753    program   0x000000
         .romdata_TFTPc.o    romdata   0x007753    program   0x000000
          .romdata_Tick.o    romdata   0x007753    program   0x000000
.idata_TCPPerformanceTest.o_i    romdata   0x007753    program   0x000000
.idata_UART2TCPBridge.o_i    romdata   0x007753    program   0x000000
      .romdata_StackTsk.o    romdata   0x007753    program   0x000000
      .idata_StackTsk.o_i    romdata   0x007753    program   0x000001
        .romdata_SPIRAM.o    romdata   0x007753    program   0x000000
      .romdata_SPIFlash.o    romdata   0x007753    program   0x000000
     .romdata_SPIEEPROM.o    romdata   0x007753    program   0x000000
          .romdata_SNTP.o    romdata   0x007753    program   0x000000
          .romdata_SNMP.o    romdata   0x007753    program   0x000000
          .romdata_SMTP.o    romdata   0x007753    program   0x000000
        .romdata_Reboot.o    romdata   0x007753    program   0x000000
          .romdata_NBNS.o    romdata   0x007753    program   0x000000
         .romdata_MPFS2.o    romdata   0x007753    program   0x000000
   .romdata_LCDBlocking.o    romdata   0x007753    program   0x000000
            .romdata_IP.o    romdata   0x007753    program   0x000000
        .romdata___init.o    romdata   0x007753    program   0x000000
        .idata___init.o_i    romdata   0x007753    program   0x000000
      .romdata_fxd3232u.o    romdata   0x007753    program   0x000000
      .idata_fxd3232u.o_i    romdata   0x007753    program   0x000000
      .romdata_fxd1616u.o    romdata   0x007753    program   0x000000
      .idata_fxd1616u.o_i    romdata   0x007753    program   0x000000
    .romdata_ENCX24J600.o    romdata   0x007753    program   0x000000
    .romdata_UARTConfig.o    romdata   0x007753    program   0x000000
    .idata_UARTConfig.o_i    romdata   0x007753    program   0x000000
      .romdata_SMTPDemo.o    romdata   0x007753    program   0x000000
      .romdata_PingDemo.o    romdata   0x007753    program   0x000000
.romdata_GenericTCPServer.o    romdata   0x007753    program   0x000000
.romdata_GenericTCPClient.o    romdata   0x007753    program   0x000000
.romdata_BerkeleyUDPClientDemo.o    romdata   0x007753    program   0x000000
.romdata_BerkeleyTCPServerDemo.o    romdata   0x007753    program   0x000000
.romdata_BerkeleyTCPClientDemo.o    romdata   0x007753    program   0x000000
 .romdata_CustomSNMPApp.o    romdata   0x007753    program   0x000000
.romdata_UDPPerformanceTest.o    romdata   0x007753    program   0x000000
.idata_UDPPerformanceTest.o_i    romdata   0x007753    program   0x000000
           .romdata_UDP.o    romdata   0x007753    program   0x000000
           .idata_UDP.o_i    romdata   0x007753    program   0x000000
          .romdata_UART.o    romdata   0x007753    program   0x000000
          .idata_UART.o_i    romdata   0x007753    program   0x000000
.romdata_UART2TCPBridge.o    romdata   0x007753    program   0x000000
          .romdata_DNSs.o    romdata   0x007753    program   0x000000
           .romdata_DNS.o    romdata   0x007753    program   0x000000
         .romdata_DHCPs.o    romdata   0x007753    program   0x000000
        .romdata_DynDNS.o    romdata   0x007753    program   0x000000
          .romdata_DHCP.o    romdata   0x007753    program   0x000000
      .romdata_ENC28J60.o    romdata   0x007753    program   0x000000
         .romdata_Delay.o    romdata   0x007753    program   0x000000
           .romdata_FTP.o    romdata   0x007753    program   0x000000
   .romdata_BerkeleyAPI.o    romdata   0x007753    program   0x000000
        .romdata_Hashes.o    romdata   0x007753    program   0x000000
        .romdata_AutoIP.o    romdata   0x007753    program   0x000000
           .romdata_ARP.o    romdata   0x007753    program   0x000000
       .romdata_Helpers.o    romdata   0x007753    program   0x000000
      .romdata_Announce.o    romdata   0x007753    program   0x000000
         .idata_c018i.o_i    romdata   0x007753    program   0x000000
          .romdata_ICMP.o    romdata   0x007753    program   0x000000
         .romdata_c018i.o    romdata   0x007753    program   0x000000
            .code_MPFS2.o       code   0x007754    program   0x001472
         .code_ENC28J60.o       code   0x008bc6    program   0x0011e2
          .code_Helpers.o       code   0x009da8    program   0x000abc
    .code_CustomHTTPApp.o       code   0x00a864    program   0x0009cc
             .stringtable    romdata   0x00b230    program   0x000550
              .code_ARP.o       code   0x00b780    program   0x00048c
         .code_MainDemo.o       code   0x00bc0c    program   0x000334
               .code_IP.o       code   0x00bf40    program   0x00029e
                   STRING       code   0x00c1de    program   0x000298
         .code_StackTsk.o       code   0x00c476    program   0x000192
 .code_GenericTCPServer.o       code   0x00c608    program   0x00016c
             .code_Tick.o       code   0x00c774    program   0x0000ea
             .code_ICMP.o       code   0x00c85e    program   0x0000d4
                     PROG       code   0x00c932    program   0x0000ce
               _cinit_scn       code   0x00ca00    program   0x00009e
         .romdata_HTTP2.o    romdata   0x00ca9e    program   0x000072
         .code_fxd3232u.o       code   0x00cb10    program   0x000048
         .code_fxd1616u.o       code   0x00cb58    program   0x00002c
              D1KTCYXCODE       code   0x00cb84    program   0x000020
                    .code       code   0x00cba4    program   0x000020
             _startup_scn       code   0x00cbc4    program   0x00001c
           .romdata_TCP.o    romdata   0x00cbe0    program   0x000012
 .romdata_CustomHTTPApp.o    romdata   0x00cbf2    program   0x000006
           .idata_TCP.o_i    romdata   0x00cbf8    program   0x000002
          .idata_SMTP.o_i    romdata   0x00cbfa    program   0x000000
      .idata_MainDemo.o_i    romdata   0x00cbfa    program   0x000008
          .idata_SNMP.o_i    romdata   0x00cbfa    program   0x000000
          .idata_SNTP.o_i    romdata   0x00cbfa    program   0x000000
        .idata_Reboot.o_i    romdata   0x00cbfa    program   0x000000
     .idata_SPIEEPROM.o_i    romdata   0x00cbfa    program   0x000000
      .idata_PingDemo.o_i    romdata   0x00cbfa    program   0x000000
          .idata_NBNS.o_i    romdata   0x00cbfa    program   0x000000
        .idata_SPIRAM.o_i    romdata   0x00cbfa    program   0x000000
      .idata_SMTPDemo.o_i    romdata   0x00cbfa    program   0x000000
      .idata_SPIFlash.o_i    romdata   0x00cbfa    program   0x000000
            .idata_IP.o_i    romdata   0x00cc02    program   0x000002
   .idata_LCDBlocking.o_i    romdata   0x00cc02    program   0x000000
         .idata_MPFS2.o_i    romdata   0x00cc02    program   0x000000
          .idata_ICMP.o_i    romdata   0x00cc04    program   0x000000
       .idata_Helpers.o_i    romdata   0x00cc04    program   0x000004
         .idata_HTTP2.o_i    romdata   0x00cc08    program   0x000000
        .idata_Hashes.o_i    romdata   0x00cc08    program   0x000000
.idata_GenericTCPServer.o_i    romdata   0x00cc08    program   0x000001
    .idata_DL_MPFSImg.o_i    romdata   0x00cc09    program   0x000000
    .idata_ENCX24J600.o_i    romdata   0x00cc09    program   0x000000
.idata_GenericTCPClient.o_i    romdata   0x00cc09    program   0x000000
         .idata_Delay.o_i    romdata   0x00cc09    program   0x000000
           .idata_FTP.o_i    romdata   0x00cc09    program   0x000000
          .idata_DHCP.o_i    romdata   0x00cc09    program   0x000000
      .idata_ENC28J60.o_i    romdata   0x00cc09    program   0x000000
        .idata_DynDNS.o_i    romdata   0x00cc09    program   0x000000
         .idata_DHCPs.o_i    romdata   0x00cc09    program   0x000000
           .idata_DNS.o_i    romdata   0x00cc09    program   0x000000
 .idata_CustomHTTPApp.o_i    romdata   0x00cc09    program   0x000002
 .idata_CustomSNMPApp.o_i    romdata   0x00cc09    program   0x000000
          .idata_DNSs.o_i    romdata   0x00cc09    program   0x000000
           .idata_ARP.o_i    romdata   0x00cc0b    program   0x000001
.idata_BerkeleyUDPClientDemo.o_i    romdata   0x00cc0b    program   0x000000
.idata_BerkeleyTCPServerDemo.o_i    romdata   0x00cc0b    program   0x000000
.idata_BerkeleyTCPClientDemo.o_i    romdata   0x00cc0b    program   0x000000
   .idata_BerkeleyAPI.o_i    romdata   0x00cc0b    program   0x000000
      .idata_Announce.o_i    romdata   0x00cc0b    program   0x000000
        .idata_AutoIP.o_i    romdata   0x00cc0b    program   0x000000
              .code_UDP.o       code   0x00cc0c    program   0x000000
   .code_UART2TCPBridge.o       code   0x00cc0c    program   0x000000
            .code_DHCPs.o       code   0x00cc0c    program   0x000000
       .code_UARTConfig.o       code   0x00cc0c    program   0x000000
        .code_SPIEEPROM.o       code   0x00cc0c    program   0x000000
       .code_ENCX24J600.o       code   0x00cc0c    program   0x000000
      .code_LCDBlocking.o       code   0x00cc0c    program   0x000000
         .code_SMTPDemo.o       code   0x00cc0c    program   0x000000
       .code_DL_MPFSImg.o       code   0x00cc0c    program   0x000000
             .code_SNTP.o       code   0x00cc0c    program   0x000000
             .code_SNMP.o       code   0x00cc0c    program   0x000000
         .code_Announce.o       code   0x00cc0c    program   0x000000
             .code_SMTP.o       code   0x00cc0c    program   0x000000
             .code_UART.o       code   0x00cc0c    program   0x000000
           .code_Reboot.o       code   0x00cc0c    program   0x000000
             .code_NBNS.o       code   0x00cc0c    program   0x000000
             .code_DNSs.o       code   0x00cc0c    program   0x000000
              .code_DNS.o       code   0x00cc0c    program   0x000000
            .code_c018i.o       code   0x00cc0c    program   0x000000
             .code_DHCP.o       code   0x00cc0c    program   0x000000
    .code_CustomSNMPApp.o       code   0x00cc0c    program   0x000000
           .code_Telnet.o       code   0x00cc0c    program   0x000000
.code_TCPPerformanceTest.o       code   0x00cc0c    program   0x000000
           .code_DynDNS.o       code   0x00cc0c    program   0x000000
            .code_Delay.o       code   0x00cc0c    program   0x000000
            .code_TFTPc.o       code   0x00cc0c    program   0x000000
.code_BerkeleyTCPClientDemo.o       code   0x00cc0c    program   0x000000
.code_BerkeleyTCPServerDemo.o       code   0x00cc0c    program   0x000000
      .code_BerkeleyAPI.o       code   0x00cc0c    program   0x000000
.code_BerkeleyUDPClientDemo.o       code   0x00cc0c    program   0x000000
.code_UDPPerformanceTest.o       code   0x00cc0c    program   0x000000
              .code_FTP.o       code   0x00cc0c    program   0x000000
 .code_GenericTCPClient.o       code   0x00cc0c    program   0x000000
           .code_SPIRAM.o       code   0x00cc0c    program   0x000000
           .code_AutoIP.o       code   0x00cc0c    program   0x000000
         .code_PingDemo.o       code   0x00cc0c    program   0x000000
         .code_SPIFlash.o       code   0x00cc0c    program   0x000000
           .code_Hashes.o       code   0x00cc0c    program   0x000000
.config_300001_MainDemo.o    romdata   0x300001    program   0x000001
.config_300002_MainDemo.o    romdata   0x300002    program   0x000001
.config_300003_MainDemo.o    romdata   0x300003    program   0x000001
.config_300005_MainDemo.o    romdata   0x300005    program   0x000001
.config_300006_MainDemo.o    romdata   0x300006    program   0x000001
                MATH_DATA      udata   0x000000       data   0x000014
                 .tmpdata      udata   0x000014       data   0x00000c
                DELAYDAT1      udata   0x000020       data   0x000001
           .udata_MPFS2.o      udata   0x000060       data   0x000094
        .udata_StackTsk.o      udata   0x0000f4       data   0x00000b
.udata_GenericTCPServer.o      udata   0x0000ff       data   0x000001
   HTTP_CONNECTION_STATES      udata   0x000100       data   0x000083
        .udata_MainDemo.o      udata   0x000183       data   0x000041
       SYN_QUEUE_RAM_SECT      udata   0x0001c4       data   0x00003c
        .udata_ENC28J60.o      udata   0x000200       data   0x00003e
         .udata_Helpers.o      udata   0x00023e       data   0x00003a
           .udata_HTTP2.o      udata   0x000278       data   0x000014
              .udata_IP.o      udata   0x00028c       data   0x000012
   .udata_CustomHTTPApp.o      udata   0x00029e       data   0x000012
            .udata_Tick.o      udata   0x0002b0       data   0x00000a
        .idata_MainDemo.o      idata   0x0002ba       data   0x000008
            .udata_ICMP.o      udata   0x0002c2       data   0x000004
            .idata_Tick.o      idata   0x0002c6       data   0x000004
         .idata_Helpers.o      idata   0x0002ca       data   0x000004
              .idata_IP.o      idata   0x0002ce       data   0x000002
   .idata_CustomHTTPApp.o      idata   0x0002d0       data   0x000002
        .idata_StackTsk.o      idata   0x0002d2       data   0x000001
.idata_GenericTCPServer.o      idata   0x0002d3       data   0x000001
             .idata_ARP.o      idata   0x0002d4       data   0x000001
        .udata_fxd1616u.o      udata   0x0002d5       data   0x000000
          .idata_SPIRAM.o      idata   0x0002d5       data   0x000000
      .idata_DL_MPFSImg.o      idata   0x0002d5       data   0x000000
          .udata_SPIRAM.o      udata   0x0002d5       data   0x000000
        .idata_SPIFlash.o      idata   0x0002d5       data   0x000000
        .udata_SPIFlash.o      udata   0x0002d5       data   0x000000
       .idata_SPIEEPROM.o      idata   0x0002d5       data   0x000000
       .udata_SPIEEPROM.o      udata   0x0002d5       data   0x000000
            .idata_SNTP.o      idata   0x0002d5       data   0x000000
            .udata_SNTP.o      udata   0x0002d5       data   0x000000
.udata_TCPPerformanceTest.o      udata   0x0002d5       data   0x000000
            .idata_SNMP.o      idata   0x0002d5       data   0x000000
            .udata_SNMP.o      udata   0x0002d5       data   0x000000
            .idata_SMTP.o      idata   0x0002d5       data   0x000000
            .udata_SMTP.o      udata   0x0002d5       data   0x000000
          .idata_Reboot.o      idata   0x0002d5       data   0x000000
          .udata_Reboot.o      udata   0x0002d5       data   0x000000
        .idata_fxd1616u.o      idata   0x0002d5       data   0x000000
            .idata_NBNS.o      idata   0x0002d5       data   0x000000
        .udata_fxd3232u.o      udata   0x0002d5       data   0x000000
            .udata_NBNS.o      udata   0x0002d5       data   0x000000
           .idata_MPFS2.o      idata   0x0002d5       data   0x000000
        .idata_fxd3232u.o      idata   0x0002d5       data   0x000000
     .idata_LCDBlocking.o      idata   0x0002d5       data   0x000000
     .udata_LCDBlocking.o      udata   0x0002d5       data   0x000000
          .udata___init.o      udata   0x0002d5       data   0x000000
          .idata___init.o      idata   0x0002d5       data   0x000000
        .udata_SMTPDemo.o      udata   0x0002d5       data   0x000000
        .idata_PingDemo.o      idata   0x0002d5       data   0x000000
        .udata_PingDemo.o      udata   0x0002d5       data   0x000000
        .idata_SMTPDemo.o      idata   0x0002d5       data   0x000000
.idata_GenericTCPClient.o      idata   0x0002d5       data   0x000000
.udata_GenericTCPClient.o      udata   0x0002d5       data   0x000000
.idata_BerkeleyUDPClientDemo.o      idata   0x0002d5       data   0x000000
.udata_BerkeleyUDPClientDemo.o      udata   0x0002d5       data   0x000000
.idata_BerkeleyTCPServerDemo.o      idata   0x0002d5       data   0x000000
      .udata_UARTConfig.o      udata   0x0002d5       data   0x000000
.udata_BerkeleyTCPServerDemo.o      udata   0x0002d5       data   0x000000
.idata_BerkeleyTCPClientDemo.o      idata   0x0002d5       data   0x000000
.udata_BerkeleyTCPClientDemo.o      udata   0x0002d5       data   0x000000
      .idata_UARTConfig.o      idata   0x0002d5       data   0x000000
      .udata_ENCX24J600.o      udata   0x0002d5       data   0x000000
   .idata_CustomSNMPApp.o      idata   0x0002d5       data   0x000000
   .udata_CustomSNMPApp.o      udata   0x0002d5       data   0x000000
      .idata_ENCX24J600.o      idata   0x0002d5       data   0x000000
.idata_UDPPerformanceTest.o      idata   0x0002d5       data   0x000000
.udata_UDPPerformanceTest.o      udata   0x0002d5       data   0x000000
             .idata_UDP.o      idata   0x0002d5       data   0x000000
             .udata_UDP.o      udata   0x0002d5       data   0x000000
            .idata_UART.o      idata   0x0002d5       data   0x000000
            .udata_UART.o      udata   0x0002d5       data   0x000000
  .idata_UART2TCPBridge.o      idata   0x0002d5       data   0x000000
  .udata_UART2TCPBridge.o      udata   0x0002d5       data   0x000000
      .udata_DL_MPFSImg.o      udata   0x0002d5       data   0x000000
           .idata_TFTPc.o      idata   0x0002d5       data   0x000000
           .udata_TFTPc.o      udata   0x0002d5       data   0x000000
          .idata_Telnet.o      idata   0x0002d5       data   0x000000
          .udata_Telnet.o      udata   0x0002d5       data   0x000000
.idata_TCPPerformanceTest.o      idata   0x0002d5       data   0x000000
        .idata_Announce.o      idata   0x0002d5       data   0x000000
          .idata_Hashes.o      idata   0x0002d5       data   0x000000
          .udata_Hashes.o      udata   0x0002d5       data   0x000000
             .idata_FTP.o      idata   0x0002d5       data   0x000000
          .udata_AutoIP.o      udata   0x0002d5       data   0x000000
          .idata_AutoIP.o      idata   0x0002d5       data   0x000000
             .udata_FTP.o      udata   0x0002d5       data   0x000000
     .udata_BerkeleyAPI.o      udata   0x0002d5       data   0x000000
     .idata_BerkeleyAPI.o      idata   0x0002d5       data   0x000000
           .udata_Delay.o      udata   0x0002d5       data   0x000000
           .idata_Delay.o      idata   0x0002d5       data   0x000000
            .udata_DHCP.o      udata   0x0002d5       data   0x000000
            .idata_DHCP.o      idata   0x0002d5       data   0x000000
           .udata_DHCPs.o      udata   0x0002d5       data   0x000000
        .idata_ENC28J60.o      idata   0x0002d5       data   0x000000
          .idata_DynDNS.o      idata   0x0002d5       data   0x000000
          .udata_DynDNS.o      udata   0x0002d5       data   0x000000
            .idata_DNSs.o      idata   0x0002d5       data   0x000000
            .udata_DNSs.o      udata   0x0002d5       data   0x000000
             .idata_DNS.o      idata   0x0002d5       data   0x000000
             .udata_DNS.o      udata   0x0002d5       data   0x000000
           .idata_DHCPs.o      idata   0x0002d5       data   0x000000
            .idata_ICMP.o      idata   0x0002d5       data   0x000000
           .idata_c018i.o      idata   0x0002d5       data   0x000000
           .idata_HTTP2.o      idata   0x0002d5       data   0x000000
        .udata_Announce.o      udata   0x0002d5       data   0x000000
     TCP.o:TCPFindArrayEx     actrec   0x000c00       data   0x000030
  TCP.o:TCPFindROMArrayEx     actrec   0x000c00       data   0x000031
         TCP.o:TCPProcess     actrec   0x000c00       data   0x000025
  TCP.o:TCPAdjustFIFOSize     actrec   0x000c00       data   0x000006
      TCP.o:TCPRAMCopyROM     actrec   0x000c00       data   0x000012
     ENC28J60.o:GetCLKOUT     actrec   0x000c00       data   0x000001
         MPFS2.o:MPFSOpen     actrec   0x000c00       data   0x000018
    ENC28J60.o:ReadPHYReg     actrec   0x000c00       data   0x000002
         MPFS2.o:MPFSInit     actrec   0x000c00       data   0x000001
ENC28J60.o:SendSystemReset     actrec   0x000c00       data   0x000005
     Tick.o:TickGetDiv64K     actrec   0x000c00       data   0x000004
ENC28J60.o:MACPutROMArray     actrec   0x000c00       data   0x000001
     HTTP2.o:HTTPLoadConn     actrec   0x000c00       data   0x000002
GenericTCPServer.o:GenericTCPServer     actrec   0x000c00       data   0x00002b
CustomHTTPApp.o:HTTPExecuteGet     actrec   0x000c00       data   0x000016
CustomHTTPApp.o:HTTPPrint_pot     actrec   0x000c00       data   0x00000a
CustomHTTPApp.o:HTTPPrintIP     actrec   0x000c00       data   0x000005
CustomHTTPApp.o:HTTPPrint_config_mac     actrec   0x000c00       data   0x000001
  ENC28J60.o:MACGetHeader     actrec   0x000c00       data   0x000015
MainDemo.o:DisplayIPValue     actrec   0x000c00       data   0x000005
     MainDemo.o:ProcessIO     actrec   0x000c00       data   0x000001
     HTTP2.o:HTTPSendFile     actrec   0x000c00       data   0x000045
         IP.o:IPGetHeader     actrec   0x000c00       data   0x000016
    HTTP2.o:HTTPURLDecode     actrec   0x000c00       data   0x000009
      HTTP2.o:HTTPIncFile     actrec   0x000c00       data   0x000045
       ICMP.o:ICMPProcess     actrec   0x000c00       data   0x000004
         ARP.o:ARPResolve     actrec   0x000c00       data   0x00001c
         ARP.o:ARPProcess     actrec   0x000c00       data   0x00001c
         HTTP2.o:HTTPInit     actrec   0x000c00       data   0x000002
      Helpers.o:strncpy_m     actrec   0x000c00       data   0x000008
Helpers.o:GenerateRandomDWORD     actrec   0x000c00       data   0x000014
Helpers.o:StringToIPAddress     actrec   0x000c00       data   0x000007
   TCP.o:TCPGetTxFIFOFull     actrec   0x000c00       data   0x000004
             TCP.o:TCPGet     actrec   0x000c00       data   0x000002
Helpers.o:ROMStringToIPAddress     actrec   0x000c00       data   0x000007
 Helpers.o:stricmppgm2ram     actrec   0x000c00       data   0x000002
         ARP.o:ARPSendPkt     actrec   0x000c00       data   0x00001c
        Helpers.o:strnchr     actrec   0x000c00       data   0x000001
Helpers.o:leftRotateDWORD     actrec   0x000c00       data   0x000002
   TCP.o:TCPGetRxFIFOFree     actrec   0x000c00       data   0x000004
       TCP.o:TCPPeekArray     actrec   0x000c00       data   0x000006
Helpers.o:FormatNetBIOSName     actrec   0x000c00       data   0x000001
    ENC28J60.o:ReadMACReg     actrec   0x000c02       data   0x000001
       ENC28J60.o:MACInit     actrec   0x000c05       data   0x000001
             TCP.o:TCPPut     actrec   0x000c05       data   0x000002
            TCP.o:TCPPeek     actrec   0x000c06       data   0x000001
          Helpers.o:uitoa     actrec   0x000c0a       data   0x000006
     TCP.o:TCPPutROMArray     actrec   0x000c12       data   0x000006
            TCP.o:TCPInit     actrec   0x000c14       data   0x00000b
  MPFS2.o:MPFSGetFilename     actrec   0x000c16       data   0x000004
ENC28J60.o:MACCalcRxChecksum     actrec   0x000c16       data   0x000004
CustomHTTPApp.o:HTTPPrint_uploadedmd5     actrec   0x000c18       data   0x000001
CustomHTTPApp.o:HTTPPrint_cookiename     actrec   0x000c18       data   0x000002
CustomHTTPApp.o:HTTPPrint_hellomsg     actrec   0x000c18       data   0x000002
CustomHTTPApp.o:HTTPPrint_lcdtext     actrec   0x000c18       data   0x000002
            TCP.o:TCPTick     actrec   0x000c1c       data   0x000006
   Helpers.o:LFSRSeedRand     actrec   0x000c1f       data   0x000005
       TCP.o:HandleTCPSeg     actrec   0x000c25       data   0x00001c
  ENC28J60.o:MACDiscardRx     actrec   0x000c25       data   0x000002
 TCP.o:FindMatchingSocket     actrec   0x000c25       data   0x000006
        TCP.o:TCPGetArray     actrec   0x000c2b       data   0x000004
            TCP.o:TCPOpen     actrec   0x000c2b       data   0x000001
TCP.o:GetMaxSegSizeOption     actrec   0x000c41       data   0x000004
       Helpers.o:LFSRRand     actrec   0x000c41       data   0x000001
      MPFS2.o:MPFSOpenROM     actrec   0x000c45       data   0x000019
         MPFS2.o:MPFSSeek     actrec   0x000c45       data   0x000004
ENC28J60.o:MACSetReadPtrInRx     actrec   0x000c45       data   0x000002
            TCP.o:SendTCP     actrec   0x000c45       data   0x000028
     Tick.o:TickGetDiv256     actrec   0x000c45       data   0x000004
       MPFS2.o:MPFSOpenID     actrec   0x000c45       data   0x000001
      TCP.o:TCPIsPutReady     actrec   0x000c45       data   0x000001
     MPFS2.o:MPFSGetArray     actrec   0x000c5e       data   0x000004
          MPFS2.o:MPFSGet     actrec   0x000c5e       data   0x000004
         IP.o:IPPutHeader     actrec   0x000c6d       data   0x000014
           Tick.o:TickGet     actrec   0x000c6d       data   0x000004
ENC28J60.o:MACGetFreeRxSize     actrec   0x000c6d       data   0x000004
      ENC28J60.o:MACFlush     actrec   0x000c6d       data   0x00000e
ENC28J60.o:MACMemCopyAsync     actrec   0x000c6d       data   0x000006
ENC28J60.o:MACSetWritePtr     actrec   0x000c6d       data   0x000002
 ENC28J60.o:MACSetReadPtr     actrec   0x000c6d       data   0x000002
ENC28J60.o:CalcIPBufferChecksum     actrec   0x000c6d       data   0x00001e
        ENC28J60.o:MACGet     actrec   0x000c73       data   0x000001
        ENC28J60.o:BFCReg     actrec   0x000c7b       data   0x000001
        ENC28J60.o:BFSReg     actrec   0x000c7b       data   0x000001
        ENC28J60.o:MACPut     actrec   0x000c81       data   0x000001
   ENC28J60.o:MACPutArray     actrec   0x000c81       data   0x000001
 Helpers.o:CalcIPChecksum     actrec   0x000c81       data   0x000008
          Helpers.o:swaps     actrec   0x000c81       data   0x000003
      HTTP2.o:HTTPProcess     actrec   0x000c8b       data   0x000019
     StackTsk.o:StackTask     actrec   0x000c8b       data   0x000008
        TCP.o:TCPPutArray     actrec   0x000ca4       data   0x000006
   ENC28J60.o:MACGetArray     actrec   0x000caa       data   0x000003
    ENC28J60.o:ReadETHReg     actrec   0x000caa       data   0x000001
      ENC28J60.o:WriteReg     actrec   0x000caa       data   0x000001
       HTTP2.o:HTTPServer     actrec   0x000cad       data   0x000001
                   .stack      udata   0x000d00       data   0x000100
             .udata_TCP.o      udata   0x000e00       data   0x0000cf
             .udata_ARP.o      udata   0x000ecf       data   0x000027
                 TCB_uRAM      udata   0x000f00       data   0x000054
           .udata_c018i.o      udata   0x000f54       data   0x00000a
             .idata_TCP.o      idata   0x000f5e       data   0x000002
            SFR_UNBANKED0      udata   0x000f77       data   0x000089



                              Program Memory Usage 
                               Start         End      
                           ---------   ---------      
                            0x000000    0x00cc0b      
                            0x300001    0x300003      
                            0x300005    0x300006      
            52241 out of 66584 program addresses used, program memory utilization is 78%



                              Symbols - Sorted by Name
                     Name    Address   Location    Storage File                     
                ---------  ---------  ---------  --------- ---------                
                  ARPInit   0x00b8d6    program     extern C:\microchip\mla\v2013-06-15\Microchip\TCPIP Stack\ARP.c
            ARPIsResolved   0x00bac2    program     extern C:\microchip\mla\v2013-06-15\Microchip\TCPIP Stack\ARP.c
               ARPProcess   0x00b8ee    program     extern C:\microchip\mla\v2013-06-15\Microchip\TCPIP Stack\ARP.c
                   ARPPut   0x00b7c6    program     static C:\microchip\mla\v2013-06-15\Microchip\TCPIP Stack\ARP.c
               ARPResolve   0x00ba3a    program     extern C:\microchip\mla\v2013-06-15\Microchip\TCPIP Stack\ARP.c
               ARPSendPkt   0x00b780    program     extern C:\microchip\mla\v2013-06-15\Microchip\TCPIP Stack\ARP.c
                   BFCReg   0x009c2e    program     static C:\microchip\mla\v2013-06-15\Microchip\TCPIP Stack\ENC28J60.c
                   BFSReg   0x009c56    program     static C:\microchip\mla\v2013-06-15\Microchip\TCPIP Stack\ENC28J60.c
                  BankSel   0x009cd4    program     static C:\microchip\mla\v2013-06-15\Microchip\TCPIP Stack\ENC28J60.c
     CalcIPBufferChecksum   0x009548    program     extern C:\microchip\mla\v2013-06-15\Microchip\TCPIP Stack\ENC28J60.c
           CalcIPChecksum   0x00a572    program     extern C:\microchip\mla\v2013-06-15\Microchip\TCPIP Stack\Helpers.c
              CloseSocket   0x002f2a    program     static C:\microchip\mla\v2013-06-15\Microchip\TCPIP Stack\TCP.c
                    D1K_1   0x00cb90    program     static C:\MCC18\src\traditional\delays\d1ktcyx.asm
                     D1Kx   0x00cb8e    program     static C:\MCC18\src\traditional\delays\d1ktcyx.asm
              Delay1KTCYx   0x00cb84    program     extern C:\MCC18\src\traditional\delays\d1ktcyx.asm
           DisplayIPValue   0x00bd98    program     extern C:\microchip\mla\v2013-06-15\TCPIP\tcpip_18f26k20_demo_app\MainDemo.c
                 FXD1616U   0x00cb58    program     extern C:\MCC18\src\traditional\math\fxd1616u.c
                 FXD3232U   0x00cb10    program     extern C:\MCC18\src\traditional\math\fxd3232u.c
                 FXM1616U   0x00c932    program     extern C:\MCC18\src\traditional\math\fxm1616u.asm
                 FXM2424U   0x00c96e    program     extern C:\MCC18\src\traditional\math\fxm2424u.asm
       FindMatchingSocket   0x002820    program     static C:\microchip\mla\v2013-06-15\Microchip\TCPIP Stack\TCP.c
        FormatNetBIOSName   0x00a6b4    program     extern C:\microchip\mla\v2013-06-15\Microchip\TCPIP Stack\Helpers.c
      GenerateRandomDWORD   0x009e8a    program     extern C:\microchip\mla\v2013-06-15\Microchip\TCPIP Stack\Helpers.c
         GenericTCPServer   0x00c608    program     extern C:\microchip\mla\v2013-06-15\TCPIP\tcpip_18f26k20_demo_app\GenericTCPServer.c
                GetCLKOUT   0x009d7e    program     extern C:\microchip\mla\v2013-06-15\Microchip\TCPIP Stack\ENC28J60.c
      GetMaxSegSizeOption   0x002fb4    program     static C:\microchip\mla\v2013-06-15\Microchip\TCPIP Stack\TCP.c
              GetTickCopy   0x00c784    program     static C:\microchip\mla\v2013-06-15\Microchip\TCPIP Stack\Tick.c
          HTML_DOWN_ARROW   0x00cbf5    program     extern C:\microchip\mla\v2013-06-15\TCPIP\tcpip_18f26k20_demo_app\CustomHTTPApp.c
            HTML_UP_ARROW   0x00cbf2    program     extern C:\microchip\mla\v2013-06-15\TCPIP\tcpip_18f26k20_demo_app\CustomHTTPApp.c
           HTTPExecuteGet   0x00a864    program     extern C:\microchip\mla\v2013-06-15\TCPIP\tcpip_18f26k20_demo_app\CustomHTTPApp.c
               HTTPGetArg   0x005dca    program     extern C:\microchip\mla\v2013-06-15\Microchip\TCPIP Stack\HTTP2.c
            HTTPGetROMArg   0x005e84    program     extern C:\microchip\mla\v2013-06-15\Microchip\TCPIP Stack\HTTP2.c
    HTTPHeaderParseLookup   0x005caa    program     static C:\microchip\mla\v2013-06-15\Microchip\TCPIP Stack\HTTP2.c
              HTTPIncFile   0x005f7a    program     extern C:\microchip\mla\v2013-06-15\Microchip\TCPIP Stack\HTTP2.c
                 HTTPInit   0x0045a0    program     extern C:\microchip\mla\v2013-06-15\Microchip\TCPIP Stack\HTTP2.c
             HTTPLoadConn   0x004776    program     static C:\microchip\mla\v2013-06-15\Microchip\TCPIP Stack\HTTP2.c
                HTTPPrint   0x0044a4    program     extern C:\microchip\mla\v2013-06-15\TCPIP\tcpip_18f26k20_demo_app\HTTPPrint.h
              HTTPPrintIP   0x00adc4    program     extern C:\microchip\mla\v2013-06-15\TCPIP\tcpip_18f26k20_demo_app\CustomHTTPApp.c
               HTTPPrint_   0x004576    program     extern C:\microchip\mla\v2013-06-15\TCPIP\tcpip_18f26k20_demo_app\HTTPPrint.h
            HTTPPrint_btn   0x00aa12    program     extern C:\microchip\mla\v2013-06-15\TCPIP\tcpip_18f26k20_demo_app\CustomHTTPApp.c
      HTTPPrint_builddate   0x00a930    program     extern C:\microchip\mla\v2013-06-15\TCPIP\tcpip_18f26k20_demo_app\CustomHTTPApp.c
HTTPPrint_config_dhcpchecked   0x00ae7c    program     extern C:\microchip\mla\v2013-06-15\TCPIP\tcpip_18f26k20_demo_app\CustomHTTPApp.c
    HTTPPrint_config_dns1   0x00aef6    program     extern C:\microchip\mla\v2013-06-15\TCPIP\tcpip_18f26k20_demo_app\CustomHTTPApp.c
    HTTPPrint_config_dns2   0x00af0c    program     extern C:\microchip\mla\v2013-06-15\TCPIP\tcpip_18f26k20_demo_app\CustomHTTPApp.c
      HTTPPrint_config_gw   0x00aeca    program     extern C:\microchip\mla\v2013-06-15\TCPIP\tcpip_18f26k20_demo_app\CustomHTTPApp.c
HTTPPrint_config_hostname   0x00ae4e    program     extern C:\microchip\mla\v2013-06-15\TCPIP\tcpip_18f26k20_demo_app\CustomHTTPApp.c
      HTTPPrint_config_ip   0x00aeb4    program     extern C:\microchip\mla\v2013-06-15\TCPIP\tcpip_18f26k20_demo_app\CustomHTTPApp.c
     HTTPPrint_config_mac   0x00af22    program     extern C:\microchip\mla\v2013-06-15\TCPIP\tcpip_18f26k20_demo_app\CustomHTTPApp.c
  HTTPPrint_config_subnet   0x00aee0    program     extern C:\microchip\mla\v2013-06-15\TCPIP\tcpip_18f26k20_demo_app\CustomHTTPApp.c
     HTTPPrint_cookiename   0x00abd0    program     extern C:\microchip\mla\v2013-06-15\TCPIP\tcpip_18f26k20_demo_app\CustomHTTPApp.c
      HTTPPrint_ddns_host   0x00b054    program     extern C:\microchip\mla\v2013-06-15\TCPIP\tcpip_18f26k20_demo_app\CustomHTTPApp.c
      HTTPPrint_ddns_pass   0x00b052    program     extern C:\microchip\mla\v2013-06-15\TCPIP\tcpip_18f26k20_demo_app\CustomHTTPApp.c
   HTTPPrint_ddns_service   0x00b056    program     extern C:\microchip\mla\v2013-06-15\TCPIP\tcpip_18f26k20_demo_app\CustomHTTPApp.c
    HTTPPrint_ddns_status   0x00b058    program     extern C:\microchip\mla\v2013-06-15\TCPIP\tcpip_18f26k20_demo_app\CustomHTTPApp.c
HTTPPrint_ddns_status_msg   0x00b086    program     extern C:\microchip\mla\v2013-06-15\TCPIP\tcpip_18f26k20_demo_app\CustomHTTPApp.c
      HTTPPrint_ddns_user   0x00b050    program     extern C:\microchip\mla\v2013-06-15\TCPIP\tcpip_18f26k20_demo_app\CustomHTTPApp.c
       HTTPPrint_hellomsg   0x00ab4a    program     extern C:\microchip\mla\v2013-06-15\TCPIP\tcpip_18f26k20_demo_app\CustomHTTPApp.c
        HTTPPrint_lcdtext   0x00aaf0    program     extern C:\microchip\mla\v2013-06-15\TCPIP\tcpip_18f26k20_demo_app\CustomHTTPApp.c
            HTTPPrint_led   0x00aa16    program     extern C:\microchip\mla\v2013-06-15\TCPIP\tcpip_18f26k20_demo_app\CustomHTTPApp.c
    HTTPPrint_ledSelected   0x00aa50    program     extern C:\microchip\mla\v2013-06-15\TCPIP\tcpip_18f26k20_demo_app\CustomHTTPApp.c
            HTTPPrint_pot   0x00aaa2    program     extern C:\microchip\mla\v2013-06-15\TCPIP\tcpip_18f26k20_demo_app\CustomHTTPApp.c
      HTTPPrint_read_comm   0x00b01e    program     extern C:\microchip\mla\v2013-06-15\TCPIP\tcpip_18f26k20_demo_app\CustomHTTPApp.c
         HTTPPrint_reboot   0x00b022    program     extern C:\microchip\mla\v2013-06-15\TCPIP\tcpip_18f26k20_demo_app\CustomHTTPApp.c
     HTTPPrint_rebootaddr   0x00b026    program     extern C:\microchip\mla\v2013-06-15\TCPIP\tcpip_18f26k20_demo_app\CustomHTTPApp.c
       HTTPPrint_smtps_en   0x00b100    program     extern C:\microchip\mla\v2013-06-15\TCPIP\tcpip_18f26k20_demo_app\CustomHTTPApp.c
        HTTPPrint_snmp_en   0x00b12e    program     extern C:\microchip\mla\v2013-06-15\TCPIP\tcpip_18f26k20_demo_app\CustomHTTPApp.c
    HTTPPrint_status_fail   0x00b1c6    program     extern C:\microchip\mla\v2013-06-15\TCPIP\tcpip_18f26k20_demo_app\CustomHTTPApp.c
      HTTPPrint_status_ok   0x00b15c    program     extern C:\microchip\mla\v2013-06-15\TCPIP\tcpip_18f26k20_demo_app\CustomHTTPApp.c
   HTTPPrint_uploadeImage   0x00ac58    program     extern C:\microchip\mla\v2013-06-15\TCPIP\tcpip_18f26k20_demo_app\CustomHTTPApp.c
    HTTPPrint_uploadedmd5   0x00ac5c    program     extern C:\microchip\mla\v2013-06-15\TCPIP\tcpip_18f26k20_demo_app\CustomHTTPApp.c
        HTTPPrint_version   0x00a9e4    program     extern C:\microchip\mla\v2013-06-15\TCPIP\tcpip_18f26k20_demo_app\CustomHTTPApp.c
     HTTPPrint_write_comm   0x00b020    program     extern C:\microchip\mla\v2013-06-15\TCPIP\tcpip_18f26k20_demo_app\CustomHTTPApp.c
              HTTPProcess   0x00482c    program     static C:\microchip\mla\v2013-06-15\Microchip\TCPIP Stack\HTTP2.c
       HTTPRequestHeaders   0x00cb07    program     static C:\microchip\mla\v2013-06-15\Microchip\TCPIP Stack\HTTP2.c
      HTTPResponseHeaders   0x00cae9    program     static C:\microchip\mla\v2013-06-15\Microchip\TCPIP Stack\HTTP2.c
             HTTPSendFile   0x005a98    program     static C:\microchip\mla\v2013-06-15\Microchip\TCPIP Stack\HTTP2.c
               HTTPServer   0x00465e    program     extern C:\microchip\mla\v2013-06-15\Microchip\TCPIP Stack\HTTP2.c
            HTTPURLDecode   0x005cac    program     extern C:\microchip\mla\v2013-06-15\Microchip\TCPIP Stack\HTTP2.c
                HTTP_CRLF   0x00ca9e    program     static C:\microchip\mla\v2013-06-15\Microchip\TCPIP Stack\HTTP2.c
             HandleTCPSeg   0x0030bc    program     static C:\microchip\mla\v2013-06-15\Microchip\TCPIP Stack\TCP.c
                  HighISR   0x00bcc6    program     extern C:\microchip\mla\v2013-06-15\TCPIP\tcpip_18f26k20_demo_app\MainDemo.c
               HighVector   0x000008    program     extern C:\microchip\mla\v2013-06-15\TCPIP\tcpip_18f26k20_demo_app\MainDemo.c
              ICMPProcess   0x00c85e    program     extern C:\microchip\mla\v2013-06-15\Microchip\TCPIP Stack\ICMP.c
              IPGetHeader   0x00bf40    program     extern C:\microchip\mla\v2013-06-15\Microchip\TCPIP Stack\IP.c
              IPPutHeader   0x00c034    program     extern C:\microchip\mla\v2013-06-15\Microchip\TCPIP Stack\IP.c
            IPSetRxBuffer   0x00c11c    program     extern C:\microchip\mla\v2013-06-15\Microchip\TCPIP Stack\IP.c
            InitAppConfig   0x00be3e    program     static C:\microchip\mla\v2013-06-15\TCPIP\tcpip_18f26k20_demo_app\MainDemo.c
          InitializeBoard   0x00be12    program     static C:\microchip\mla\v2013-06-15\TCPIP\tcpip_18f26k20_demo_app\MainDemo.c
                 LFSRRand   0x009e04    program     extern C:\microchip\mla\v2013-06-15\Microchip\TCPIP Stack\Helpers.c
             LFSRSeedRand   0x009da8    program     extern C:\microchip\mla\v2013-06-15\Microchip\TCPIP Stack\Helpers.c
                   LowISR   0x00bc0c    program     extern C:\microchip\mla\v2013-06-15\TCPIP\tcpip_18f26k20_demo_app\MainDemo.c
                LowVector   0x000018    program     extern C:\microchip\mla\v2013-06-15\TCPIP\tcpip_18f26k20_demo_app\MainDemo.c
        MACCalcRxChecksum   0x00949c    program     extern C:\microchip\mla\v2013-06-15\Microchip\TCPIP Stack\ENC28J60.c
             MACDiscardRx   0x008e50    program     extern C:\microchip\mla\v2013-06-15\Microchip\TCPIP Stack\ENC28J60.c
                 MACFlush   0x0091be    program     extern C:\microchip\mla\v2013-06-15\Microchip\TCPIP Stack\ENC28J60.c
                   MACGet   0x00995a    program     extern C:\microchip\mla\v2013-06-15\Microchip\TCPIP Stack\ENC28J60.c
              MACGetArray   0x009982    program     extern C:\microchip\mla\v2013-06-15\Microchip\TCPIP Stack\ENC28J60.c
         MACGetFreeRxSize   0x008ec2    program     extern C:\microchip\mla\v2013-06-15\Microchip\TCPIP Stack\ENC28J60.c
             MACGetHeader   0x008fde    program     extern C:\microchip\mla\v2013-06-15\Microchip\TCPIP Stack\ENC28J60.c
                  MACInit   0x008bc6    program     extern C:\microchip\mla\v2013-06-15\Microchip\TCPIP Stack\ENC28J60.c
              MACIsLinked   0x008e14    program     extern C:\microchip\mla\v2013-06-15\Microchip\TCPIP Stack\ENC28J60.c
         MACIsMemCopyDone   0x009940    program     extern C:\microchip\mla\v2013-06-15\Microchip\TCPIP Stack\ENC28J60.c
             MACIsTxReady   0x008e34    program     extern C:\microchip\mla\v2013-06-15\Microchip\TCPIP Stack\ENC28J60.c
          MACMemCopyAsync   0x009680    program     extern C:\microchip\mla\v2013-06-15\Microchip\TCPIP Stack\ENC28J60.c
             MACPowerDown   0x009cf0    program     extern C:\microchip\mla\v2013-06-15\Microchip\TCPIP Stack\ENC28J60.c
               MACPowerUp   0x009d2e    program     extern C:\microchip\mla\v2013-06-15\Microchip\TCPIP Stack\ENC28J60.c
                   MACPut   0x0099fe    program     extern C:\microchip\mla\v2013-06-15\Microchip\TCPIP Stack\ENC28J60.c
              MACPutArray   0x009a22    program     extern C:\microchip\mla\v2013-06-15\Microchip\TCPIP Stack\ENC28J60.c
             MACPutHeader   0x009130    program     extern C:\microchip\mla\v2013-06-15\Microchip\TCPIP Stack\ENC28J60.c
           MACPutROMArray   0x009a62    program     extern C:\microchip\mla\v2013-06-15\Microchip\TCPIP Stack\ENC28J60.c
            MACSetReadPtr   0x009460    program     extern C:\microchip\mla\v2013-06-15\Microchip\TCPIP Stack\ENC28J60.c
        MACSetReadPtrInRx   0x0093be    program     extern C:\microchip\mla\v2013-06-15\Microchip\TCPIP Stack\ENC28J60.c
           MACSetWritePtr   0x009420    program     extern C:\microchip\mla\v2013-06-15\Microchip\TCPIP Stack\ENC28J60.c
                MPFSClose   0x007dd6    program     extern C:\microchip\mla\v2013-06-15\Microchip\TCPIP Stack\MPFS2.c
                  MPFSGet   0x007e18    program     extern C:\microchip\mla\v2013-06-15\Microchip\TCPIP Stack\MPFS2.c
             MPFSGetArray   0x007f92    program     extern C:\microchip\mla\v2013-06-15\Microchip\TCPIP Stack\MPFS2.c
          MPFSGetBytesRem   0x0087da    program     extern C:\microchip\mla\v2013-06-15\Microchip\TCPIP Stack\MPFS2.c
           MPFSGetEndAddr   0x008914    program     extern C:\microchip\mla\v2013-06-15\Microchip\TCPIP Stack\MPFS2.c
          MPFSGetFilename   0x0089d0    program     extern C:\microchip\mla\v2013-06-15\Microchip\TCPIP Stack\MPFS2.c
             MPFSGetFlags   0x0086b6    program     extern C:\microchip\mla\v2013-06-15\Microchip\TCPIP Stack\MPFS2.c
                MPFSGetID   0x008b12    program     extern C:\microchip\mla\v2013-06-15\Microchip\TCPIP Stack\MPFS2.c
              MPFSGetLong   0x0081a4    program     extern C:\microchip\mla\v2013-06-15\Microchip\TCPIP Stack\MPFS2.c
         MPFSGetMicrotime   0x00861c    program     extern C:\microchip\mla\v2013-06-15\Microchip\TCPIP Stack\MPFS2.c
          MPFSGetPosition   0x008a92    program     extern C:\microchip\mla\v2013-06-15\Microchip\TCPIP Stack\MPFS2.c
              MPFSGetSize   0x008740    program     extern C:\microchip\mla\v2013-06-15\Microchip\TCPIP Stack\MPFS2.c
         MPFSGetStartAddr   0x00887a    program     extern C:\microchip\mla\v2013-06-15\Microchip\TCPIP Stack\MPFS2.c
         MPFSGetTimestamp   0x008582    program     extern C:\microchip\mla\v2013-06-15\Microchip\TCPIP Stack\MPFS2.c
                 MPFSInit   0x007754    program     extern C:\microchip\mla\v2013-06-15\Microchip\TCPIP Stack\MPFS2.c
                 MPFSOpen   0x0077a2    program     extern C:\microchip\mla\v2013-06-15\Microchip\TCPIP Stack\MPFS2.c
               MPFSOpenID   0x007cc6    program     extern C:\microchip\mla\v2013-06-15\Microchip\TCPIP Stack\MPFS2.c
              MPFSOpenROM   0x007a1e    program     extern C:\microchip\mla\v2013-06-15\Microchip\TCPIP Stack\MPFS2.c
                 MPFSSeek   0x0081d6    program     extern C:\microchip\mla\v2013-06-15\Microchip\TCPIP Stack\MPFS2.c
              MPFS_000001   0x0064cc    program     extern C:\microchip\mla\v2013-06-15\TCPIP\tcpip_18f26k20_demo_app\DL_MPFSImg.c
              MPFS_000002   0x0068cc    program     extern C:\microchip\mla\v2013-06-15\TCPIP\tcpip_18f26k20_demo_app\DL_MPFSImg.c
              MPFS_000003   0x006ccc    program     extern C:\microchip\mla\v2013-06-15\TCPIP\tcpip_18f26k20_demo_app\DL_MPFSImg.c
              MPFS_000004   0x0070cc    program     extern C:\microchip\mla\v2013-06-15\TCPIP\tcpip_18f26k20_demo_app\DL_MPFSImg.c
              MPFS_000005   0x0074cc    program     extern C:\microchip\mla\v2013-06-15\TCPIP\tcpip_18f26k20_demo_app\DL_MPFSImg.c
               MPFS_Start   0x0060cc    program     extern C:\microchip\mla\v2013-06-15\TCPIP\tcpip_18f26k20_demo_app\DL_MPFSImg.c
                ProcessIO   0x00bdea    program     static C:\microchip\mla\v2013-06-15\TCPIP\tcpip_18f26k20_demo_app\MainDemo.c
     ROMStringToIPAddress   0x00a184    program     extern C:\microchip\mla\v2013-06-15\Microchip\TCPIP Stack\Helpers.c
               ReadETHReg   0x009b20    program     static C:\microchip\mla\v2013-06-15\Microchip\TCPIP Stack\ENC28J60.c
               ReadMACReg   0x009b48    program     static C:\microchip\mla\v2013-06-15\Microchip\TCPIP Stack\ENC28J60.c
               ReadPHYReg   0x009b7c    program     extern C:\microchip\mla\v2013-06-15\Microchip\TCPIP Stack\ENC28J60.c
          SendSystemReset   0x009aaa    program     static C:\microchip\mla\v2013-06-15\Microchip\TCPIP Stack\ENC28J60.c
                  SendTCP   0x002294    program     static C:\microchip\mla\v2013-06-15\Microchip\TCPIP Stack\TCP.c
     SerializedMACAddress   0x00000e    program     static C:\microchip\mla\v2013-06-15\TCPIP\tcpip_18f26k20_demo_app\MainDemo.c
                SetCLKOUT   0x009d5c    program     extern C:\microchip\mla\v2013-06-15\Microchip\TCPIP Stack\ENC28J60.c
        StackApplications   0x00c604    program     extern C:\microchip\mla\v2013-06-15\Microchip\TCPIP Stack\StackTsk.c
                StackInit   0x00c476    program     extern C:\microchip\mla\v2013-06-15\Microchip\TCPIP Stack\StackTsk.c
                StackTask   0x00c4ae    program     extern C:\microchip\mla\v2013-06-15\Microchip\TCPIP Stack\StackTsk.c
        StringToIPAddress   0x009fce    program     extern C:\microchip\mla\v2013-06-15\Microchip\TCPIP Stack\Helpers.c
            SwapARPPacket   0x00bb6e    program     extern C:\microchip\mla\v2013-06-15\Microchip\TCPIP Stack\ARP.c
             SwapIPHeader   0x00c134    program     static C:\microchip\mla\v2013-06-15\Microchip\TCPIP Stack\IP.c
            SwapTCPHeader   0x002d74    program     static C:\microchip\mla\v2013-06-15\Microchip\TCPIP Stack\TCP.c
                  SyncTCB   0x00011a    program     static C:\microchip\mla\v2013-06-15\Microchip\TCPIP Stack\TCP.c
              SyncTCBStub   0x00008c    program     static C:\microchip\mla\v2013-06-15\Microchip\TCPIP Stack\TCP.c
        TCPAdjustFIFOSize   0x00408e    program     extern C:\microchip\mla\v2013-06-15\Microchip\TCPIP Stack\TCP.c
                 TCPClose   0x000722    program     extern C:\microchip\mla\v2013-06-15\Microchip\TCPIP Stack\TCP.c
               TCPDiscard   0x000dc8    program     extern C:\microchip\mla\v2013-06-15\Microchip\TCPIP Stack\TCP.c
            TCPDisconnect   0x000654    program     extern C:\microchip\mla\v2013-06-15\Microchip\TCPIP Stack\TCP.c
           TCPFindArrayEx   0x001286    program     extern C:\microchip\mla\v2013-06-15\Microchip\TCPIP Stack\TCP.c
                TCPFindEx   0x0019c4    program     extern C:\microchip\mla\v2013-06-15\Microchip\TCPIP Stack\TCP.c
        TCPFindROMArrayEx   0x00160a    program     extern C:\microchip\mla\v2013-06-15\Microchip\TCPIP Stack\TCP.c
                 TCPFlush   0x0007a6    program     extern C:\microchip\mla\v2013-06-15\Microchip\TCPIP Stack\TCP.c
                   TCPGet   0x000e7a    program     extern C:\microchip\mla\v2013-06-15\Microchip\TCPIP Stack\TCP.c
              TCPGetArray   0x000f26    program     extern C:\microchip\mla\v2013-06-15\Microchip\TCPIP Stack\TCP.c
         TCPGetRemoteInfo   0x000748    program     extern C:\microchip\mla\v2013-06-15\Microchip\TCPIP Stack\TCP.c
         TCPGetRxFIFOFree   0x00108c    program     extern C:\microchip\mla\v2013-06-15\Microchip\TCPIP Stack\TCP.c
         TCPGetTxFIFOFull   0x000d64    program     extern C:\microchip\mla\v2013-06-15\Microchip\TCPIP Stack\TCP.c
                  TCPInit   0x0001c4    program     extern C:\microchip\mla\v2013-06-15\Microchip\TCPIP Stack\TCP.c
           TCPIsConnected   0x000626    program     extern C:\microchip\mla\v2013-06-15\Microchip\TCPIP Stack\TCP.c
            TCPIsGetReady   0x000dfe    program     extern C:\microchip\mla\v2013-06-15\Microchip\TCPIP Stack\TCP.c
            TCPIsPutReady   0x0007e2    program     extern C:\microchip\mla\v2013-06-15\Microchip\TCPIP Stack\TCP.c
                  TCPOpen   0x000476    program     extern C:\microchip\mla\v2013-06-15\Microchip\TCPIP Stack\TCP.c
                  TCPPeek   0x00125e    program     extern C:\microchip\mla\v2013-06-15\Microchip\TCPIP Stack\TCP.c
             TCPPeekArray   0x0010e8    program     extern C:\microchip\mla\v2013-06-15\Microchip\TCPIP Stack\TCP.c
               TCPProcess   0x00214e    program     extern C:\microchip\mla\v2013-06-15\Microchip\TCPIP Stack\TCP.c
                   TCPPut   0x000878    program     extern C:\microchip\mla\v2013-06-15\Microchip\TCPIP Stack\TCP.c
              TCPPutArray   0x000978    program     extern C:\microchip\mla\v2013-06-15\Microchip\TCPIP Stack\TCP.c
           TCPPutROMArray   0x000b1c    program     extern C:\microchip\mla\v2013-06-15\Microchip\TCPIP Stack\TCP.c
          TCPPutROMString   0x000d06    program     extern C:\microchip\mla\v2013-06-15\Microchip\TCPIP Stack\TCP.c
             TCPPutString   0x000cc6    program     extern C:\microchip\mla\v2013-06-15\Microchip\TCPIP Stack\TCP.c
               TCPRAMCopy   0x0042fc    program     static C:\microchip\mla\v2013-06-15\Microchip\TCPIP Stack\TCP.c
            TCPRAMCopyROM   0x0043c4    program     static C:\microchip\mla\v2013-06-15\Microchip\TCPIP Stack\TCP.c
     TCPSocketInitializer   0x00cbe0    program     extern C:\microchip\mla\v2013-06-15\TCPIP\tcpip_18f26k20_demo_app\Configs\TCPIP 18F26K20_ENC28.h
                  TCPTick   0x0019f4    program     extern C:\microchip\mla\v2013-06-15\Microchip\TCPIP Stack\TCP.c
              TCPWasReset   0x0005f8    program     extern C:\microchip\mla\v2013-06-15\Microchip\TCPIP Stack\TCP.c
TickConvertToMilliseconds   0x00c81c    program     extern C:\microchip\mla\v2013-06-15\Microchip\TCPIP Stack\Tick.c
                  TickGet   0x00c7aa    program     extern C:\microchip\mla\v2013-06-15\Microchip\TCPIP Stack\Tick.c
            TickGetDiv256   0x00c7d0    program     extern C:\microchip\mla\v2013-06-15\Microchip\TCPIP Stack\Tick.c
            TickGetDiv64K   0x00c7f6    program     extern C:\microchip\mla\v2013-06-15\Microchip\TCPIP Stack\Tick.c
                 TickInit   0x00c774    program     extern C:\microchip\mla\v2013-06-15\Microchip\TCPIP Stack\Tick.c
               TickUpdate   0x00c84a    program     extern C:\microchip\mla\v2013-06-15\Microchip\TCPIP Stack\Tick.c
              WritePHYReg   0x009c7e    program     extern C:\microchip\mla\v2013-06-15\Microchip\TCPIP Stack\ENC28J60.c
                 WriteReg   0x009c06    program     static C:\microchip\mla\v2013-06-15\Microchip\TCPIP Stack\ENC28J60.c
              _2jContinue   0x00c2d8    program     static C:\MCC18\src\traditional\stdclib\memset.asm
                   _2jEnd   0x00c3da    program     static C:\MCC18\src\traditional\stdclib\slenpgm.asm
              _3jContinue   0x00c2a4    program     static C:\MCC18\src\traditional\stdclib\mcpyp2r.asm
              _3jContinue   0x00c208    program     static C:\MCC18\src\traditional\stdclib\mcmpp2r.asm
                   _3jEnd   0x00c2e2    program     static C:\MCC18\src\traditional\stdclib\memset.asm
              _4jContinue   0x00c424    program     static C:\MCC18\src\traditional\stdclib\strncpy.asm
              _4jContinue   0x00c250    program     static C:\MCC18\src\traditional\stdclib\memcpy.asm
                   _4jEnd   0x00c212    program     static C:\MCC18\src\traditional\stdclib\mcmpp2r.asm
                   _4jEnd   0x00c2ae    program     static C:\MCC18\src\traditional\stdclib\mcpyp2r.asm
                   _5jEnd   0x00c42e    program     static C:\MCC18\src\traditional\stdclib\strncpy.asm
                   _5jEnd   0x00c25a    program     static C:\MCC18\src\traditional\stdclib\memcpy.asm
        _D1KTCYXCODE_0010   0x00cb94    program     static C:\MCC18\src\traditional\delays\d1ktcyx.asm
        _D1KTCYXCODE_0016   0x00cb9a    program     static C:\MCC18\src\traditional\delays\d1ktcyx.asm
           _LoadFATRecord   0x0084fc    program     static C:\microchip\mla\v2013-06-15\Microchip\TCPIP Stack\MPFS2.c
                _Validate   0x008b44    program     static C:\microchip\mla\v2013-06-15\Microchip\TCPIP Stack\MPFS2.c
           ___do_lbl00002   0x00c7a2    program     static                          
           ___do_lbl00003   0x00c7a6    program     static                          
           ___do_lbl00004   0x00c784    program     static                          
          ___for_lbl00101   0x00a67c    program     static                          
          ___for_lbl00102   0x00a684    program     static                          
          ___for_lbl00103   0x00a660    program     static                          
          ___for_lbl00104   0x00a69a    program     static                          
          ___for_lbl00105   0x00a6a0    program     static                          
          ___for_lbl00106   0x00a684    program     static                          
           ___if_lbl00014   0x009f34    program     static                          
           ___if_lbl00015   0x009f4a    program     static                          
           ___if_lbl00016   0x009f9c    program     static                          
           ___if_lbl00017   0x009fa4    program     static                          
           ___if_lbl00019   0x009010    program     static                          
           ___if_lbl00020   0x00901c    program     static                          
           ___if_lbl00026   0x0090c0    program     static                          
           ___if_lbl00029   0x009126    program     static                          
       ___return_lbl00000   0x00cb56    program     static                          
       ___return_lbl00000   0x00cb82    program     static                          
       ___return_lbl00000   0x000004    program     static                          
       ___return_lbl00001   0x00c7a8    program     static                          
       ___return_lbl00001   0x00cbde    program     static                          
       ___return_lbl00002   0x00ca9c    program     static                          
       ___return_lbl00002   0x00001c    program     static                          
       ___return_lbl00003   0x00000c    program     static                          
       ___return_lbl00009   0x009fcc    program     static                          
       ___return_lbl00018   0x00912e    program     static                          
       ___return_lbl00059   0x00b024    program     static                          
       ___return_lbl00100   0x00a6b2    program     static                          
        ___while_lbl00010   0x009ece    program     static                          
        ___while_lbl00011   0x009fa6    program     static                          
        ___while_lbl00012   0x009ed6    program     static                          
        ___while_lbl00013   0x009eda    program     static                          
               __config_0   0x300001    program     static C:\microchip\mla\v2013-06-15\TCPIP\tcpip_18f26k20_demo_app\MainDemo.c
               __config_1   0x300002    program     static C:\microchip\mla\v2013-06-15\TCPIP\tcpip_18f26k20_demo_app\MainDemo.c
               __config_2   0x300003    program     static C:\microchip\mla\v2013-06-15\TCPIP\tcpip_18f26k20_demo_app\MainDemo.c
               __config_3   0x300005    program     static C:\microchip\mla\v2013-06-15\TCPIP\tcpip_18f26k20_demo_app\MainDemo.c
               __config_4   0x300006    program     static C:\microchip\mla\v2013-06-15\TCPIP\tcpip_18f26k20_demo_app\MainDemo.c
                   __init   0x000006    program     extern C:\MCC18\src\traditional\stdclib\__init.c
               __string_0   0x00b779    program     static C:\microchip\mla\v2013-06-15\TCPIP\tcpip_18f26k20_demo_app\MainDemo.c
               __string_0   0x00b682    program     static C:\microchip\mla\v2013-06-15\Microchip\TCPIP Stack\HTTP2.c
               __string_0   0x00b68d    program     static C:\microchip\mla\v2013-06-15\Microchip\TCPIP Stack\MPFS2.c
               __string_0   0x00b76f    program     static C:\microchip\mla\v2013-06-15\TCPIP\tcpip_18f26k20_demo_app\CustomHTTPApp.c
               __string_1   0x00b763    program     static C:\microchip\mla\v2013-06-15\TCPIP\tcpip_18f26k20_demo_app\CustomHTTPApp.c
               __string_1   0x00b677    program     static C:\microchip\mla\v2013-06-15\Microchip\TCPIP Stack\HTTP2.c
              __string_10   0x00b655    program     static C:\microchip\mla\v2013-06-15\Microchip\TCPIP Stack\HTTP2.c
              __string_10   0x00b71e    program     static C:\microchip\mla\v2013-06-15\TCPIP\tcpip_18f26k20_demo_app\CustomHTTPApp.c
              __string_11   0x00b651    program     static C:\microchip\mla\v2013-06-15\Microchip\TCPIP Stack\HTTP2.c
              __string_11   0x00b716    program     static C:\microchip\mla\v2013-06-15\TCPIP\tcpip_18f26k20_demo_app\CustomHTTPApp.c
              __string_12   0x00b70e    program     static C:\microchip\mla\v2013-06-15\TCPIP\tcpip_18f26k20_demo_app\CustomHTTPApp.c
              __string_12   0x00b64d    program     static C:\microchip\mla\v2013-06-15\Microchip\TCPIP Stack\HTTP2.c
              __string_13   0x00b6f9    program     static C:\microchip\mla\v2013-06-15\TCPIP\tcpip_18f26k20_demo_app\CustomHTTPApp.c
              __string_13   0x00b649    program     static C:\microchip\mla\v2013-06-15\Microchip\TCPIP Stack\HTTP2.c
              __string_14   0x00b6d3    program     static C:\microchip\mla\v2013-06-15\TCPIP\tcpip_18f26k20_demo_app\CustomHTTPApp.c
              __string_14   0x00b645    program     static C:\microchip\mla\v2013-06-15\Microchip\TCPIP Stack\HTTP2.c
              __string_15   0x00b641    program     static C:\microchip\mla\v2013-06-15\Microchip\TCPIP Stack\HTTP2.c
              __string_15   0x00b6cb    program     static C:\microchip\mla\v2013-06-15\TCPIP\tcpip_18f26k20_demo_app\CustomHTTPApp.c
              __string_16   0x00b636    program     static C:\microchip\mla\v2013-06-15\Microchip\TCPIP Stack\HTTP2.c
              __string_16   0x00b6c6    program     static C:\microchip\mla\v2013-06-15\TCPIP\tcpip_18f26k20_demo_app\CustomHTTPApp.c
              __string_17   0x00b62c    program     static C:\microchip\mla\v2013-06-15\Microchip\TCPIP Stack\HTTP2.c
              __string_17   0x00b69f    program     static C:\microchip\mla\v2013-06-15\TCPIP\tcpip_18f26k20_demo_app\CustomHTTPApp.c
              __string_18   0x00b69a    program     static C:\microchip\mla\v2013-06-15\TCPIP\tcpip_18f26k20_demo_app\CustomHTTPApp.c
              __string_18   0x00b623    program     static C:\microchip\mla\v2013-06-15\Microchip\TCPIP Stack\HTTP2.c
              __string_19   0x00b61a    program     static C:\microchip\mla\v2013-06-15\Microchip\TCPIP Stack\HTTP2.c
              __string_19   0x00b694    program     static C:\microchip\mla\v2013-06-15\TCPIP\tcpip_18f26k20_demo_app\CustomHTTPApp.c
               __string_2   0x00b75a    program     static C:\microchip\mla\v2013-06-15\TCPIP\tcpip_18f26k20_demo_app\CustomHTTPApp.c
               __string_2   0x00b672    program     static C:\microchip\mla\v2013-06-15\Microchip\TCPIP Stack\HTTP2.c
              __string_20   0x00b610    program     static C:\microchip\mla\v2013-06-15\Microchip\TCPIP Stack\HTTP2.c
              __string_21   0x00b606    program     static C:\microchip\mla\v2013-06-15\Microchip\TCPIP Stack\HTTP2.c
              __string_22   0x00b5fb    program     static C:\microchip\mla\v2013-06-15\Microchip\TCPIP Stack\HTTP2.c
              __string_23   0x00b5e7    program     static C:\microchip\mla\v2013-06-15\Microchip\TCPIP Stack\HTTP2.c
              __string_24   0x00b5da    program     static C:\microchip\mla\v2013-06-15\Microchip\TCPIP Stack\HTTP2.c
              __string_25   0x00b5d9    program     static C:\microchip\mla\v2013-06-15\Microchip\TCPIP Stack\HTTP2.c
              __string_26   0x00b5b4    program     static C:\microchip\mla\v2013-06-15\Microchip\TCPIP Stack\HTTP2.c
              __string_27   0x00b556    program     static C:\microchip\mla\v2013-06-15\Microchip\TCPIP Stack\HTTP2.c
              __string_28   0x00b4d5    program     static C:\microchip\mla\v2013-06-15\Microchip\TCPIP Stack\HTTP2.c
              __string_29   0x00b492    program     static C:\microchip\mla\v2013-06-15\Microchip\TCPIP Stack\HTTP2.c
               __string_3   0x00b756    program     static C:\microchip\mla\v2013-06-15\TCPIP\tcpip_18f26k20_demo_app\CustomHTTPApp.c
              __string_30   0x00b425    program     static C:\microchip\mla\v2013-06-15\Microchip\TCPIP Stack\HTTP2.c
              __string_31   0x00b3b5    program     static C:\microchip\mla\v2013-06-15\Microchip\TCPIP Stack\HTTP2.c
              __string_32   0x00b34f    program     static C:\microchip\mla\v2013-06-15\Microchip\TCPIP Stack\HTTP2.c
              __string_33   0x00b31d    program     static C:\microchip\mla\v2013-06-15\Microchip\TCPIP Stack\HTTP2.c
              __string_34   0x00b2c6    program     static C:\microchip\mla\v2013-06-15\Microchip\TCPIP Stack\HTTP2.c
              __string_35   0x00b2be    program     static C:\microchip\mla\v2013-06-15\Microchip\TCPIP Stack\HTTP2.c
              __string_36   0x00b2af    program     static C:\microchip\mla\v2013-06-15\Microchip\TCPIP Stack\HTTP2.c
              __string_37   0x00b29f    program     static C:\microchip\mla\v2013-06-15\Microchip\TCPIP Stack\HTTP2.c
              __string_38   0x00b29b    program     static C:\microchip\mla\v2013-06-15\Microchip\TCPIP Stack\HTTP2.c
              __string_39   0x00b291    program     static C:\microchip\mla\v2013-06-15\Microchip\TCPIP Stack\HTTP2.c
               __string_4   0x00b741    program     static C:\microchip\mla\v2013-06-15\TCPIP\tcpip_18f26k20_demo_app\CustomHTTPApp.c
               __string_4   0x00b66e    program     static C:\microchip\mla\v2013-06-15\Microchip\TCPIP Stack\HTTP2.c
              __string_40   0x00b27e    program     static C:\microchip\mla\v2013-06-15\Microchip\TCPIP Stack\HTTP2.c
              __string_41   0x00b26f    program     static C:\microchip\mla\v2013-06-15\Microchip\TCPIP Stack\HTTP2.c
              __string_42   0x00b256    program     static C:\microchip\mla\v2013-06-15\Microchip\TCPIP Stack\HTTP2.c
              __string_43   0x00b246    program     static C:\microchip\mla\v2013-06-15\Microchip\TCPIP Stack\HTTP2.c
              __string_44   0x00b23d    program     static C:\microchip\mla\v2013-06-15\Microchip\TCPIP Stack\HTTP2.c
              __string_45   0x00b234    program     static C:\microchip\mla\v2013-06-15\Microchip\TCPIP Stack\HTTP2.c
              __string_46   0x00b230    program     static C:\microchip\mla\v2013-06-15\Microchip\TCPIP Stack\HTTP2.c
               __string_5   0x00b66a    program     static C:\microchip\mla\v2013-06-15\Microchip\TCPIP Stack\HTTP2.c
               __string_5   0x00b73b    program     static C:\microchip\mla\v2013-06-15\TCPIP\tcpip_18f26k20_demo_app\CustomHTTPApp.c
               __string_6   0x00b665    program     static C:\microchip\mla\v2013-06-15\Microchip\TCPIP Stack\HTTP2.c
               __string_7   0x00b661    program     static C:\microchip\mla\v2013-06-15\Microchip\TCPIP Stack\HTTP2.c
               __string_8   0x00b65d    program     static C:\microchip\mla\v2013-06-15\Microchip\TCPIP Stack\HTTP2.c
               __string_8   0x00b732    program     static C:\microchip\mla\v2013-06-15\TCPIP\tcpip_18f26k20_demo_app\CustomHTTPApp.c
               __string_9   0x00b659    program     static C:\microchip\mla\v2013-06-15\Microchip\TCPIP Stack\HTTP2.c
               __string_9   0x00b723    program     static C:\microchip\mla\v2013-06-15\TCPIP\tcpip_18f26k20_demo_app\CustomHTTPApp.c
               __tmplbl_0   0x009f14    program     static                          
              __tmplbl_10   0x00911a    program     static                          
              __tmplbl_11   0x00910c    program     static                          
              __tmplbl_12   0x009112    program     static                          
             __tmplbl_130   0x00408c    program     static                          
             __tmplbl_132   0x00408c    program     static                          
             __tmplbl_134   0x00408c    program     static                          
             __tmplbl_136   0x00408c    program     static                          
             __tmplbl_138   0x00408c    program     static                          
             __tmplbl_141   0x00408c    program     static                          
             __tmplbl_149   0x00408c    program     static                          
             __tmplbl_150   0x00408c    program     static                          
             __tmplbl_152   0x00408c    program     static                          
             __tmplbl_154   0x00408c    program     static                          
             __tmplbl_155   0x00408c    program     static                          
              __tmplbl_21   0x005a30    program     static                          
              __tmplbl_22   0x0059b6    program     static                          
              __tmplbl_23   0x00594c    program     static                          
              __tmplbl_24   0x005904    program     static                          
              __tmplbl_25   0x0054ca    program     static                          
              __tmplbl_26   0x00545e    program     static                          
              __tmplbl_27   0x005446    program     static                          
              __tmplbl_28   0x005422    program     static                          
              __tmplbl_29   0x0053c2    program     static                          
               __tmplbl_3   0x0090be    program     static                          
              __tmplbl_31   0x005a8c    program     static                          
              __tmplbl_32   0x005a8c    program     static                          
              __tmplbl_33   0x005a8c    program     static                          
              __tmplbl_34   0x005a8c    program     static                          
              __tmplbl_35   0x005a8c    program     static                          
              __tmplbl_38   0x005a8c    program     static                          
               __tmplbl_4   0x0090b4    program     static                          
              __tmplbl_41   0x00482c    program     static                          
               __tmplbl_5   0x0090a6    program     static                          
               __tmplbl_6   0x00909c    program     static                          
               __tmplbl_7   0x009092    program     static                          
               __tmplbl_8   0x009088    program     static                          
               __tmplbl_9   0x009086    program     static                          
            __zero_memory   0x00cba4    program     extern C:\MCC18\src\traditional\proc\p18F26K20.asm
                _do_cinit   0x00ca00    program     extern C:\MCC18\src\traditional\startup\c018i.c
                   _entry   0x000000    program     extern C:\MCC18\src\traditional\startup\c018i.c
                   _false   0x00cb52    program     static                          
                 _startup   0x00cbc4    program     extern C:\MCC18\src\traditional\startup\c018i.c
             btohexa_high   0x00a442    program     extern C:\microchip\mla\v2013-06-15\Microchip\TCPIP Stack\Helpers.c
              btohexa_low   0x00a460    program     extern C:\microchip\mla\v2013-06-15\Microchip\TCPIP Stack\Helpers.c
                compare_l   0x00cbba    program     static C:\MCC18\src\traditional\proc\p18F26K20.asm
                copy_loop   0x00ca72    program     static                          
            copy_one_byte   0x00ca78    program     static                          
                     done   0x00ca9c    program     static                          
             done_copying   0x00ca86    program     static                          
                  endloop   0x00cb7e    program     static                          
                  hexatob   0x00a402    program     extern C:\microchip\mla\v2013-06-15\Microchip\TCPIP Stack\Helpers.c
         httpContentTypes   0x00cac5    program     static C:\microchip\mla\v2013-06-15\Microchip\TCPIP Stack\HTTP2.c
       httpFileExtensions   0x00caa1    program     static C:\microchip\mla\v2013-06-15\Microchip\TCPIP Stack\HTTP2.c
                     jEnd   0x00c2ea    program     static C:\MCC18\src\traditional\stdclib\memset.asm
                     jEnd   0x00c316    program     static C:\MCC18\src\traditional\stdclib\strcmp.asm
                     jEnd   0x00c356    program     static C:\MCC18\src\traditional\stdclib\scmpp2r.asm
                     jEnd   0x00c2b6    program     static C:\MCC18\src\traditional\stdclib\mcpyp2r.asm
                     jEnd   0x00c388    program     static C:\MCC18\src\traditional\stdclib\scpyp2r.asm
                     jEnd   0x00c260    program     static C:\MCC18\src\traditional\stdclib\memcpy.asm
                     jEnd   0x00c3a4    program     static C:\MCC18\src\traditional\stdclib\strlen.asm
                     jEnd   0x00c21a    program     static C:\MCC18\src\traditional\stdclib\mcmpp2r.asm
                     jEnd   0x00c474    program     static C:\MCC18\src\traditional\stdclib\strupr.asm
                     jEnd   0x00c3dc    program     static C:\MCC18\src\traditional\stdclib\slenpgm.asm
                     jEnd   0x00c43a    program     static C:\MCC18\src\traditional\stdclib\strncpy.asm
                    jLoop   0x00c30c    program     static C:\MCC18\src\traditional\stdclib\strcmp.asm
                    jLoop   0x00c34a    program     static C:\MCC18\src\traditional\stdclib\scmpp2r.asm
                    jLoop   0x00c2cc    program     static C:\MCC18\src\traditional\stdclib\memset.asm
                    jLoop   0x00c460    program     static C:\MCC18\src\traditional\stdclib\strupr.asm
                    jLoop   0x00c37e    program     static C:\MCC18\src\traditional\stdclib\scpyp2r.asm
                    jLoop   0x00c298    program     static C:\MCC18\src\traditional\stdclib\mcpyp2r.asm
                    jLoop   0x00c418    program     static C:\MCC18\src\traditional\stdclib\strncpy.asm
                    jLoop   0x00c39a    program     static C:\MCC18\src\traditional\stdclib\strlen.asm
                    jLoop   0x00c244    program     static C:\MCC18\src\traditional\stdclib\memcpy.asm
                    jLoop   0x00c3c4    program     static C:\MCC18\src\traditional\stdclib\slenpgm.asm
                    jLoop   0x00c1fc    program     static C:\MCC18\src\traditional\stdclib\mcmpp2r.asm
                    jSkip   0x00c470    program     static C:\MCC18\src\traditional\stdclib\strupr.asm
          leftRotateDWORD   0x00a64c    program     extern C:\microchip\mla\v2013-06-15\Microchip\TCPIP Stack\Helpers.c
                     loop   0x00cbd4    program     static                          
                     loop   0x00cb62    program     static                          
                     loop   0x00cb1e    program     static                          
                   loop_h   0x00cbb2    program     static C:\MCC18\src\traditional\proc\p18F26K20.asm
                   loop_l   0x00cbbc    program     static C:\MCC18\src\traditional\proc\p18F26K20.asm
                     main   0x00bcec    program     extern C:\microchip\mla\v2013-06-15\TCPIP\tcpip_18f26k20_demo_app\MainDemo.c
            memcmppgm2ram   0x00c1de    program     extern C:\MCC18\src\traditional\stdclib\mcmpp2r.asm
                   memcpy   0x00c21c    program     extern C:\MCC18\src\traditional\stdclib\memcpy.asm
            memcpypgm2ram   0x00c272    program     extern C:\MCC18\src\traditional\stdclib\mcpyp2r.asm
                   memset   0x00c2b8    program     extern C:\MCC18\src\traditional\stdclib\memset.asm
                   strcmp   0x00c2ec    program     extern C:\MCC18\src\traditional\stdclib\strcmp.asm
            strcmppgm2ram   0x00c32c    program     extern C:\MCC18\src\traditional\stdclib\scmpp2r.asm
            strcpypgm2ram   0x00c358    program     extern C:\MCC18\src\traditional\stdclib\scpyp2r.asm
           stricmppgm2ram   0x00a47c    program     extern C:\microchip\mla\v2013-06-15\Microchip\TCPIP Stack\Helpers.c
                   strlen   0x00c38a    program     extern C:\MCC18\src\traditional\stdclib\strlen.asm
                strlenpgm   0x00c3a6    program     extern C:\MCC18\src\traditional\stdclib\slenpgm.asm
                  strnchr   0x00a718    program     extern C:\microchip\mla\v2013-06-15\Microchip\TCPIP Stack\Helpers.c
                  strncpy   0x00c3f0    program     extern C:\MCC18\src\traditional\stdclib\strncpy.asm
                strncpy_m   0x00a772    program     extern C:\microchip\mla\v2013-06-15\Microchip\TCPIP Stack\Helpers.c
                   strupr   0x00c44c    program     extern C:\MCC18\src\traditional\stdclib\strupr.asm
                    swapl   0x00a544    program     extern C:\microchip\mla\v2013-06-15\Microchip\TCPIP Stack\Helpers.c
                    swaps   0x00a524    program     extern C:\microchip\mla\v2013-06-15\Microchip\TCPIP Stack\Helpers.c
                     test   0x00ca1a    program     static                          
                    uitoa   0x00a33c    program     extern C:\microchip\mla\v2013-06-15\Microchip\TCPIP Stack\Helpers.c
               zero_block   0x00cbb2    program     static C:\MCC18\src\traditional\proc\p18F26K20.asm
                   ADCON0   0x000fc2       data     extern C:\MCC18\src\traditional\proc\p18F26K20.asm
               ADCON0Save   0x000c0f       data     static C:\microchip\mla\v2013-06-15\Microchip\TCPIP Stack\Helpers.c
               ADCON0bits   0x000fc2       data     extern C:\MCC18\src\traditional\proc\p18F26K20.asm
                   ADCON1   0x000fc1       data     extern C:\MCC18\src\traditional\proc\p18F26K20.asm
               ADCON1bits   0x000fc1       data     extern C:\MCC18\src\traditional\proc\p18F26K20.asm
                   ADCON2   0x000fc0       data     extern C:\MCC18\src\traditional\proc\p18F26K20.asm
               ADCON2Save   0x000c10       data     static C:\microchip\mla\v2013-06-15\Microchip\TCPIP Stack\Helpers.c
               ADCON2bits   0x000fc0       data     extern C:\MCC18\src\traditional\proc\p18F26K20.asm
                    ADRES   0x000fc3       data     extern C:\MCC18\src\traditional\proc\p18F26K20.asm
                   ADRESH   0x000fc4       data     extern C:\MCC18\src\traditional\proc\p18F26K20.asm
                   ADRESL   0x000fc3       data     extern C:\MCC18\src\traditional\proc\p18F26K20.asm
                    ADval   0x000c08       data     static C:\microchip\mla\v2013-06-15\TCPIP\tcpip_18f26k20_demo_app\CustomHTTPApp.c
                AN0String   0x000c00       data     static C:\microchip\mla\v2013-06-15\TCPIP\tcpip_18f26k20_demo_app\CustomHTTPApp.c
                AN0String   0x0001b8       data     extern C:\microchip\mla\v2013-06-15\TCPIP\tcpip_18f26k20_demo_app\MainDemo.c
                    ANSEL   0x000f7e       data     extern C:\MCC18\src\traditional\proc\p18F26K20.asm
                   ANSELH   0x000f7f       data     extern C:\MCC18\src\traditional\proc\p18F26K20.asm
               ANSELHbits   0x000f7f       data     extern C:\MCC18\src\traditional\proc\p18F26K20.asm
                ANSELbits   0x000f7e       data     extern C:\MCC18\src\traditional\proc\p18F26K20.asm
                  Address   0x000230       data     static C:\microchip\mla\v2013-06-15\Microchip\TCPIP Stack\ENC28J60.c
                  Address   0x000232       data     static C:\microchip\mla\v2013-06-15\Microchip\TCPIP Stack\ENC28J60.c
                  Address   0x00022f       data     static C:\microchip\mla\v2013-06-15\Microchip\TCPIP Stack\ENC28J60.c
                  Address   0x000236       data     static C:\microchip\mla\v2013-06-15\Microchip\TCPIP Stack\ENC28J60.c
                  Address   0x000234       data     static C:\microchip\mla\v2013-06-15\Microchip\TCPIP Stack\ENC28J60.c
                AppBuffer   0x000c05       data     static C:\microchip\mla\v2013-06-15\TCPIP\tcpip_18f26k20_demo_app\GenericTCPServer.c
                AppConfig   0x000183       data     extern C:\microchip\mla\v2013-06-15\TCPIP\tcpip_18f26k20_demo_app\MainDemo.c
               AsciiChars   0x00024f       data     static C:\microchip\mla\v2013-06-15\Microchip\TCPIP Stack\Helpers.c
           AttemptCounter   0x000c6d       data     static C:\microchip\mla\v2013-06-15\Microchip\TCPIP Stack\ENC28J60.c
                  BAUDCON   0x000fb8       data     extern C:\MCC18\src\traditional\proc\p18F26K20.asm
              BAUDCONbits   0x000fb8       data     extern C:\MCC18\src\traditional\proc\p18F26K20.asm
                  BAUDCTL   0x000fb8       data     extern C:\MCC18\src\traditional\proc\p18F26K20.asm
              BAUDCTLbits   0x000fb8       data     extern C:\MCC18\src\traditional\proc\p18F26K20.asm
                      BSR   0x000fe0       data     extern C:\MCC18\src\traditional\proc\p18F26K20.asm
                   Buffer   0x00024d       data     static C:\microchip\mla\v2013-06-15\Microchip\TCPIP Stack\Helpers.c
                  CCP1CON   0x000fbd       data     extern C:\MCC18\src\traditional\proc\p18F26K20.asm
              CCP1CONbits   0x000fbd       data     extern C:\MCC18\src\traditional\proc\p18F26K20.asm
                  CCP2CON   0x000fba       data     extern C:\MCC18\src\traditional\proc\p18F26K20.asm
              CCP2CONbits   0x000fba       data     extern C:\MCC18\src\traditional\proc\p18F26K20.asm
                    CCPR1   0x000fbe       data     extern C:\MCC18\src\traditional\proc\p18F26K20.asm
                   CCPR1H   0x000fbf       data     extern C:\MCC18\src\traditional\proc\p18F26K20.asm
                   CCPR1L   0x000fbe       data     extern C:\MCC18\src\traditional\proc\p18F26K20.asm
                    CCPR2   0x000fbb       data     extern C:\MCC18\src\traditional\proc\p18F26K20.asm
                   CCPR2H   0x000fbc       data     extern C:\MCC18\src\traditional\proc\p18F26K20.asm
[...]
                   SSPMSK   0x000f77       data     extern C:\MCC18\src\traditional\proc\p18F26K20.asm
               SSPMSKbits   0x000f77       data     extern C:\MCC18\src\traditional\proc\p18F26K20.asm
                   SLRCON   0x000f78       data     extern C:\MCC18\src\traditional\proc\p18F26K20.asm
               SLRCONbits   0x000f78       data     extern C:\MCC18\src\traditional\proc\p18F26K20.asm
              CM2CON1bits   0x000f79       data     extern C:\MCC18\src\traditional\proc\p18F26K20.asm
                  CM2CON1   0x000f79       data     extern C:\MCC18\src\traditional\proc\p18F26K20.asm
              CM2CON0bits   0x000f7a       data     extern C:\MCC18\src\traditional\proc\p18F26K20.asm
                  CM2CON0   0x000f7a       data     extern C:\MCC18\src\traditional\proc\p18F26K20.asm
                  CM1CON0   0x000f7b       data     extern C:\MCC18\src\traditional\proc\p18F26K20.asm
              CM1CON0bits   0x000f7b       data     extern C:\MCC18\src\traditional\proc\p18F26K20.asm
                 WPUBbits   0x000f7c       data     extern C:\MCC18\src\traditional\proc\p18F26K20.asm
                     WPUB   0x000f7c       data     extern C:\MCC18\src\traditional\proc\p18F26K20.asm
                 IOCBbits   0x000f7d       data     extern C:\MCC18\src\traditional\proc\p18F26K20.asm
                     IOCB   0x000f7d       data     extern C:\MCC18\src\traditional\proc\p18F26K20.asm
                ANSELbits   0x000f7e       data     extern C:\MCC18\src\traditional\proc\p18F26K20.asm
                    ANSEL   0x000f7e       data     extern C:\MCC18\src\traditional\proc\p18F26K20.asm
               ANSELHbits   0x000f7f       data     extern C:\MCC18\src\traditional\proc\p18F26K20.asm
                   ANSELH   0x000f7f       data     extern C:\MCC18\src\traditional\proc\p18F26K20.asm
                    PORTA   0x000f80       data     extern C:\MCC18\src\traditional\proc\p18F26K20.asm
                PORTAbits   0x000f80       data     extern C:\MCC18\src\traditional\proc\p18F26K20.asm
                    PORTB   0x000f81       data     extern C:\MCC18\src\traditional\proc\p18F26K20.asm
                PORTBbits   0x000f81       data     extern C:\MCC18\src\traditional\proc\p18F26K20.asm
                PORTCbits   0x000f82       data     extern C:\MCC18\src\traditional\proc\p18F26K20.asm
                    PORTC   0x000f82       data     extern C:\MCC18\src\traditional\proc\p18F26K20.asm
                    PORTE   0x000f84       data     extern C:\MCC18\src\traditional\proc\p18F26K20.asm
                PORTEbits   0x000f84       data     extern C:\MCC18\src\traditional\proc\p18F26K20.asm
                     LATA   0x000f89       data     extern C:\MCC18\src\traditional\proc\p18F26K20.asm
                 LATAbits   0x000f89       data     extern C:\MCC18\src\traditional\proc\p18F26K20.asm
                     LATB   0x000f8a       data     extern C:\MCC18\src\traditional\proc\p18F26K20.asm
                 LATBbits   0x000f8a       data     extern C:\MCC18\src\traditional\proc\p18F26K20.asm
                     LATC   0x000f8b       data     extern C:\MCC18\src\traditional\proc\p18F26K20.asm
                 LATCbits   0x000f8b       data     extern C:\MCC18\src\traditional\proc\p18F26K20.asm
                 DDRAbits   0x000f92       data     extern C:\MCC18\src\traditional\proc\p18F26K20.asm
                     DDRA   0x000f92       data     extern C:\MCC18\src\traditional\proc\p18F26K20.asm
                TRISAbits   0x000f92       data     extern C:\MCC18\src\traditional\proc\p18F26K20.asm
                    TRISA   0x000f92       data     extern C:\MCC18\src\traditional\proc\p18F26K20.asm
                    TRISB   0x000f93       data     extern C:\MCC18\src\traditional\proc\p18F26K20.asm
                TRISBbits   0x000f93       data     extern C:\MCC18\src\traditional\proc\p18F26K20.asm
                 DDRBbits   0x000f93       data     extern C:\MCC18\src\traditional\proc\p18F26K20.asm
                     DDRB   0x000f93       data     extern C:\MCC18\src\traditional\proc\p18F26K20.asm
                 DDRCbits   0x000f94       data     extern C:\MCC18\src\traditional\proc\p18F26K20.asm
                     DDRC   0x000f94       data     extern C:\MCC18\src\traditional\proc\p18F26K20.asm
                TRISCbits   0x000f94       data     extern C:\MCC18\src\traditional\proc\p18F26K20.asm
                    TRISC   0x000f94       data     extern C:\MCC18\src\traditional\proc\p18F26K20.asm
                  OSCTUNE   0x000f9b       data     extern C:\MCC18\src\traditional\proc\p18F26K20.asm
              OSCTUNEbits   0x000f9b       data     extern C:\MCC18\src\traditional\proc\p18F26K20.asm
                     PIE1   0x000f9d       data     extern C:\MCC18\src\traditional\proc\p18F26K20.asm
                 PIE1bits   0x000f9d       data     extern C:\MCC18\src\traditional\proc\p18F26K20.asm
                     PIR1   0x000f9e       data     extern C:\MCC18\src\traditional\proc\p18F26K20.asm
                 PIR1bits   0x000f9e       data     extern C:\MCC18\src\traditional\proc\p18F26K20.asm
                 IPR1bits   0x000f9f       data     extern C:\MCC18\src\traditional\proc\p18F26K20.asm
                     IPR1   0x000f9f       data     extern C:\MCC18\src\traditional\proc\p18F26K20.asm
                     PIE2   0x000fa0       data     extern C:\MCC18\src\traditional\proc\p18F26K20.asm
                 PIE2bits   0x000fa0       data     extern C:\MCC18\src\traditional\proc\p18F26K20.asm
                     PIR2   0x000fa1       data     extern C:\MCC18\src\traditional\proc\p18F26K20.asm
                 PIR2bits   0x000fa1       data     extern C:\MCC18\src\traditional\proc\p18F26K20.asm
                     IPR2   0x000fa2       data     extern C:\MCC18\src\traditional\proc\p18F26K20.asm
                 IPR2bits   0x000fa2       data     extern C:\MCC18\src\traditional\proc\p18F26K20.asm
                   EECON1   0x000fa6       data     extern C:\MCC18\src\traditional\proc\p18F26K20.asm
               EECON1bits   0x000fa6       data     extern C:\MCC18\src\traditional\proc\p18F26K20.asm
                   EECON2   0x000fa7       data     extern C:\MCC18\src\traditional\proc\p18F26K20.asm
                   EEDATA   0x000fa8       data     extern C:\MCC18\src\traditional\proc\p18F26K20.asm
                    EEADR   0x000fa9       data     extern C:\MCC18\src\traditional\proc\p18F26K20.asm
                EEADRbits   0x000fa9       data     extern C:\MCC18\src\traditional\proc\p18F26K20.asm
                   EEADRH   0x000faa       data     extern C:\MCC18\src\traditional\proc\p18F26K20.asm
               EEADRHbits   0x000faa       data     extern C:\MCC18\src\traditional\proc\p18F26K20.asm
                RCSTAbits   0x000fab       data     extern C:\MCC18\src\traditional\proc\p18F26K20.asm
                    RCSTA   0x000fab       data     extern C:\MCC18\src\traditional\proc\p18F26K20.asm
                    TXSTA   0x000fac       data     extern C:\MCC18\src\traditional\proc\p18F26K20.asm
                TXSTAbits   0x000fac       data     extern C:\MCC18\src\traditional\proc\p18F26K20.asm
                    TXREG   0x000fad       data     extern C:\MCC18\src\traditional\proc\p18F26K20.asm
                    RCREG   0x000fae       data     extern C:\MCC18\src\traditional\proc\p18F26K20.asm
                    SPBRG   0x000faf       data     extern C:\MCC18\src\traditional\proc\p18F26K20.asm
                   SPBRGH   0x000fb0       data     extern C:\MCC18\src\traditional\proc\p18F26K20.asm
                T3CONbits   0x000fb1       data     extern C:\MCC18\src\traditional\proc\p18F26K20.asm
                    T3CON   0x000fb1       data     extern C:\MCC18\src\traditional\proc\p18F26K20.asm
                    TMR3L   0x000fb2       data     extern C:\MCC18\src\traditional\proc\p18F26K20.asm
                    TMR3H   0x000fb3       data     extern C:\MCC18\src\traditional\proc\p18F26K20.asm
              CVRCON2bits   0x000fb4       data     extern C:\MCC18\src\traditional\proc\p18F26K20.asm
                  CVRCON2   0x000fb4       data     extern C:\MCC18\src\traditional\proc\p18F26K20.asm
               CVRCONbits   0x000fb5       data     extern C:\MCC18\src\traditional\proc\p18F26K20.asm
                   CVRCON   0x000fb5       data     extern C:\MCC18\src\traditional\proc\p18F26K20.asm
              ECCP1ASbits   0x000fb6       data     extern C:\MCC18\src\traditional\proc\p18F26K20.asm
                  ECCP1AS   0x000fb6       data     extern C:\MCC18\src\traditional\proc\p18F26K20.asm
              PWM1CONbits   0x000fb7       data     extern C:\MCC18\src\traditional\proc\p18F26K20.asm
                  PWM1CON   0x000fb7       data     extern C:\MCC18\src\traditional\proc\p18F26K20.asm
              BAUDCTLbits   0x000fb8       data     extern C:\MCC18\src\traditional\proc\p18F26K20.asm
                  BAUDCTL   0x000fb8       data     extern C:\MCC18\src\traditional\proc\p18F26K20.asm
              BAUDCONbits   0x000fb8       data     extern C:\MCC18\src\traditional\proc\p18F26K20.asm
                  BAUDCON   0x000fb8       data     extern C:\MCC18\src\traditional\proc\p18F26K20.asm
              PSTRCONbits   0x000fb9       data     extern C:\MCC18\src\traditional\proc\p18F26K20.asm
                  PSTRCON   0x000fb9       data     extern C:\MCC18\src\traditional\proc\p18F26K20.asm
              CCP2CONbits   0x000fba       data     extern C:\MCC18\src\traditional\proc\p18F26K20.asm
                  CCP2CON   0x000fba       data     extern C:\MCC18\src\traditional\proc\p18F26K20.asm
                    CCPR2   0x000fbb       data     extern C:\MCC18\src\traditional\proc\p18F26K20.asm
                   CCPR2L   0x000fbb       data     extern C:\MCC18\src\traditional\proc\p18F26K20.asm
                   CCPR2H   0x000fbc       data     extern C:\MCC18\src\traditional\proc\p18F26K20.asm
                  CCP1CON   0x000fbd       data     extern C:\MCC18\src\traditional\proc\p18F26K20.asm
              CCP1CONbits   0x000fbd       data     extern C:\MCC18\src\traditional\proc\p18F26K20.asm
                    CCPR1   0x000fbe       data     extern C:\MCC18\src\traditional\proc\p18F26K20.asm
                   CCPR1L   0x000fbe       data     extern C:\MCC18\src\traditional\proc\p18F26K20.asm
                   CCPR1H   0x000fbf       data     extern C:\MCC18\src\traditional\proc\p18F26K20.asm
               ADCON2bits   0x000fc0       data     extern C:\MCC18\src\traditional\proc\p18F26K20.asm
                   ADCON2   0x000fc0       data     extern C:\MCC18\src\traditional\proc\p18F26K20.asm
                   ADCON1   0x000fc1       data     extern C:\MCC18\src\traditional\proc\p18F26K20.asm
               ADCON1bits   0x000fc1       data     extern C:\MCC18\src\traditional\proc\p18F26K20.asm
                   ADCON0   0x000fc2       data     extern C:\MCC18\src\traditional\proc\p18F26K20.asm
               ADCON0bits   0x000fc2       data     extern C:\MCC18\src\traditional\proc\p18F26K20.asm
                    ADRES   0x000fc3       data     extern C:\MCC18\src\traditional\proc\p18F26K20.asm
                   ADRESL   0x000fc3       data     extern C:\MCC18\src\traditional\proc\p18F26K20.asm
                   ADRESH   0x000fc4       data     extern C:\MCC18\src\traditional\proc\p18F26K20.asm
                  SSPCON2   0x000fc5       data     extern C:\MCC18\src\traditional\proc\p18F26K20.asm
              SSPCON2bits   0x000fc5       data     extern C:\MCC18\src\traditional\proc\p18F26K20.asm
              SSPCON1bits   0x000fc6       data     extern C:\MCC18\src\traditional\proc\p18F26K20.asm
                  SSPCON1   0x000fc6       data     extern C:\MCC18\src\traditional\proc\p18F26K20.asm
              SSPSTATbits   0x000fc7       data     extern C:\MCC18\src\traditional\proc\p18F26K20.asm
                  SSPSTAT   0x000fc7       data     extern C:\MCC18\src\traditional\proc\p18F26K20.asm
                   SSPADD   0x000fc8       data     extern C:\MCC18\src\traditional\proc\p18F26K20.asm
                   SSPBUF   0x000fc9       data     extern C:\MCC18\src\traditional\proc\p18F26K20.asm
                    T2CON   0x000fca       data     extern C:\MCC18\src\traditional\proc\p18F26K20.asm
                T2CONbits   0x000fca       data     extern C:\MCC18\src\traditional\proc\p18F26K20.asm
                      PR2   0x000fcb       data     extern C:\MCC18\src\traditional\proc\p18F26K20.asm
                     TMR2   0x000fcc       data     extern C:\MCC18\src\traditional\proc\p18F26K20.asm
                T1CONbits   0x000fcd       data     extern C:\MCC18\src\traditional\proc\p18F26K20.asm
                    T1CON   0x000fcd       data     extern C:\MCC18\src\traditional\proc\p18F26K20.asm
                    TMR1L   0x000fce       data     extern C:\MCC18\src\traditional\proc\p18F26K20.asm
                    TMR1H   0x000fcf       data     extern C:\MCC18\src\traditional\proc\p18F26K20.asm
                 RCONbits   0x000fd0       data     extern C:\MCC18\src\traditional\proc\p18F26K20.asm
                     RCON   0x000fd0       data     extern C:\MCC18\src\traditional\proc\p18F26K20.asm
                   WDTCON   0x000fd1       data     extern C:\MCC18\src\traditional\proc\p18F26K20.asm
               WDTCONbits   0x000fd1       data     extern C:\MCC18\src\traditional\proc\p18F26K20.asm
               LVDCONbits   0x000fd2       data     extern C:\MCC18\src\traditional\proc\p18F26K20.asm
              HLVDCONbits   0x000fd2       data     extern C:\MCC18\src\traditional\proc\p18F26K20.asm
                   LVDCON   0x000fd2       data     extern C:\MCC18\src\traditional\proc\p18F26K20.asm
                  HLVDCON   0x000fd2       data     extern C:\MCC18\src\traditional\proc\p18F26K20.asm
                   OSCCON   0x000fd3       data     extern C:\MCC18\src\traditional\proc\p18F26K20.asm
               OSCCONbits   0x000fd3       data     extern C:\MCC18\src\traditional\proc\p18F26K20.asm
                T0CONbits   0x000fd5       data     extern C:\MCC18\src\traditional\proc\p18F26K20.asm
                    T0CON   0x000fd5       data     extern C:\MCC18\src\traditional\proc\p18F26K20.asm
                    TMR0L   0x000fd6       data     extern C:\MCC18\src\traditional\proc\p18F26K20.asm
                    TMR0H   0x000fd7       data     extern C:\MCC18\src\traditional\proc\p18F26K20.asm
                   STATUS   0x000fd8       data     extern C:\MCC18\src\traditional\proc\p18F26K20.asm
               STATUSbits   0x000fd8       data     extern C:\MCC18\src\traditional\proc\p18F26K20.asm
                    FSR2L   0x000fd9       data     extern C:\MCC18\src\traditional\proc\p18F26K20.asm
                     FSR2   0x000fd9       data     extern C:\MCC18\src\traditional\proc\p18F26K20.asm
                    FSR2H   0x000fda       data     extern C:\MCC18\src\traditional\proc\p18F26K20.asm
                   PLUSW2   0x000fdb       data     extern C:\MCC18\src\traditional\proc\p18F26K20.asm
                  PREINC2   0x000fdc       data     extern C:\MCC18\src\traditional\proc\p18F26K20.asm
                 POSTDEC2   0x000fdd       data     extern C:\MCC18\src\traditional\proc\p18F26K20.asm
                 POSTINC2   0x000fde       data     extern C:\MCC18\src\traditional\proc\p18F26K20.asm
                    INDF2   0x000fdf       data     extern C:\MCC18\src\traditional\proc\p18F26K20.asm
                      BSR   0x000fe0       data     extern C:\MCC18\src\traditional\proc\p18F26K20.asm
                     FSR1   0x000fe1       data     extern C:\MCC18\src\traditional\proc\p18F26K20.asm
                    FSR1L   0x000fe1       data     extern C:\MCC18\src\traditional\proc\p18F26K20.asm
                    FSR1H   0x000fe2       data     extern C:\MCC18\src\traditional\proc\p18F26K20.asm
                   PLUSW1   0x000fe3       data     extern C:\MCC18\src\traditional\proc\p18F26K20.asm
                  PREINC1   0x000fe4       data     extern C:\MCC18\src\traditional\proc\p18F26K20.asm
                 POSTDEC1   0x000fe5       data     extern C:\MCC18\src\traditional\proc\p18F26K20.asm
                 POSTINC1   0x000fe6       data     extern C:\MCC18\src\traditional\proc\p18F26K20.asm
                    INDF1   0x000fe7       data     extern C:\MCC18\src\traditional\proc\p18F26K20.asm
                     WREG   0x000fe8       data     extern C:\MCC18\src\traditional\proc\p18F26K20.asm
                        W   0x000fe8       data     extern C:\MCC18\src\traditional\proc\p18F26K20.asm
                    FSR0L   0x000fe9       data     extern C:\MCC18\src\traditional\proc\p18F26K20.asm
                     FSR0   0x000fe9       data     extern C:\MCC18\src\traditional\proc\p18F26K20.asm
                    FSR0H   0x000fea       data     extern C:\MCC18\src\traditional\proc\p18F26K20.asm
                   PLUSW0   0x000feb       data     extern C:\MCC18\src\traditional\proc\p18F26K20.asm
                  PREINC0   0x000fec       data     extern C:\MCC18\src\traditional\proc\p18F26K20.asm
                 POSTDEC0   0x000fed       data     extern C:\MCC18\src\traditional\proc\p18F26K20.asm
                 POSTINC0   0x000fee       data     extern C:\MCC18\src\traditional\proc\p18F26K20.asm
                    INDF0   0x000fef       data     extern C:\MCC18\src\traditional\proc\p18F26K20.asm
                  INTCON3   0x000ff0       data     extern C:\MCC18\src\traditional\proc\p18F26K20.asm
              INTCON3bits   0x000ff0       data     extern C:\MCC18\src\traditional\proc\p18F26K20.asm
                  INTCON2   0x000ff1       data     extern C:\MCC18\src\traditional\proc\p18F26K20.asm
              INTCON2bits   0x000ff1       data     extern C:\MCC18\src\traditional\proc\p18F26K20.asm
                   INTCON   0x000ff2       data     extern C:\MCC18\src\traditional\proc\p18F26K20.asm
               INTCONbits   0x000ff2       data     extern C:\MCC18\src\traditional\proc\p18F26K20.asm
                     PROD   0x000ff3       data     extern C:\MCC18\src\traditional\proc\p18F26K20.asm
                    PRODL   0x000ff3       data     extern C:\MCC18\src\traditional\proc\p18F26K20.asm
                    PRODH   0x000ff4       data     extern C:\MCC18\src\traditional\proc\p18F26K20.asm
                   TABLAT   0x000ff5       data     extern C:\MCC18\src\traditional\proc\p18F26K20.asm
                   TBLPTR   0x000ff6       data     extern C:\MCC18\src\traditional\proc\p18F26K20.asm
                  TBLPTRL   0x000ff6       data     extern C:\MCC18\src\traditional\proc\p18F26K20.asm
                  TBLPTRH   0x000ff7       data     extern C:\MCC18\src\traditional\proc\p18F26K20.asm
                  TBLPTRU   0x000ff8       data     extern C:\MCC18\src\traditional\proc\p18F26K20.asm
                       PC   0x000ff9       data     extern C:\MCC18\src\traditional\proc\p18F26K20.asm
                      PCL   0x000ff9       data     extern C:\MCC18\src\traditional\proc\p18F26K20.asm
                   PCLATH   0x000ffa       data     extern C:\MCC18\src\traditional\proc\p18F26K20.asm
                   PCLATU   0x000ffb       data     extern C:\MCC18\src\traditional\proc\p18F26K20.asm
               STKPTRbits   0x000ffc       data     extern C:\MCC18\src\traditional\proc\p18F26K20.asm
                   STKPTR   0x000ffc       data     extern C:\MCC18\src\traditional\proc\p18F26K20.asm
                      TOS   0x000ffd       data     extern C:\MCC18\src\traditional\proc\p18F26K20.asm
                     TOSL   0x000ffd       data     extern C:\MCC18\src\traditional\proc\p18F26K20.asm
                     TOSH   0x000ffe       data     extern C:\MCC18\src\traditional\proc\p18F26K20.asm
                     TOSU   0x000fff       data     extern C:\MCC18\src\traditional\proc\p18F26K20.asm


