MPLINK 4.34, Linker
Linker Map File - Created Sun Apr 20 12:32:07 2014

                                 Section Info
                  Section       Type    Address   Location Size(Bytes)
                ---------  ---------  ---------  ---------  ---------
               _entry_scn       code   0x000000    program   0x000006
           .code___init.o       code   0x000006    program   0x000002
               highVector       code   0x000008    program   0x000006
      .romdata_MainDemo.o    romdata   0x00000e    program   0x000006
          .idata_Tick.o_i    romdata   0x000014    program   0x000004
                lowVector       code   0x000018    program   0x000006
                   .cinit    romdata   0x00001e    program   0x00006e
              .code_TCP.o       code   0x00008c    program   0x003b56
    .romdata_DL_MPFSImg.o    romdata   0x003be2    program   0x001687
           .romdata_FTP.o    romdata   0x005269    program   0x000000
        .idata_SPIRAM.o_i    romdata   0x005269    program   0x000000
        .romdata_SPIRAM.o    romdata   0x005269    program   0x000000
      .romdata_ENC28J60.o    romdata   0x005269    program   0x000000
.idata_TCPPerformanceTest.o_i    romdata   0x005269    program   0x000000
.romdata_TCPPerformanceTest.o    romdata   0x005269    program   0x000000
         .romdata_Delay.o    romdata   0x005269    program   0x000000
        .idata_Telnet.o_i    romdata   0x005269    program   0x000000
        .romdata_Telnet.o    romdata   0x005269    program   0x000000
           .romdata_DNS.o    romdata   0x005269    program   0x000000
          .romdata_UART.o    romdata   0x005269    program   0x000000
.idata_UART2TCPBridge.o_i    romdata   0x005269    program   0x000000
          .romdata_DHCP.o    romdata   0x005269    program   0x000000
           .idata_UDP.o_i    romdata   0x005269    program   0x000000
        .idata_Reboot.o_i    romdata   0x005269    program   0x000000
          .idata_SMTP.o_i    romdata   0x005269    program   0x000000
          .idata_NBNS.o_i    romdata   0x005269    program   0x000000
         .romdata_MPFS2.o    romdata   0x005269    program   0x000000
         .idata_MPFS2.o_i    romdata   0x005269    program   0x000000
          .romdata_SMTP.o    romdata   0x005269    program   0x000000
          .idata_SNMP.o_i    romdata   0x005269    program   0x000000
   .idata_LCDBlocking.o_i    romdata   0x005269    program   0x000000
            .romdata_IP.o    romdata   0x005269    program   0x000000
          .romdata_SNMP.o    romdata   0x005269    program   0x000000
          .idata_SNTP.o_i    romdata   0x005269    program   0x000000
          .idata_ICMP.o_i    romdata   0x005269    program   0x000000
       .romdata_Helpers.o    romdata   0x005269    program   0x000000
     .idata_SPIEEPROM.o_i    romdata   0x005269    program   0x000000
     .romdata_SPIEEPROM.o    romdata   0x005269    program   0x000000
      .idata_SPIFlash.o_i    romdata   0x005269    program   0x000000
        .idata_Hashes.o_i    romdata   0x005269    program   0x000000
         .idata_HTTP2.o_i    romdata   0x005269    program   0x000000
      .idata_SMTPDemo.o_i    romdata   0x005269    program   0x000000
      .idata_fxd1616u.o_i    romdata   0x005269    program   0x000000
.romdata_BerkeleyUDPClientDemo.o    romdata   0x005269    program   0x000000
.idata_WFDebugStrings.o_i    romdata   0x005269    program   0x000000
    .romdata_UARTConfig.o    romdata   0x005269    program   0x000000
.romdata_ZeroconfMulticastDNS.o    romdata   0x005269    program   0x000000
           .romdata_ARP.o    romdata   0x005269    program   0x000000
      .romdata_PingDemo.o    romdata   0x005269    program   0x000000
      .romdata_fxd3232u.o    romdata   0x005269    program   0x000000
        .idata___init.o_i    romdata   0x005269    program   0x000000
.romdata_BerkeleyTCPClientDemo.o    romdata   0x005269    program   0x000000
.idata_ZeroconfLinkLocal.o_i    romdata   0x005269    program   0x000000
      .idata_PingDemo.o_i    romdata   0x005269    program   0x000000
.romdata_ZeroconfHelper.o    romdata   0x005269    program   0x000000
.romdata_GenericTCPServer.o    romdata   0x005269    program   0x000000
        .romdata_AutoIP.o    romdata   0x005269    program   0x000000
.idata_GenericTCPServer.o_i    romdata   0x005269    program   0x000001
.romdata_UDPPerformanceTest.o    romdata   0x005269    program   0x000000
         .romdata_c018i.o    romdata   0x005269    program   0x000000
            .code_HTTP2.o       code   0x00526a    program   0x0011e0
         .code_ENC28J60.o       code   0x00644a    program   0x000fec
            .code_MPFS2.o       code   0x007436    program   0x000ce4
          .code_Helpers.o       code   0x00811a    program   0x000cd0
    .code_CustomHTTPApp.o       code   0x008dea    program   0x0005c0
             .stringtable    romdata   0x0093aa    program   0x000550
              .code_ARP.o       code   0x0098fa    program   0x0004e0
         .code_MainDemo.o       code   0x009dda    program   0x00034c
               .code_IP.o       code   0x00a126    program   0x000310
                   STRING       code   0x00a436    program   0x000298
 .code_GenericTCPServer.o       code   0x00a6ce    program   0x00021a
             .code_Tick.o       code   0x00a8e8    program   0x000126
         .code_StackTsk.o       code   0x00aa0e    program   0x000106
               _cinit_scn       code   0x00ab14    program   0x00009e
         .romdata_HTTP2.o    romdata   0x00abb2    program   0x00004d
      .romdata_fxd1616u.o    romdata   0x00abff    program   0x000000
          .romdata_SNTP.o    romdata   0x00abff    program   0x000000
      .idata_fxd3232u.o_i    romdata   0x00abff    program   0x000000
        .romdata___init.o    romdata   0x00abff    program   0x000000
        .romdata_Reboot.o    romdata   0x00abff    program   0x000000
 .romdata_CustomSNMPApp.o    romdata   0x00abff    program   0x000000
      .romdata_SPIFlash.o    romdata   0x00abff    program   0x000000
.romdata_WFDebugStrings.o    romdata   0x00abff    program   0x000000
      .idata_StackTsk.o_i    romdata   0x00abff    program   0x000001
      .romdata_StackTsk.o    romdata   0x00abff    program   0x000000
         .idata_TFTPc.o_i    romdata   0x00abff    program   0x000000
         .romdata_TFTPc.o    romdata   0x00abff    program   0x000000
.idata_ZeroconfMulticastDNS.o_i    romdata   0x00abff    program   0x000000
.romdata_ZeroconfLinkLocal.o    romdata   0x00abff    program   0x000000
          .romdata_Tick.o    romdata   0x00abff    program   0x000000
          .idata_UART.o_i    romdata   0x00abff    program   0x000000
.idata_ZeroconfHelper.o_i    romdata   0x00abff    program   0x000000
.romdata_UART2TCPBridge.o    romdata   0x00abff    program   0x000000
.idata_UDPPerformanceTest.o_i    romdata   0x00abff    program   0x000000
           .romdata_UDP.o    romdata   0x00abff    program   0x000000
   .romdata_BerkeleyAPI.o    romdata   0x00abff    program   0x000000
      .romdata_Announce.o    romdata   0x00abff    program   0x000000
         .romdata_DHCPs.o    romdata   0x00abff    program   0x000000
    .idata_UARTConfig.o_i    romdata   0x00abff    program   0x000000
          .romdata_DNSs.o    romdata   0x00abff    program   0x000000
      .romdata_SMTPDemo.o    romdata   0x00abff    program   0x000000
        .romdata_DynDNS.o    romdata   0x00abff    program   0x000000
    .romdata_ENCX24J600.o    romdata   0x00abff    program   0x000000
.romdata_GenericTCPClient.o    romdata   0x00abff    program   0x000000
        .romdata_Hashes.o    romdata   0x00abff    program   0x000000
         .idata_c018i.o_i    romdata   0x00abff    program   0x000000
          .romdata_NBNS.o    romdata   0x00abff    program   0x000000
   .romdata_LCDBlocking.o    romdata   0x00abff    program   0x000000
          .romdata_ICMP.o    romdata   0x00abff    program   0x000000
.romdata_BerkeleyTCPServerDemo.o    romdata   0x00abff    program   0x000000
         .code_fxd3232u.o       code   0x00ac00    program   0x000048
                     PROG       code   0x00ac48    program   0x00003c
         .code_fxd1616u.o       code   0x00ac84    program   0x00002c
              D1KTCYXCODE       code   0x00acb0    program   0x000020
                    .code       code   0x00acd0    program   0x000020
             _startup_scn       code   0x00acf0    program   0x00001c
           .romdata_TCP.o    romdata   0x00ad0c    program   0x000012
 .romdata_CustomHTTPApp.o    romdata   0x00ad1e    program   0x000006
           .idata_TCP.o_i    romdata   0x00ad24    program   0x000002
      .idata_MainDemo.o_i    romdata   0x00ad26    program   0x000008
            .idata_IP.o_i    romdata   0x00ad2e    program   0x000002
       .idata_Helpers.o_i    romdata   0x00ad30    program   0x000004
           .idata_DNS.o_i    romdata   0x00ad34    program   0x000000
    .idata_DL_MPFSImg.o_i    romdata   0x00ad34    program   0x000000
          .idata_DNSs.o_i    romdata   0x00ad34    program   0x000000
         .idata_DHCPs.o_i    romdata   0x00ad34    program   0x000000
          .idata_DHCP.o_i    romdata   0x00ad34    program   0x000000
 .idata_CustomHTTPApp.o_i    romdata   0x00ad34    program   0x000002
         .idata_Delay.o_i    romdata   0x00ad34    program   0x000000
 .idata_CustomSNMPApp.o_i    romdata   0x00ad34    program   0x000000
        .idata_DynDNS.o_i    romdata   0x00ad34    program   0x000000
      .idata_ENC28J60.o_i    romdata   0x00ad34    program   0x000000
    .idata_ENCX24J600.o_i    romdata   0x00ad34    program   0x000000
.idata_GenericTCPClient.o_i    romdata   0x00ad34    program   0x000000
           .idata_FTP.o_i    romdata   0x00ad34    program   0x000000
.idata_BerkeleyTCPClientDemo.o_i    romdata   0x00ad36    program   0x000000
           .idata_ARP.o_i    romdata   0x00ad36    program   0x000001
      .idata_Announce.o_i    romdata   0x00ad36    program   0x000000
.idata_BerkeleyTCPServerDemo.o_i    romdata   0x00ad36    program   0x000000
        .idata_AutoIP.o_i    romdata   0x00ad36    program   0x000000
   .idata_BerkeleyAPI.o_i    romdata   0x00ad36    program   0x000000
.idata_BerkeleyUDPClientDemo.o_i    romdata   0x00ad36    program   0x000000
         .code_PingDemo.o       code   0x00ad38    program   0x000000
    .code_CustomSNMPApp.o       code   0x00ad38    program   0x000000
           .code_DynDNS.o       code   0x00ad38    program   0x000000
 .code_GenericTCPClient.o       code   0x00ad38    program   0x000000
           .code_SPIRAM.o       code   0x00ad38    program   0x000000
       .code_ENCX24J600.o       code   0x00ad38    program   0x000000
.code_BerkeleyUDPClientDemo.o       code   0x00ad38    program   0x000000
         .code_SPIFlash.o       code   0x00ad38    program   0x000000
              .code_FTP.o       code   0x00ad38    program   0x000000
        .code_SPIEEPROM.o       code   0x00ad38    program   0x000000
.code_BerkeleyTCPServerDemo.o       code   0x00ad38    program   0x000000
           .code_Hashes.o       code   0x00ad38    program   0x000000
             .code_SNTP.o       code   0x00ad38    program   0x000000
             .code_ICMP.o       code   0x00ad38    program   0x000000
             .code_SNMP.o       code   0x00ad38    program   0x000000
             .code_SMTP.o       code   0x00ad38    program   0x000000
.code_BerkeleyTCPClientDemo.o       code   0x00ad38    program   0x000000
      .code_LCDBlocking.o       code   0x00ad38    program   0x000000
           .code_Reboot.o       code   0x00ad38    program   0x000000
            .code_c018i.o       code   0x00ad38    program   0x000000
             .code_NBNS.o       code   0x00ad38    program   0x000000
              .code_UDP.o       code   0x00ad38    program   0x000000
      .code_BerkeleyAPI.o       code   0x00ad38    program   0x000000
.code_UDPPerformanceTest.o       code   0x00ad38    program   0x000000
           .code_AutoIP.o       code   0x00ad38    program   0x000000
   .code_UART2TCPBridge.o       code   0x00ad38    program   0x000000
   .code_ZeroconfHelper.o       code   0x00ad38    program   0x000000
         .code_Announce.o       code   0x00ad38    program   0x000000
             .code_DHCP.o       code   0x00ad38    program   0x000000
.code_ZeroconfLinkLocal.o       code   0x00ad38    program   0x000000
             .code_UART.o       code   0x00ad38    program   0x000000
            .code_DHCPs.o       code   0x00ad38    program   0x000000
.code_ZeroconfMulticastDNS.o       code   0x00ad38    program   0x000000
              .code_DNS.o       code   0x00ad38    program   0x000000
       .code_UARTConfig.o       code   0x00ad38    program   0x000000
       .code_DL_MPFSImg.o       code   0x00ad38    program   0x000000
           .code_Telnet.o       code   0x00ad38    program   0x000000
         .code_SMTPDemo.o       code   0x00ad38    program   0x000000
   .code_WFDebugStrings.o       code   0x00ad38    program   0x000000
             .code_DNSs.o       code   0x00ad38    program   0x000000
            .code_TFTPc.o       code   0x00ad38    program   0x000000
            .code_Delay.o       code   0x00ad38    program   0x000000
.code_TCPPerformanceTest.o       code   0x00ad38    program   0x000000
.config_300001_MainDemo.o    romdata   0x300001    program   0x000001
.config_300002_MainDemo.o    romdata   0x300002    program   0x000001
.config_300003_MainDemo.o    romdata   0x300003    program   0x000001
.config_300005_MainDemo.o    romdata   0x300005    program   0x000001
.config_300006_MainDemo.o    romdata   0x300006    program   0x000001
.config_30000a_MainDemo.o    romdata   0x30000a    program   0x000001
.config_30000b_MainDemo.o    romdata   0x30000b    program   0x000001
                MATH_DATA      udata   0x000000       data   0x000014
                 .tmpdata      udata   0x000014       data   0x00000e
                DELAYDAT1      udata   0x000022       data   0x000001
   HTTP_CONNECTION_STATES      udata   0x000060       data   0x000083
             .udata_ARP.o      udata   0x0000e3       data   0x000014
        .idata_MainDemo.o      idata   0x0000f7       data   0x000008
              .udata_IP.o      udata   0x0000ff       data   0x000001
        .udata_MainDemo.o      udata   0x000100       data   0x00003d
       SYN_QUEUE_RAM_SECT      udata   0x00013d       data   0x00003c
                   .stack      udata   0x000d00       data   0x000100
           .udata_MPFS2.o      udata   0x000e00       data   0x00006b
             .udata_TCP.o      udata   0x000e6b       data   0x000051
           .udata_c018i.o      udata   0x000ebc       data   0x00000a
            .udata_Tick.o      udata   0x000ec6       data   0x000006
        .udata_ENC28J60.o      udata   0x000ecc       data   0x000006
         .udata_Helpers.o      udata   0x000ed2       data   0x000004
            .idata_Tick.o      idata   0x000ed6       data   0x000004
         .idata_Helpers.o      idata   0x000eda       data   0x000004
             .idata_TCP.o      idata   0x000ede       data   0x000002
              .idata_IP.o      idata   0x000ee0       data   0x000002
   .idata_CustomHTTPApp.o      idata   0x000ee2       data   0x000002
        .idata_StackTsk.o      idata   0x000ee4       data   0x000001
.idata_GenericTCPServer.o      idata   0x000ee5       data   0x000001
             .idata_ARP.o      idata   0x000ee6       data   0x000001
  .udata_UART2TCPBridge.o      udata   0x000ee7       data   0x000000
            .udata_SNTP.o      udata   0x000ee7       data   0x000000
            .idata_UART.o      idata   0x000ee7       data   0x000000
            .udata_UART.o      udata   0x000ee7       data   0x000000
            .idata_SNTP.o      idata   0x000ee7       data   0x000000
          .idata_Telnet.o      idata   0x000ee7       data   0x000000
          .udata_Telnet.o      udata   0x000ee7       data   0x000000
           .idata_TFTPc.o      idata   0x000ee7       data   0x000000
           .udata_TFTPc.o      udata   0x000ee7       data   0x000000
       .udata_SPIEEPROM.o      udata   0x000ee7       data   0x000000
       .idata_SPIEEPROM.o      idata   0x000ee7       data   0x000000
.idata_TCPPerformanceTest.o      idata   0x000ee7       data   0x000000
.udata_TCPPerformanceTest.o      udata   0x000ee7       data   0x000000
.udata_BerkeleyTCPServerDemo.o      udata   0x000ee7       data   0x000000
        .udata_SPIFlash.o      udata   0x000ee7       data   0x000000
        .idata_SPIFlash.o      idata   0x000ee7       data   0x000000
          .udata_SPIRAM.o      udata   0x000ee7       data   0x000000
          .idata_SPIRAM.o      idata   0x000ee7       data   0x000000
          .idata___init.o      idata   0x000ee7       data   0x000000
          .udata___init.o      udata   0x000ee7       data   0x000000
        .idata_fxd3232u.o      idata   0x000ee7       data   0x000000
        .udata_fxd3232u.o      udata   0x000ee7       data   0x000000
        .idata_fxd1616u.o      idata   0x000ee7       data   0x000000
        .udata_fxd1616u.o      udata   0x000ee7       data   0x000000
           .idata_c018i.o      idata   0x000ee7       data   0x000000
.udata_BerkeleyTCPClientDemo.o      udata   0x000ee7       data   0x000000
.idata_BerkeleyTCPClientDemo.o      idata   0x000ee7       data   0x000000
   .idata_CustomSNMPApp.o      idata   0x000ee7       data   0x000000
   .udata_CustomSNMPApp.o      udata   0x000ee7       data   0x000000
   .udata_CustomHTTPApp.o      udata   0x000ee7       data   0x000000
  .idata_WFDebugStrings.o      idata   0x000ee7       data   0x000000
  .udata_WFDebugStrings.o      udata   0x000ee7       data   0x000000
      .idata_DL_MPFSImg.o      idata   0x000ee7       data   0x000000
      .udata_DL_MPFSImg.o      udata   0x000ee7       data   0x000000
.idata_ZeroconfMulticastDNS.o      idata   0x000ee7       data   0x000000
.udata_ZeroconfMulticastDNS.o      udata   0x000ee7       data   0x000000
.idata_ZeroconfLinkLocal.o      idata   0x000ee7       data   0x000000
.udata_ZeroconfLinkLocal.o      udata   0x000ee7       data   0x000000
  .idata_ZeroconfHelper.o      idata   0x000ee7       data   0x000000
  .udata_ZeroconfHelper.o      udata   0x000ee7       data   0x000000
.idata_UDPPerformanceTest.o      idata   0x000ee7       data   0x000000
.udata_UDPPerformanceTest.o      udata   0x000ee7       data   0x000000
             .idata_UDP.o      idata   0x000ee7       data   0x000000
             .udata_UDP.o      udata   0x000ee7       data   0x000000
  .idata_UART2TCPBridge.o      idata   0x000ee7       data   0x000000
          .udata_DynDNS.o      udata   0x000ee7       data   0x000000
           .idata_Delay.o      idata   0x000ee7       data   0x000000
           .udata_Delay.o      udata   0x000ee7       data   0x000000
            .idata_DNSs.o      idata   0x000ee7       data   0x000000
            .udata_DNSs.o      udata   0x000ee7       data   0x000000
             .idata_DNS.o      idata   0x000ee7       data   0x000000
             .udata_DNS.o      udata   0x000ee7       data   0x000000
           .idata_DHCPs.o      idata   0x000ee7       data   0x000000
           .udata_DHCPs.o      udata   0x000ee7       data   0x000000
            .idata_DHCP.o      idata   0x000ee7       data   0x000000
            .udata_DHCP.o      udata   0x000ee7       data   0x000000
     .idata_BerkeleyAPI.o      idata   0x000ee7       data   0x000000
     .udata_BerkeleyAPI.o      udata   0x000ee7       data   0x000000
          .idata_AutoIP.o      idata   0x000ee7       data   0x000000
          .udata_AutoIP.o      udata   0x000ee7       data   0x000000
        .idata_Announce.o      idata   0x000ee7       data   0x000000
        .udata_Announce.o      udata   0x000ee7       data   0x000000
.idata_BerkeleyUDPClientDemo.o      idata   0x000ee7       data   0x000000
      .idata_UARTConfig.o      idata   0x000ee7       data   0x000000
      .udata_UARTConfig.o      udata   0x000ee7       data   0x000000
        .idata_SMTPDemo.o      idata   0x000ee7       data   0x000000
        .udata_SMTPDemo.o      udata   0x000ee7       data   0x000000
        .idata_PingDemo.o      idata   0x000ee7       data   0x000000
        .udata_PingDemo.o      udata   0x000ee7       data   0x000000
.idata_GenericTCPClient.o      idata   0x000ee7       data   0x000000
.udata_GenericTCPClient.o      udata   0x000ee7       data   0x000000
            .idata_SNMP.o      idata   0x000ee7       data   0x000000
            .udata_SNMP.o      udata   0x000ee7       data   0x000000
            .idata_SMTP.o      idata   0x000ee7       data   0x000000
            .udata_SMTP.o      udata   0x000ee7       data   0x000000
          .idata_Reboot.o      idata   0x000ee7       data   0x000000
          .udata_Reboot.o      udata   0x000ee7       data   0x000000
            .idata_NBNS.o      idata   0x000ee7       data   0x000000
            .udata_NBNS.o      udata   0x000ee7       data   0x000000
           .idata_MPFS2.o      idata   0x000ee7       data   0x000000
     .idata_LCDBlocking.o      idata   0x000ee7       data   0x000000
     .udata_LCDBlocking.o      udata   0x000ee7       data   0x000000
.idata_BerkeleyTCPServerDemo.o      idata   0x000ee7       data   0x000000
          .idata_DynDNS.o      idata   0x000ee7       data   0x000000
        .idata_ENC28J60.o      idata   0x000ee7       data   0x000000
      .udata_ENCX24J600.o      udata   0x000ee7       data   0x000000
      .idata_ENCX24J600.o      idata   0x000ee7       data   0x000000
             .udata_FTP.o      udata   0x000ee7       data   0x000000
             .idata_FTP.o      idata   0x000ee7       data   0x000000
           .udata_HTTP2.o      udata   0x000ee7       data   0x000000
           .idata_HTTP2.o      idata   0x000ee7       data   0x000000
.udata_BerkeleyUDPClientDemo.o      udata   0x000ee7       data   0x000000
          .udata_Hashes.o      udata   0x000ee7       data   0x000000
          .idata_Hashes.o      idata   0x000ee7       data   0x000000
            .udata_ICMP.o      udata   0x000ee7       data   0x000000
            .idata_ICMP.o      idata   0x000ee7       data   0x000000
                 TCB_uRAM      udata   0x000f00       data   0x000054
        .udata_StackTsk.o      udata   0x000f54       data   0x00000b
.udata_GenericTCPServer.o      udata   0x000f5f       data   0x000001
            SFR_UNBANKED0      udata   0x000f77       data   0x000089



                              Program Memory Usage 
                               Start         End      
                           ---------   ---------      
                            0x000000    0x00ad36      
                            0x300001    0x300003      
                            0x300005    0x300006      
                            0x30000a    0x30000b      
            44350 out of 66584 program addresses used, program memory utilization is 66%



                              Symbols - Sorted by Name
                     Name    Address   Location    Storage File                     
                ---------  ---------  ---------  --------- ---------                
                  ARPInit   0x009a22    program     extern C:\microchip\mla\v2013-06-15\Microchip\TCPIP Stack\ARP.c
            ARPIsResolved   0x009c4e    program     extern C:\microchip\mla\v2013-06-15\Microchip\TCPIP Stack\ARP.c
               ARPProcess   0x009a3a    program     extern C:\microchip\mla\v2013-06-15\Microchip\TCPIP Stack\ARP.c
                   ARPPut   0x00996a    program     static C:\microchip\mla\v2013-06-15\Microchip\TCPIP Stack\ARP.c
               ARPResolve   0x009bc4    program     extern C:\microchip\mla\v2013-06-15\Microchip\TCPIP Stack\ARP.c
               ARPSendPkt   0x0098fa    program     extern C:\microchip\mla\v2013-06-15\Microchip\TCPIP Stack\ARP.c
                   BFCReg   0x00702a    program     static C:\microchip\mla\v2013-06-15\Microchip\TCPIP Stack\ENC28J60.c
                   BFSReg   0x00703c    program     static C:\microchip\mla\v2013-06-15\Microchip\TCPIP Stack\ENC28J60.c
                  BankSel   0x007076    program     static C:\microchip\mla\v2013-06-15\Microchip\TCPIP Stack\ENC28J60.c
     CalcIPBufferChecksum   0x006aee    program     extern C:\microchip\mla\v2013-06-15\Microchip\TCPIP Stack\ENC28J60.c
           CalcIPChecksum   0x008866    program     extern C:\microchip\mla\v2013-06-15\Microchip\TCPIP Stack\Helpers.c
              CloseSocket   0x001b72    program     static C:\microchip\mla\v2013-06-15\Microchip\TCPIP Stack\TCP.c
                    D1K_1   0x00acbc    program     static C:\MCC18\src\traditional\delays\d1ktcyx.asm
                     D1Kx   0x00acba    program     static C:\MCC18\src\traditional\delays\d1ktcyx.asm
              Delay1KTCYx   0x00acb0    program     extern C:\MCC18\src\traditional\delays\d1ktcyx.asm
           DisplayIPValue   0x009f1c    program     extern C:\microchip\mla\v2013-06-15\TCPIP\tcpip_18f26k20_demo_app\MainDemo.c
                 FXD1616U   0x00ac84    program     extern C:\MCC18\src\traditional\math\fxd1616u.c
                 FXD3232U   0x00ac00    program     extern C:\MCC18\src\traditional\math\fxd3232u.c
                 FXM1616U   0x00ac48    program     extern C:\MCC18\src\traditional\math\fxm1616u.asm
       FindMatchingSocket   0x001884    program     static C:\microchip\mla\v2013-06-15\Microchip\TCPIP Stack\TCP.c
        FormatNetBIOSName   0x0089f0    program     extern C:\microchip\mla\v2013-06-15\Microchip\TCPIP Stack\Helpers.c
      GenerateRandomDWORD   0x008232    program     extern C:\microchip\mla\v2013-06-15\Microchip\TCPIP Stack\Helpers.c
         GenericTCPServer   0x00a6ce    program     extern C:\microchip\mla\v2013-06-15\TCPIP\tcpip_18f26k20_demo_app\GenericTCPServer.c
                GetCLKOUT   0x0070bc    program     extern C:\microchip\mla\v2013-06-15\Microchip\TCPIP Stack\ENC28J60.c
      GetMaxSegSizeOption   0x001bf0    program     static C:\microchip\mla\v2013-06-15\Microchip\TCPIP Stack\TCP.c
              GetTickCopy   0x00a8f8    program     static C:\microchip\mla\v2013-06-15\Microchip\TCPIP Stack\Tick.c
          HTML_DOWN_ARROW   0x00ad21    program     extern C:\microchip\mla\v2013-06-15\TCPIP\tcpip_18f26k20_demo_app\CustomHTTPApp.c
            HTML_UP_ARROW   0x00ad1e    program     extern C:\microchip\mla\v2013-06-15\TCPIP\tcpip_18f26k20_demo_app\CustomHTTPApp.c
           HTTPExecuteGet   0x008dea    program     extern C:\microchip\mla\v2013-06-15\TCPIP\tcpip_18f26k20_demo_app\CustomHTTPApp.c
               HTTPGetArg   0x005d9e    program     extern C:\microchip\mla\v2013-06-15\Microchip\TCPIP Stack\HTTP2.c
            HTTPGetROMArg   0x005dd6    program     extern C:\microchip\mla\v2013-06-15\Microchip\TCPIP Stack\HTTP2.c
    HTTPHeaderParseLookup   0x005c6a    program     static C:\microchip\mla\v2013-06-15\Microchip\TCPIP Stack\HTTP2.c
              HTTPIncFile   0x005e6e    program     extern C:\microchip\mla\v2013-06-15\Microchip\TCPIP Stack\HTTP2.c
                 HTTPInit   0x00533c    program     extern C:\microchip\mla\v2013-06-15\Microchip\TCPIP Stack\HTTP2.c
             HTTPLoadConn   0x00541c    program     static C:\microchip\mla\v2013-06-15\Microchip\TCPIP Stack\HTTP2.c
                HTTPPrint   0x00526a    program     extern C:\microchip\mla\v2013-06-15\TCPIP\tcpip_18f26k20_demo_app\HTTPPrint.h
              HTTPPrintIP   0x009076    program     extern C:\microchip\mla\v2013-06-15\TCPIP\tcpip_18f26k20_demo_app\CustomHTTPApp.c
               HTTPPrint_   0x00532a    program     extern C:\microchip\mla\v2013-06-15\TCPIP\tcpip_18f26k20_demo_app\HTTPPrint.h
            HTTPPrint_btn   0x008ec0    program     extern C:\microchip\mla\v2013-06-15\TCPIP\tcpip_18f26k20_demo_app\CustomHTTPApp.c
      HTTPPrint_builddate   0x008e5c    program     extern C:\microchip\mla\v2013-06-15\TCPIP\tcpip_18f26k20_demo_app\CustomHTTPApp.c
HTTPPrint_config_dhcpchecked   0x0090d8    program     extern C:\microchip\mla\v2013-06-15\TCPIP\tcpip_18f26k20_demo_app\CustomHTTPApp.c
    HTTPPrint_config_dns1   0x00911e    program     extern C:\microchip\mla\v2013-06-15\TCPIP\tcpip_18f26k20_demo_app\CustomHTTPApp.c
    HTTPPrint_config_dns2   0x009130    program     extern C:\microchip\mla\v2013-06-15\TCPIP\tcpip_18f26k20_demo_app\CustomHTTPApp.c
      HTTPPrint_config_gw   0x0090fa    program     extern C:\microchip\mla\v2013-06-15\TCPIP\tcpip_18f26k20_demo_app\CustomHTTPApp.c
HTTPPrint_config_hostname   0x0090d0    program     extern C:\microchip\mla\v2013-06-15\TCPIP\tcpip_18f26k20_demo_app\CustomHTTPApp.c
      HTTPPrint_config_ip   0x0090e8    program     extern C:\microchip\mla\v2013-06-15\TCPIP\tcpip_18f26k20_demo_app\CustomHTTPApp.c
     HTTPPrint_config_mac   0x009142    program     extern C:\microchip\mla\v2013-06-15\TCPIP\tcpip_18f26k20_demo_app\CustomHTTPApp.c
  HTTPPrint_config_subnet   0x00910c    program     extern C:\microchip\mla\v2013-06-15\TCPIP\tcpip_18f26k20_demo_app\CustomHTTPApp.c
     HTTPPrint_cookiename   0x008ff4    program     extern C:\microchip\mla\v2013-06-15\TCPIP\tcpip_18f26k20_demo_app\CustomHTTPApp.c
      HTTPPrint_ddns_host   0x0091a8    program     extern C:\microchip\mla\v2013-06-15\TCPIP\tcpip_18f26k20_demo_app\CustomHTTPApp.c
      HTTPPrint_ddns_pass   0x0091a6    program     extern C:\microchip\mla\v2013-06-15\TCPIP\tcpip_18f26k20_demo_app\CustomHTTPApp.c
   HTTPPrint_ddns_service   0x0091aa    program     extern C:\microchip\mla\v2013-06-15\TCPIP\tcpip_18f26k20_demo_app\CustomHTTPApp.c
    HTTPPrint_ddns_status   0x0091b0    program     extern C:\microchip\mla\v2013-06-15\TCPIP\tcpip_18f26k20_demo_app\CustomHTTPApp.c
HTTPPrint_ddns_status_msg   0x0091ba    program     extern C:\microchip\mla\v2013-06-15\TCPIP\tcpip_18f26k20_demo_app\CustomHTTPApp.c
      HTTPPrint_ddns_user   0x0091a4    program     extern C:\microchip\mla\v2013-06-15\TCPIP\tcpip_18f26k20_demo_app\CustomHTTPApp.c
       HTTPPrint_hellomsg   0x008fd6    program     extern C:\microchip\mla\v2013-06-15\TCPIP\tcpip_18f26k20_demo_app\CustomHTTPApp.c
        HTTPPrint_lcdtext   0x008faa    program     extern C:\microchip\mla\v2013-06-15\TCPIP\tcpip_18f26k20_demo_app\CustomHTTPApp.c
            HTTPPrint_led   0x008f40    program     extern C:\microchip\mla\v2013-06-15\TCPIP\tcpip_18f26k20_demo_app\CustomHTTPApp.c
    HTTPPrint_ledSelected   0x008f52    program     extern C:\microchip\mla\v2013-06-15\TCPIP\tcpip_18f26k20_demo_app\CustomHTTPApp.c
            HTTPPrint_pot   0x008f74    program     extern C:\microchip\mla\v2013-06-15\TCPIP\tcpip_18f26k20_demo_app\CustomHTTPApp.c
      HTTPPrint_read_comm   0x00918c    program     extern C:\microchip\mla\v2013-06-15\TCPIP\tcpip_18f26k20_demo_app\CustomHTTPApp.c
         HTTPPrint_reboot   0x009198    program     extern C:\microchip\mla\v2013-06-15\TCPIP\tcpip_18f26k20_demo_app\CustomHTTPApp.c
     HTTPPrint_rebootaddr   0x00919c    program     extern C:\microchip\mla\v2013-06-15\TCPIP\tcpip_18f26k20_demo_app\CustomHTTPApp.c
       HTTPPrint_smtps_en   0x0091de    program     extern C:\microchip\mla\v2013-06-15\TCPIP\tcpip_18f26k20_demo_app\CustomHTTPApp.c
        HTTPPrint_snmp_en   0x0091e8    program     extern C:\microchip\mla\v2013-06-15\TCPIP\tcpip_18f26k20_demo_app\CustomHTTPApp.c
    HTTPPrint_status_fail   0x00920e    program     extern C:\microchip\mla\v2013-06-15\TCPIP\tcpip_18f26k20_demo_app\CustomHTTPApp.c
      HTTPPrint_status_ok   0x0091f2    program     extern C:\microchip\mla\v2013-06-15\TCPIP\tcpip_18f26k20_demo_app\CustomHTTPApp.c
   HTTPPrint_uploadeImage   0x009022    program     extern C:\microchip\mla\v2013-06-15\TCPIP\tcpip_18f26k20_demo_app\CustomHTTPApp.c
    HTTPPrint_uploadedmd5   0x009024    program     extern C:\microchip\mla\v2013-06-15\TCPIP\tcpip_18f26k20_demo_app\CustomHTTPApp.c
        HTTPPrint_version   0x008eb6    program     extern C:\microchip\mla\v2013-06-15\TCPIP\tcpip_18f26k20_demo_app\CustomHTTPApp.c
     HTTPPrint_write_comm   0x009192    program     extern C:\microchip\mla\v2013-06-15\TCPIP\tcpip_18f26k20_demo_app\CustomHTTPApp.c
              HTTPProcess   0x00546e    program     static C:\microchip\mla\v2013-06-15\Microchip\TCPIP Stack\HTTP2.c
       HTTPRequestHeaders   0x00abf9    program     static C:\microchip\mla\v2013-06-15\Microchip\TCPIP Stack\HTTP2.c
      HTTPResponseHeaders   0x00abe5    program     static C:\microchip\mla\v2013-06-15\Microchip\TCPIP Stack\HTTP2.c
             HTTPSendFile   0x005b3e    program     static C:\microchip\mla\v2013-06-15\Microchip\TCPIP Stack\HTTP2.c
               HTTPServer   0x0053a2    program     extern C:\microchip\mla\v2013-06-15\Microchip\TCPIP Stack\HTTP2.c
            HTTPURLDecode   0x005c70    program     extern C:\microchip\mla\v2013-06-15\Microchip\TCPIP Stack\HTTP2.c
                HTTP_CRLF   0x00abb2    program     static C:\microchip\mla\v2013-06-15\Microchip\TCPIP Stack\HTTP2.c
             HandleTCPSeg   0x001cd4    program     static C:\microchip\mla\v2013-06-15\Microchip\TCPIP Stack\TCP.c
                  HighISR   0x009e6a    program     extern C:\microchip\mla\v2013-06-15\TCPIP\tcpip_18f26k20_demo_app\MainDemo.c
               HighVector   0x000008    program     extern C:\microchip\mla\v2013-06-15\TCPIP\tcpip_18f26k20_demo_app\MainDemo.c
              IPGetHeader   0x00a126    program     extern C:\microchip\mla\v2013-06-15\Microchip\TCPIP Stack\IP.c
              IPPutHeader   0x00a25a    program     extern C:\microchip\mla\v2013-06-15\Microchip\TCPIP Stack\IP.c
            IPSetRxBuffer   0x00a354    program     extern C:\microchip\mla\v2013-06-15\Microchip\TCPIP Stack\IP.c
            InitAppConfig   0x00a000    program     static C:\microchip\mla\v2013-06-15\TCPIP\tcpip_18f26k20_demo_app\MainDemo.c
          InitializeBoard   0x009fd4    program     static C:\microchip\mla\v2013-06-15\TCPIP\tcpip_18f26k20_demo_app\MainDemo.c
                 LFSRRand   0x0081b4    program     extern C:\microchip\mla\v2013-06-15\Microchip\TCPIP Stack\Helpers.c
             LFSRSeedRand   0x00811a    program     extern C:\microchip\mla\v2013-06-15\Microchip\TCPIP Stack\Helpers.c
                   LowISR   0x009dda    program     extern C:\microchip\mla\v2013-06-15\TCPIP\tcpip_18f26k20_demo_app\MainDemo.c
                LowVector   0x000018    program     extern C:\microchip\mla\v2013-06-15\TCPIP\tcpip_18f26k20_demo_app\MainDemo.c
        MACCalcRxChecksum   0x006aac    program     extern C:\microchip\mla\v2013-06-15\Microchip\TCPIP Stack\ENC28J60.c
             MACDiscardRx   0x0065e4    program     extern C:\microchip\mla\v2013-06-15\Microchip\TCPIP Stack\ENC28J60.c
                 MACFlush   0x006974    program     extern C:\microchip\mla\v2013-06-15\Microchip\TCPIP Stack\ENC28J60.c
                   MACGet   0x006dfe    program     extern C:\microchip\mla\v2013-06-15\Microchip\TCPIP Stack\ENC28J60.c
              MACGetArray   0x006e18    program     extern C:\microchip\mla\v2013-06-15\Microchip\TCPIP Stack\ENC28J60.c
         MACGetFreeRxSize   0x006644    program     extern C:\microchip\mla\v2013-06-15\Microchip\TCPIP Stack\ENC28J60.c
             MACGetHeader   0x00673a    program     extern C:\microchip\mla\v2013-06-15\Microchip\TCPIP Stack\ENC28J60.c
                  MACInit   0x00644a    program     extern C:\microchip\mla\v2013-06-15\Microchip\TCPIP Stack\ENC28J60.c
              MACIsLinked   0x0065c2    program     extern C:\microchip\mla\v2013-06-15\Microchip\TCPIP Stack\ENC28J60.c
         MACIsMemCopyDone   0x006df2    program     extern C:\microchip\mla\v2013-06-15\Microchip\TCPIP Stack\ENC28J60.c
             MACIsTxReady   0x0065d6    program     extern C:\microchip\mla\v2013-06-15\Microchip\TCPIP Stack\ENC28J60.c
          MACMemCopyAsync   0x006c56    program     extern C:\microchip\mla\v2013-06-15\Microchip\TCPIP Stack\ENC28J60.c
             MACPowerDown   0x007082    program     extern C:\microchip\mla\v2013-06-15\Microchip\TCPIP Stack\ENC28J60.c
               MACPowerUp   0x00709c    program     extern C:\microchip\mla\v2013-06-15\Microchip\TCPIP Stack\ENC28J60.c
                   MACPut   0x006ea2    program     extern C:\microchip\mla\v2013-06-15\Microchip\TCPIP Stack\ENC28J60.c
              MACPutArray   0x006eb6    program     extern C:\microchip\mla\v2013-06-15\Microchip\TCPIP Stack\ENC28J60.c
             MACPutHeader   0x006906    program     extern C:\microchip\mla\v2013-06-15\Microchip\TCPIP Stack\ENC28J60.c
           MACPutROMArray   0x006ee6    program     extern C:\microchip\mla\v2013-06-15\Microchip\TCPIP Stack\ENC28J60.c
            MACSetReadPtr   0x006a8c    program     extern C:\microchip\mla\v2013-06-15\Microchip\TCPIP Stack\ENC28J60.c
        MACSetReadPtrInRx   0x006a4e    program     extern C:\microchip\mla\v2013-06-15\Microchip\TCPIP Stack\ENC28J60.c
           MACSetWritePtr   0x006a6c    program     extern C:\microchip\mla\v2013-06-15\Microchip\TCPIP Stack\ENC28J60.c
                MPFSClose   0x00771a    program     extern C:\microchip\mla\v2013-06-15\Microchip\TCPIP Stack\MPFS2.c
                  MPFSGet   0x007736    program     extern C:\microchip\mla\v2013-06-15\Microchip\TCPIP Stack\MPFS2.c
             MPFSGetArray   0x0077d0    program     extern C:\microchip\mla\v2013-06-15\Microchip\TCPIP Stack\MPFS2.c
          MPFSGetBytesRem   0x007b2a    program     extern C:\microchip\mla\v2013-06-15\Microchip\TCPIP Stack\MPFS2.c
           MPFSGetEndAddr   0x007b90    program     extern C:\microchip\mla\v2013-06-15\Microchip\TCPIP Stack\MPFS2.c
          MPFSGetFilename   0x007bde    program     extern C:\microchip\mla\v2013-06-15\Microchip\TCPIP Stack\MPFS2.c
             MPFSGetFlags   0x007acc    program     extern C:\microchip\mla\v2013-06-15\Microchip\TCPIP Stack\MPFS2.c
                MPFSGetID   0x007c80    program     extern C:\microchip\mla\v2013-06-15\Microchip\TCPIP Stack\MPFS2.c
              MPFSGetLong   0x0078ae    program     extern C:\microchip\mla\v2013-06-15\Microchip\TCPIP Stack\MPFS2.c
         MPFSGetMicrotime   0x007a9a    program     extern C:\microchip\mla\v2013-06-15\Microchip\TCPIP Stack\MPFS2.c
          MPFSGetPosition   0x007c4e    program     extern C:\microchip\mla\v2013-06-15\Microchip\TCPIP Stack\MPFS2.c
              MPFSGetSize   0x007af8    program     extern C:\microchip\mla\v2013-06-15\Microchip\TCPIP Stack\MPFS2.c
         MPFSGetStartAddr   0x007b54    program     extern C:\microchip\mla\v2013-06-15\Microchip\TCPIP Stack\MPFS2.c
         MPFSGetTimestamp   0x007a68    program     extern C:\microchip\mla\v2013-06-15\Microchip\TCPIP Stack\MPFS2.c
                 MPFSInit   0x007436    program     extern C:\microchip\mla\v2013-06-15\Microchip\TCPIP Stack\MPFS2.c
                 MPFSOpen   0x007464    program     extern C:\microchip\mla\v2013-06-15\Microchip\TCPIP Stack\MPFS2.c
               MPFSOpenID   0x00769e    program     extern C:\microchip\mla\v2013-06-15\Microchip\TCPIP Stack\MPFS2.c
              MPFSOpenROM   0x00758a    program     extern C:\microchip\mla\v2013-06-15\Microchip\TCPIP Stack\MPFS2.c
                 MPFSSeek   0x0078e2    program     extern C:\microchip\mla\v2013-06-15\Microchip\TCPIP Stack\MPFS2.c
              MPFS_000001   0x003fe2    program     extern C:\microchip\mla\v2013-06-15\TCPIP\tcpip_18f26k20_demo_app\DL_MPFSImg.c
              MPFS_000002   0x0043e2    program     extern C:\microchip\mla\v2013-06-15\TCPIP\tcpip_18f26k20_demo_app\DL_MPFSImg.c
              MPFS_000003   0x0047e2    program     extern C:\microchip\mla\v2013-06-15\TCPIP\tcpip_18f26k20_demo_app\DL_MPFSImg.c
              MPFS_000004   0x004be2    program     extern C:\microchip\mla\v2013-06-15\TCPIP\tcpip_18f26k20_demo_app\DL_MPFSImg.c
              MPFS_000005   0x004fe2    program     extern C:\microchip\mla\v2013-06-15\TCPIP\tcpip_18f26k20_demo_app\DL_MPFSImg.c
               MPFS_Start   0x003be2    program     extern C:\microchip\mla\v2013-06-15\TCPIP\tcpip_18f26k20_demo_app\DL_MPFSImg.c
                ProcessIO   0x009f98    program     static C:\microchip\mla\v2013-06-15\TCPIP\tcpip_18f26k20_demo_app\MainDemo.c
     ROMStringToIPAddress   0x00850a    program     extern C:\microchip\mla\v2013-06-15\Microchip\TCPIP Stack\Helpers.c
               ReadETHReg   0x006fa6    program     static C:\microchip\mla\v2013-06-15\Microchip\TCPIP Stack\ENC28J60.c
               ReadMACReg   0x006fb8    program     static C:\microchip\mla\v2013-06-15\Microchip\TCPIP Stack\ENC28J60.c
               ReadPHYReg   0x006fd2    program     extern C:\microchip\mla\v2013-06-15\Microchip\TCPIP Stack\ENC28J60.c
          SendSystemReset   0x006f22    program     static C:\microchip\mla\v2013-06-15\Microchip\TCPIP Stack\ENC28J60.c
                  SendTCP   0x0013ba    program     static C:\microchip\mla\v2013-06-15\Microchip\TCPIP Stack\TCP.c
     SerializedMACAddress   0x00000e    program     static C:\microchip\mla\v2013-06-15\TCPIP\tcpip_18f26k20_demo_app\MainDemo.c
                SetCLKOUT   0x0070aa    program     extern C:\microchip\mla\v2013-06-15\Microchip\TCPIP Stack\ENC28J60.c
        StackApplications   0x00aafa    program     extern C:\microchip\mla\v2013-06-15\Microchip\TCPIP Stack\StackTsk.c
                StackInit   0x00aa0e    program     extern C:\microchip\mla\v2013-06-15\Microchip\TCPIP Stack\StackTsk.c
                StackTask   0x00aa5e    program     extern C:\microchip\mla\v2013-06-15\Microchip\TCPIP Stack\StackTsk.c
        StringToIPAddress   0x00845a    program     extern C:\microchip\mla\v2013-06-15\Microchip\TCPIP Stack\Helpers.c
            SwapARPPacket   0x009cf0    program     extern C:\microchip\mla\v2013-06-15\Microchip\TCPIP Stack\ARP.c
             SwapIPHeader   0x00a382    program     static C:\microchip\mla\v2013-06-15\Microchip\TCPIP Stack\IP.c
            SwapTCPHeader   0x001b0a    program     static C:\microchip\mla\v2013-06-15\Microchip\TCPIP Stack\TCP.c
                  SyncTCB   0x0000e2    program     static C:\microchip\mla\v2013-06-15\Microchip\TCPIP Stack\TCP.c
              SyncTCBStub   0x00008c    program     static C:\microchip\mla\v2013-06-15\Microchip\TCPIP Stack\TCP.c
        TCPAdjustFIFOSize   0x002772    program     extern C:\microchip\mla\v2013-06-15\Microchip\TCPIP Stack\TCP.c
                 TCPClose   0x0004ca    program     extern C:\microchip\mla\v2013-06-15\Microchip\TCPIP Stack\TCP.c
               TCPDiscard   0x00080c    program     extern C:\microchip\mla\v2013-06-15\Microchip\TCPIP Stack\TCP.c
            TCPDisconnect   0x000448    program     extern C:\microchip\mla\v2013-06-15\Microchip\TCPIP Stack\TCP.c
           TCPFindArrayEx   0x000b62    program     extern C:\microchip\mla\v2013-06-15\Microchip\TCPIP Stack\TCP.c
                TCPFindEx   0x000e82    program     extern C:\microchip\mla\v2013-06-15\Microchip\TCPIP Stack\TCP.c
        TCPFindROMArrayEx   0x000cf2    program     extern C:\microchip\mla\v2013-06-15\Microchip\TCPIP Stack\TCP.c
                 TCPFlush   0x000520    program     extern C:\microchip\mla\v2013-06-15\Microchip\TCPIP Stack\TCP.c
                   TCPGet   0x000880    program     extern C:\microchip\mla\v2013-06-15\Microchip\TCPIP Stack\TCP.c
              TCPGetArray   0x0008f2    program     extern C:\microchip\mla\v2013-06-15\Microchip\TCPIP Stack\TCP.c
         TCPGetRemoteInfo   0x0004e4    program     extern C:\microchip\mla\v2013-06-15\Microchip\TCPIP Stack\TCP.c
         TCPGetRxFIFOFree   0x0009fe    program     extern C:\microchip\mla\v2013-06-15\Microchip\TCPIP Stack\TCP.c
         TCPGetTxFIFOFull   0x0007d0    program     extern C:\microchip\mla\v2013-06-15\Microchip\TCPIP Stack\TCP.c
                  TCPInit   0x000156    program     extern C:\microchip\mla\v2013-06-15\Microchip\TCPIP Stack\TCP.c
           TCPIsConnected   0x00042c    program     extern C:\microchip\mla\v2013-06-15\Microchip\TCPIP Stack\TCP.c
            TCPIsGetReady   0x00082e    program     extern C:\microchip\mla\v2013-06-15\Microchip\TCPIP Stack\TCP.c
            TCPIsPutReady   0x000542    program     extern C:\microchip\mla\v2013-06-15\Microchip\TCPIP Stack\TCP.c
                  TCPOpen   0x0002dc    program     extern C:\microchip\mla\v2013-06-15\Microchip\TCPIP Stack\TCP.c
                  TCPPeek   0x000b3c    program     extern C:\microchip\mla\v2013-06-15\Microchip\TCPIP Stack\TCP.c
             TCPPeekArray   0x000a3a    program     extern C:\microchip\mla\v2013-06-15\Microchip\TCPIP Stack\TCP.c
               TCPProcess   0x00126e    program     extern C:\microchip\mla\v2013-06-15\Microchip\TCPIP Stack\TCP.c
                   TCPPut   0x0005ac    program     extern C:\microchip\mla\v2013-06-15\Microchip\TCPIP Stack\TCP.c
              TCPPutArray   0x000648    program     extern C:\microchip\mla\v2013-06-15\Microchip\TCPIP Stack\TCP.c
           TCPPutROMArray   0x0006c6    program     extern C:\microchip\mla\v2013-06-15\Microchip\TCPIP Stack\TCP.c
          TCPPutROMString   0x00077e    program     extern C:\microchip\mla\v2013-06-15\Microchip\TCPIP Stack\TCP.c
             TCPPutString   0x000744    program     extern C:\microchip\mla\v2013-06-15\Microchip\TCPIP Stack\TCP.c
               TCPRAMCopy   0x00292e    program     static C:\microchip\mla\v2013-06-15\Microchip\TCPIP Stack\TCP.c
            TCPRAMCopyROM   0x0029ba    program     static C:\microchip\mla\v2013-06-15\Microchip\TCPIP Stack\TCP.c
     TCPSocketInitializer   0x00ad0c    program     extern C:\microchip\mla\v2013-06-15\TCPIP\tcpip_18f26k20_demo_app\Configs\TCPIP 18F26K20_ENC28.h
                  TCPTick   0x000eb0    program     extern C:\microchip\mla\v2013-06-15\Microchip\TCPIP Stack\TCP.c
              TCPWasReset   0x000410    program     extern C:\microchip\mla\v2013-06-15\Microchip\TCPIP Stack\TCP.c
TickConvertToMilliseconds   0x00a984    program     extern C:\microchip\mla\v2013-06-15\Microchip\TCPIP Stack\Tick.c
                  TickGet   0x00a91e    program     extern C:\microchip\mla\v2013-06-15\Microchip\TCPIP Stack\Tick.c
            TickGetDiv256   0x00a940    program     extern C:\microchip\mla\v2013-06-15\Microchip\TCPIP Stack\Tick.c
            TickGetDiv64K   0x00a962    program     extern C:\microchip\mla\v2013-06-15\Microchip\TCPIP Stack\Tick.c
                 TickInit   0x00a8e8    program     extern C:\microchip\mla\v2013-06-15\Microchip\TCPIP Stack\Tick.c
               TickUpdate   0x00a9c6    program     extern C:\microchip\mla\v2013-06-15\Microchip\TCPIP Stack\Tick.c
              WritePHYReg   0x00704e    program     extern C:\microchip\mla\v2013-06-15\Microchip\TCPIP Stack\ENC28J60.c
                 WriteReg   0x007018    program     static C:\microchip\mla\v2013-06-15\Microchip\TCPIP Stack\ENC28J60.c
              _2jContinue   0x00a530    program     static C:\MCC18\src\traditional\stdclib\memset.asm
                   _2jEnd   0x00a632    program     static C:\MCC18\src\traditional\stdclib\slenpgm.asm
              _3jContinue   0x00a460    program     static C:\MCC18\src\traditional\stdclib\mcmpp2r.asm
              _3jContinue   0x00a4fc    program     static C:\MCC18\src\traditional\stdclib\mcpyp2r.asm
                   _3jEnd   0x00a53a    program     static C:\MCC18\src\traditional\stdclib\memset.asm
              _4jContinue   0x00a4a8    program     static C:\MCC18\src\traditional\stdclib\memcpy.asm
              _4jContinue   0x00a67c    program     static C:\MCC18\src\traditional\stdclib\strncpy.asm
                   _4jEnd   0x00a46a    program     static C:\MCC18\src\traditional\stdclib\mcmpp2r.asm
                   _4jEnd   0x00a506    program     static C:\MCC18\src\traditional\stdclib\mcpyp2r.asm
                   _5jEnd   0x00a686    program     static C:\MCC18\src\traditional\stdclib\strncpy.asm
                   _5jEnd   0x00a4b2    program     static C:\MCC18\src\traditional\stdclib\memcpy.asm
        _D1KTCYXCODE_0010   0x00acc0    program     static C:\MCC18\src\traditional\delays\d1ktcyx.asm
        _D1KTCYXCODE_0016   0x00acc6    program     static C:\MCC18\src\traditional\delays\d1ktcyx.asm
           _LoadFATRecord   0x0079e6    program     static C:\microchip\mla\v2013-06-15\Microchip\TCPIP Stack\MPFS2.c
                _Validate   0x007c98    program     static C:\microchip\mla\v2013-06-15\Microchip\TCPIP Stack\MPFS2.c
           ___do_lbl00002   0x00a916    program     static                          
           ___do_lbl00003   0x00a91a    program     static                          
           ___do_lbl00004   0x00a8f8    program     static                          
          ___for_lbl00101   0x0089ac    program     static                          
          ___for_lbl00102   0x0089b2    program     static                          
          ___for_lbl00103   0x00898e    program     static                          
          ___for_lbl00104   0x0089c6    program     static                          
          ___for_lbl00105   0x0089ca    program     static                          
          ___for_lbl00106   0x0089b2    program     static                          
           ___if_lbl00014   0x008346    program     static                          
           ___if_lbl00015   0x008364    program     static                          
           ___if_lbl00016   0x0083f6    program     static                          
           ___if_lbl00017   0x0083fc    program     static                          
           ___if_lbl00019   0x006780    program     static                          
           ___if_lbl00020   0x00678c    program     static                          
           ___if_lbl00026   0x00686e    program     static                          
           ___if_lbl00029   0x0068e6    program     static                          
       ___return_lbl00000   0x00ac46    program     static                          
       ___return_lbl00000   0x000004    program     static                          
       ___return_lbl00000   0x00acae    program     static                          
       ___return_lbl00001   0x00ad0a    program     static                          
       ___return_lbl00001   0x00a91c    program     static                          
       ___return_lbl00002   0x00abb0    program     static                          
       ___return_lbl00002   0x00001c    program     static                          
       ___return_lbl00003   0x00000c    program     static                          
       ___return_lbl00009   0x008446    program     static                          
       ___return_lbl00018   0x0068ee    program     static                          
       ___return_lbl00067   0x00919a    program     static                          
       ___return_lbl00100   0x0089dc    program     static                          
        ___while_lbl00010   0x0082a0    program     static                          
        ___while_lbl00011   0x0083fe    program     static                          
        ___while_lbl00012   0x0082a8    program     static                          
        ___while_lbl00013   0x0082ac    program     static                          
               __config_0   0x300001    program     static C:\microchip\mla\v2013-06-15\TCPIP\tcpip_18f26k20_demo_app\MainDemo.c
               __config_1   0x300002    program     static C:\microchip\mla\v2013-06-15\TCPIP\tcpip_18f26k20_demo_app\MainDemo.c
               __config_2   0x300003    program     static C:\microchip\mla\v2013-06-15\TCPIP\tcpip_18f26k20_demo_app\MainDemo.c
               __config_3   0x300005    program     static C:\microchip\mla\v2013-06-15\TCPIP\tcpip_18f26k20_demo_app\MainDemo.c
               __config_4   0x300006    program     static C:\microchip\mla\v2013-06-15\TCPIP\tcpip_18f26k20_demo_app\MainDemo.c
               __config_5   0x30000a    program     static C:\microchip\mla\v2013-06-15\TCPIP\tcpip_18f26k20_demo_app\MainDemo.c
               __config_6   0x30000b    program     static C:\microchip\mla\v2013-06-15\TCPIP\tcpip_18f26k20_demo_app\MainDemo.c
                   __init   0x000006    program     extern C:\MCC18\src\traditional\stdclib\__init.c
                   __pa_0   0x00922a    program     static C:\microchip\mla\v2013-06-15\TCPIP\tcpip_18f26k20_demo_app\CustomHTTPApp.c
                   __pa_0   0x00a88c    program     static C:\microchip\mla\v2013-06-15\TCPIP\tcpip_18f26k20_demo_app\GenericTCPServer.c
                   __pa_0   0x009d18    program     static C:\microchip\mla\v2013-06-15\Microchip\TCPIP Stack\ARP.c
                   __pa_0   0x0070d2    program     static C:\microchip\mla\v2013-06-15\Microchip\TCPIP Stack\ENC28J60.c
                   __pa_0   0x00a9da    program     static C:\microchip\mla\v2013-06-15\Microchip\TCPIP Stack\Tick.c
                   __pa_0   0x00aafe    program     static C:\microchip\mla\v2013-06-15\Microchip\TCPIP Stack\StackTsk.c
                   __pa_0   0x002a6e    program     static C:\microchip\mla\v2013-06-15\Microchip\TCPIP Stack\TCP.c
                   __pa_0   0x007cfc    program     static C:\microchip\mla\v2013-06-15\Microchip\TCPIP Stack\MPFS2.c
                   __pa_0   0x00a3a0    program     static C:\microchip\mla\v2013-06-15\Microchip\TCPIP Stack\IP.c
                   __pa_0   0x008baa    program     static C:\microchip\mla\v2013-06-15\Microchip\TCPIP Stack\Helpers.c
                   __pa_0   0x00a0dc    program     static C:\microchip\mla\v2013-06-15\TCPIP\tcpip_18f26k20_demo_app\MainDemo.c
                   __pa_0   0x005f40    program     static C:\microchip\mla\v2013-06-15\Microchip\TCPIP Stack\HTTP2.c
                   __pa_1   0x0070dc    program     static C:\microchip\mla\v2013-06-15\Microchip\TCPIP Stack\ENC28J60.c
                   __pa_1   0x009d26    program     static C:\microchip\mla\v2013-06-15\Microchip\TCPIP Stack\ARP.c
                   __pa_1   0x00a8aa    program     static C:\microchip\mla\v2013-06-15\TCPIP\tcpip_18f26k20_demo_app\GenericTCPServer.c
                   __pa_1   0x00a9f4    program     static C:\microchip\mla\v2013-06-15\Microchip\TCPIP Stack\Tick.c
                   __pa_1   0x002a96    program     static C:\microchip\mla\v2013-06-15\Microchip\TCPIP Stack\TCP.c
                   __pa_1   0x009248    program     static C:\microchip\mla\v2013-06-15\TCPIP\tcpip_18f26k20_demo_app\CustomHTTPApp.c
                   __pa_1   0x007d10    program     static C:\microchip\mla\v2013-06-15\Microchip\TCPIP Stack\MPFS2.c
                   __pa_1   0x00a0ec    program     static C:\microchip\mla\v2013-06-15\TCPIP\tcpip_18f26k20_demo_app\MainDemo.c
                   __pa_1   0x005f56    program     static C:\microchip\mla\v2013-06-15\Microchip\TCPIP Stack\HTTP2.c
                   __pa_1   0x008bc6    program     static C:\microchip\mla\v2013-06-15\Microchip\TCPIP Stack\Helpers.c
                   __pa_1   0x00a3c2    program     static C:\microchip\mla\v2013-06-15\Microchip\TCPIP Stack\IP.c
                   __pa_1   0x00ab0a    program     static C:\microchip\mla\v2013-06-15\Microchip\TCPIP Stack\StackTsk.c
                  __pa_10   0x002bc2    program     static C:\microchip\mla\v2013-06-15\Microchip\TCPIP Stack\TCP.c
                  __pa_10   0x007152    program     static C:\microchip\mla\v2013-06-15\Microchip\TCPIP Stack\ENC28J60.c
                  __pa_10   0x007df8    program     static C:\microchip\mla\v2013-06-15\Microchip\TCPIP Stack\MPFS2.c
                  __pa_10   0x006012    program     static C:\microchip\mla\v2013-06-15\Microchip\TCPIP Stack\HTTP2.c
                  __pa_10   0x008c9c    program     static C:\microchip\mla\v2013-06-15\Microchip\TCPIP Stack\Helpers.c
                  __pa_10   0x0092d0    program     static C:\microchip\mla\v2013-06-15\TCPIP\tcpip_18f26k20_demo_app\CustomHTTPApp.c
                  __pa_10   0x009db2    program     static C:\microchip\mla\v2013-06-15\Microchip\TCPIP Stack\ARP.c
                 __pa_100   0x0031ba    program     static C:\microchip\mla\v2013-06-15\Microchip\TCPIP Stack\TCP.c
                 __pa_101   0x0031c6    program     static C:\microchip\mla\v2013-06-15\Microchip\TCPIP Stack\TCP.c
                 __pa_102   0x0031d2    program     static C:\microchip\mla\v2013-06-15\Microchip\TCPIP Stack\TCP.c
                 __pa_103   0x0031e8    program     static C:\microchip\mla\v2013-06-15\Microchip\TCPIP Stack\TCP.c
                 __pa_104   0x0031f8    program     static C:\microchip\mla\v2013-06-15\Microchip\TCPIP Stack\TCP.c
                 __pa_105   0x00320c    program     static C:\microchip\mla\v2013-06-15\Microchip\TCPIP Stack\TCP.c
                 __pa_106   0x003222    program     static C:\microchip\mla\v2013-06-15\Microchip\TCPIP Stack\TCP.c
                 __pa_107   0x003238    program     static C:\microchip\mla\v2013-06-15\Microchip\TCPIP Stack\TCP.c
                 __pa_108   0x00324e    program     static C:\microchip\mla\v2013-06-15\Microchip\TCPIP Stack\TCP.c
                 __pa_109   0x00325a    program     static C:\microchip\mla\v2013-06-15\Microchip\TCPIP Stack\TCP.c
                  __pa_11   0x007e02    program     static C:\microchip\mla\v2013-06-15\Microchip\TCPIP Stack\MPFS2.c
                  __pa_11   0x009dba    program     static C:\microchip\mla\v2013-06-15\Microchip\TCPIP Stack\ARP.c
                  __pa_11   0x00715a    program     static C:\microchip\mla\v2013-06-15\Microchip\TCPIP Stack\ENC28J60.c
                  __pa_11   0x002bda    program     static C:\microchip\mla\v2013-06-15\Microchip\TCPIP Stack\TCP.c
                  __pa_11   0x00601a    program     static C:\microchip\mla\v2013-06-15\Microchip\TCPIP Stack\HTTP2.c
                  __pa_11   0x008cb4    program     static C:\microchip\mla\v2013-06-15\Microchip\TCPIP Stack\Helpers.c
                  __pa_11   0x0092d6    program     static C:\microchip\mla\v2013-06-15\TCPIP\tcpip_18f26k20_demo_app\CustomHTTPApp.c
                 __pa_110   0x003268    program     static C:\microchip\mla\v2013-06-15\Microchip\TCPIP Stack\TCP.c
                 __pa_111   0x003276    program     static C:\microchip\mla\v2013-06-15\Microchip\TCPIP Stack\TCP.c
                 __pa_112   0x00327e    program     static C:\microchip\mla\v2013-06-15\Microchip\TCPIP Stack\TCP.c
                 __pa_113   0x003286    program     static C:\microchip\mla\v2013-06-15\Microchip\TCPIP Stack\TCP.c
                 __pa_114   0x003294    program     static C:\microchip\mla\v2013-06-15\Microchip\TCPIP Stack\TCP.c
                 __pa_115   0x0032a2    program     static C:\microchip\mla\v2013-06-15\Microchip\TCPIP Stack\TCP.c
                 __pa_116   0x0032b0    program     static C:\microchip\mla\v2013-06-15\Microchip\TCPIP Stack\TCP.c
                 __pa_117   0x0032be    program     static C:\microchip\mla\v2013-06-15\Microchip\TCPIP Stack\TCP.c
                 __pa_118   0x0032cc    program     static C:\microchip\mla\v2013-06-15\Microchip\TCPIP Stack\TCP.c
                 __pa_119   0x0032da    program     static C:\microchip\mla\v2013-06-15\Microchip\TCPIP Stack\TCP.c
                  __pa_12   0x00716e    program     static C:\microchip\mla\v2013-06-15\Microchip\TCPIP Stack\ENC28J60.c
                  __pa_12   0x002c2e    program     static C:\microchip\mla\v2013-06-15\Microchip\TCPIP Stack\TCP.c
                  __pa_12   0x008cc6    program     static C:\microchip\mla\v2013-06-15\Microchip\TCPIP Stack\Helpers.c
                  __pa_12   0x007e14    program     static C:\microchip\mla\v2013-06-15\Microchip\TCPIP Stack\MPFS2.c
                  __pa_12   0x009dc8    program     static C:\microchip\mla\v2013-06-15\Microchip\TCPIP Stack\ARP.c
                  __pa_12   0x0092e8    program     static C:\microchip\mla\v2013-06-15\TCPIP\tcpip_18f26k20_demo_app\CustomHTTPApp.c
                  __pa_12   0x006024    program     static C:\microchip\mla\v2013-06-15\Microchip\TCPIP Stack\HTTP2.c
                 __pa_120   0x0032e8    program     static C:\microchip\mla\v2013-06-15\Microchip\TCPIP Stack\TCP.c
                 __pa_121   0x0032f2    program     static C:\microchip\mla\v2013-06-15\Microchip\TCPIP Stack\TCP.c
                 __pa_122   0x0032fc    program     static C:\microchip\mla\v2013-06-15\Microchip\TCPIP Stack\TCP.c
                 __pa_123   0x003306    program     static C:\microchip\mla\v2013-06-15\Microchip\TCPIP Stack\TCP.c
                 __pa_124   0x003310    program     static C:\microchip\mla\v2013-06-15\Microchip\TCPIP Stack\TCP.c
                 __pa_125   0x00331a    program     static C:\microchip\mla\v2013-06-15\Microchip\TCPIP Stack\TCP.c
                 __pa_126   0x00332e    program     static C:\microchip\mla\v2013-06-15\Microchip\TCPIP Stack\TCP.c
                 __pa_127   0x00333c    program     static C:\microchip\mla\v2013-06-15\Microchip\TCPIP Stack\TCP.c
                 __pa_128   0x003350    program     static C:\microchip\mla\v2013-06-15\Microchip\TCPIP Stack\TCP.c
                 __pa_129   0x003362    program     static C:\microchip\mla\v2013-06-15\Microchip\TCPIP Stack\TCP.c
                  __pa_13   0x007192    program     static C:\microchip\mla\v2013-06-15\Microchip\TCPIP Stack\ENC28J60.c
                  __pa_13   0x002c3c    program     static C:\microchip\mla\v2013-06-15\Microchip\TCPIP Stack\TCP.c
                  __pa_13   0x008cd6    program     static C:\microchip\mla\v2013-06-15\Microchip\TCPIP Stack\Helpers.c
                  __pa_13   0x0092fa    program     static C:\microchip\mla\v2013-06-15\TCPIP\tcpip_18f26k20_demo_app\CustomHTTPApp.c
                  __pa_13   0x007e2e    program     static C:\microchip\mla\v2013-06-15\Microchip\TCPIP Stack\MPFS2.c
                  __pa_13   0x009dd0    program     static C:\microchip\mla\v2013-06-15\Microchip\TCPIP Stack\ARP.c
                  __pa_13   0x006032    program     static C:\microchip\mla\v2013-06-15\Microchip\TCPIP Stack\HTTP2.c
                 __pa_130   0x003374    program     static C:\microchip\mla\v2013-06-15\Microchip\TCPIP Stack\TCP.c
                 __pa_131   0x003386    program     static C:\microchip\mla\v2013-06-15\Microchip\TCPIP Stack\TCP.c
                 __pa_132   0x003398    program     static C:\microchip\mla\v2013-06-15\Microchip\TCPIP Stack\TCP.c
                 __pa_133   0x0033a6    program     static C:\microchip\mla\v2013-06-15\Microchip\TCPIP Stack\TCP.c
                 __pa_134   0x0033b0    program     static C:\microchip\mla\v2013-06-15\Microchip\TCPIP Stack\TCP.c
                 __pa_135   0x0033ba    program     static C:\microchip\mla\v2013-06-15\Microchip\TCPIP Stack\TCP.c
                 __pa_136   0x0033c4    program     static C:\microchip\mla\v2013-06-15\Microchip\TCPIP Stack\TCP.c
                 __pa_137   0x0033ce    program     static C:\microchip\mla\v2013-06-15\Microchip\TCPIP Stack\TCP.c
                 __pa_138   0x0033de    program     static C:\microchip\mla\v2013-06-15\Microchip\TCPIP Stack\TCP.c
                 __pa_139   0x0033ee    program     static C:\microchip\mla\v2013-06-15\Microchip\TCPIP Stack\TCP.c
                  __pa_14   0x00603a    program     static C:\microchip\mla\v2013-06-15\Microchip\TCPIP Stack\HTTP2.c
                  __pa_14   0x009304    program     static C:\microchip\mla\v2013-06-15\TCPIP\tcpip_18f26k20_demo_app\CustomHTTPApp.c
                  __pa_14   0x002c44    program     static C:\microchip\mla\v2013-06-15\Microchip\TCPIP Stack\TCP.c
                  __pa_14   0x008ce6    program     static C:\microchip\mla\v2013-06-15\Microchip\TCPIP Stack\Helpers.c
                  __pa_14   0x00719c    program     static C:\microchip\mla\v2013-06-15\Microchip\TCPIP Stack\ENC28J60.c
                  __pa_14   0x007e3e    program     static C:\microchip\mla\v2013-06-15\Microchip\TCPIP Stack\MPFS2.c
                 __pa_140   0x0033fe    program     static C:\microchip\mla\v2013-06-15\Microchip\TCPIP Stack\TCP.c
                 __pa_141   0x00340e    program     static C:\microchip\mla\v2013-06-15\Microchip\TCPIP Stack\TCP.c
                 __pa_142   0x00341e    program     static C:\microchip\mla\v2013-06-15\Microchip\TCPIP Stack\TCP.c
                 __pa_143   0x003426    program     static C:\microchip\mla\v2013-06-15\Microchip\TCPIP Stack\TCP.c
                 __pa_144   0x003434    program     static C:\microchip\mla\v2013-06-15\Microchip\TCPIP Stack\TCP.c
                 __pa_145   0x003442    program     static C:\microchip\mla\v2013-06-15\Microchip\TCPIP Stack\TCP.c
                 __pa_146   0x003450    program     static C:\microchip\mla\v2013-06-15\Microchip\TCPIP Stack\TCP.c
                 __pa_147   0x00345e    program     static C:\microchip\mla\v2013-06-15\Microchip\TCPIP Stack\TCP.c
                 __pa_148   0x00346c    program     static C:\microchip\mla\v2013-06-15\Microchip\TCPIP Stack\TCP.c
                 __pa_149   0x00347a    program     static C:\microchip\mla\v2013-06-15\Microchip\TCPIP Stack\TCP.c
                  __pa_15   0x007e4c    program     static C:\microchip\mla\v2013-06-15\Microchip\TCPIP Stack\MPFS2.c
                  __pa_15   0x0071a8    program     static C:\microchip\mla\v2013-06-15\Microchip\TCPIP Stack\ENC28J60.c
                  __pa_15   0x008cf6    program     static C:\microchip\mla\v2013-06-15\Microchip\TCPIP Stack\Helpers.c
                  __pa_15   0x002c52    program     static C:\microchip\mla\v2013-06-15\Microchip\TCPIP Stack\TCP.c
                  __pa_15   0x006044    program     static C:\microchip\mla\v2013-06-15\Microchip\TCPIP Stack\HTTP2.c
                  __pa_15   0x00930c    program     static C:\microchip\mla\v2013-06-15\TCPIP\tcpip_18f26k20_demo_app\CustomHTTPApp.c
                 __pa_150   0x003488    program     static C:\microchip\mla\v2013-06-15\Microchip\TCPIP Stack\TCP.c
                 __pa_151   0x003496    program     static C:\microchip\mla\v2013-06-15\Microchip\TCPIP Stack\TCP.c
                 __pa_152   0x0034a4    program     static C:\microchip\mla\v2013-06-15\Microchip\TCPIP Stack\TCP.c
                 __pa_153   0x0034b2    program     static C:\microchip\mla\v2013-06-15\Microchip\TCPIP Stack\TCP.c
                 __pa_154   0x0034ba    program     static C:\microchip\mla\v2013-06-15\Microchip\TCPIP Stack\TCP.c
                 __pa_155   0x0034c8    program     static C:\microchip\mla\v2013-06-15\Microchip\TCPIP Stack\TCP.c
                 __pa_156   0x0034d6    program     static C:\microchip\mla\v2013-06-15\Microchip\TCPIP Stack\TCP.c
                 __pa_157   0x0034e4    program     static C:\microchip\mla\v2013-06-15\Microchip\TCPIP Stack\TCP.c
                 __pa_158   0x0034f2    program     static C:\microchip\mla\v2013-06-15\Microchip\TCPIP Stack\TCP.c
                 __pa_159   0x003500    program     static C:\microchip\mla\v2013-06-15\Microchip\TCPIP Stack\TCP.c
                  __pa_16   0x002c5a    program     static C:\microchip\mla\v2013-06-15\Microchip\TCPIP Stack\TCP.c
                  __pa_16   0x009314    program     static C:\microchip\mla\v2013-06-15\TCPIP\tcpip_18f26k20_demo_app\CustomHTTPApp.c
                  __pa_16   0x00606a    program     static C:\microchip\mla\v2013-06-15\Microchip\TCPIP Stack\HTTP2.c
                  __pa_16   0x008cfe    program     static C:\microchip\mla\v2013-06-15\Microchip\TCPIP Stack\Helpers.c
                  __pa_16   0x007e70    program     static C:\microchip\mla\v2013-06-15\Microchip\TCPIP Stack\MPFS2.c
                  __pa_16   0x0071b8    program     static C:\microchip\mla\v2013-06-15\Microchip\TCPIP Stack\ENC28J60.c
                 __pa_160   0x00350e    program     static C:\microchip\mla\v2013-06-15\Microchip\TCPIP Stack\TCP.c
                 __pa_161   0x00351c    program     static C:\microchip\mla\v2013-06-15\Microchip\TCPIP Stack\TCP.c
                 __pa_162   0x003526    program     static C:\microchip\mla\v2013-06-15\Microchip\TCPIP Stack\TCP.c
                 __pa_163   0x003530    program     static C:\microchip\mla\v2013-06-15\Microchip\TCPIP Stack\TCP.c
                 __pa_164   0x00353a    program     static C:\microchip\mla\v2013-06-15\Microchip\TCPIP Stack\TCP.c
                 __pa_165   0x003544    program     static C:\microchip\mla\v2013-06-15\Microchip\TCPIP Stack\TCP.c
                 __pa_166   0x00354e    program     static C:\microchip\mla\v2013-06-15\Microchip\TCPIP Stack\TCP.c
                 __pa_167   0x003558    program     static C:\microchip\mla\v2013-06-15\Microchip\TCPIP Stack\TCP.c
                 __pa_168   0x003562    program     static C:\microchip\mla\v2013-06-15\Microchip\TCPIP Stack\TCP.c
                 __pa_169   0x00356a    program     static C:\microchip\mla\v2013-06-15\Microchip\TCPIP Stack\TCP.c
                  __pa_17   0x0071c4    program     static C:\microchip\mla\v2013-06-15\Microchip\TCPIP Stack\ENC28J60.c
                  __pa_17   0x007e7a    program     static C:\microchip\mla\v2013-06-15\Microchip\TCPIP Stack\MPFS2.c
                  __pa_17   0x00931c    program     static C:\microchip\mla\v2013-06-15\TCPIP\tcpip_18f26k20_demo_app\CustomHTTPApp.c
                  __pa_17   0x006074    program     static C:\microchip\mla\v2013-06-15\Microchip\TCPIP Stack\HTTP2.c
                  __pa_17   0x002c66    program     static C:\microchip\mla\v2013-06-15\Microchip\TCPIP Stack\TCP.c
                  __pa_17   0x008d0c    program     static C:\microchip\mla\v2013-06-15\Microchip\TCPIP Stack\Helpers.c
                 __pa_170   0x003572    program     static C:\microchip\mla\v2013-06-15\Microchip\TCPIP Stack\TCP.c
                 __pa_171   0x00359e    program     static C:\microchip\mla\v2013-06-15\Microchip\TCPIP Stack\TCP.c
                 __pa_172   0x0035a8    program     static C:\microchip\mla\v2013-06-15\Microchip\TCPIP Stack\TCP.c
                 __pa_173   0x0035b2    program     static C:\microchip\mla\v2013-06-15\Microchip\TCPIP Stack\TCP.c
                 __pa_174   0x0035ba    program     static C:\microchip\mla\v2013-06-15\Microchip\TCPIP Stack\TCP.c
                 __pa_175   0x0035c6    program     static C:\microchip\mla\v2013-06-15\Microchip\TCPIP Stack\TCP.c
                 __pa_176   0x0035f0    program     static C:\microchip\mla\v2013-06-15\Microchip\TCPIP Stack\TCP.c
                 __pa_177   0x0035fa    program     static C:\microchip\mla\v2013-06-15\Microchip\TCPIP Stack\TCP.c
                 __pa_178   0x003604    program     static C:\microchip\mla\v2013-06-15\Microchip\TCPIP Stack\TCP.c
                 __pa_179   0x003622    program     static C:\microchip\mla\v2013-06-15\Microchip\TCPIP Stack\TCP.c
                  __pa_18   0x002c70    program     static C:\microchip\mla\v2013-06-15\Microchip\TCPIP Stack\TCP.c
                  __pa_18   0x0071ce    program     static C:\microchip\mla\v2013-06-15\Microchip\TCPIP Stack\ENC28J60.c
                  __pa_18   0x009326    program     static C:\microchip\mla\v2013-06-15\TCPIP\tcpip_18f26k20_demo_app\CustomHTTPApp.c
                  __pa_18   0x007e8e    program     static C:\microchip\mla\v2013-06-15\Microchip\TCPIP Stack\MPFS2.c
                  __pa_18   0x00607c    program     static C:\microchip\mla\v2013-06-15\Microchip\TCPIP Stack\HTTP2.c
                  __pa_18   0x008d1a    program     static C:\microchip\mla\v2013-06-15\Microchip\TCPIP Stack\Helpers.c
                 __pa_180   0x00363a    program     static C:\microchip\mla\v2013-06-15\Microchip\TCPIP Stack\TCP.c
                 __pa_181   0x003642    program     static C:\microchip\mla\v2013-06-15\Microchip\TCPIP Stack\TCP.c
                 __pa_182   0x003658    program     static C:\microchip\mla\v2013-06-15\Microchip\TCPIP Stack\TCP.c
                 __pa_183   0x003666    program     static C:\microchip\mla\v2013-06-15\Microchip\TCPIP Stack\TCP.c
                 __pa_184   0x00366e    program     static C:\microchip\mla\v2013-06-15\Microchip\TCPIP Stack\TCP.c
                 __pa_185   0x003678    program     static C:\microchip\mla\v2013-06-15\Microchip\TCPIP Stack\TCP.c
                 __pa_186   0x003684    program     static C:\microchip\mla\v2013-06-15\Microchip\TCPIP Stack\TCP.c
                 __pa_187   0x00369a    program     static C:\microchip\mla\v2013-06-15\Microchip\TCPIP Stack\TCP.c
                 __pa_188   0x0036a2    program     static C:\microchip\mla\v2013-06-15\Microchip\TCPIP Stack\TCP.c
                 __pa_189   0x0036b0    program     static C:\microchip\mla\v2013-06-15\Microchip\TCPIP Stack\TCP.c
                  __pa_19   0x00608c    program     static C:\microchip\mla\v2013-06-15\Microchip\TCPIP Stack\HTTP2.c
                  __pa_19   0x0071dc    program     static C:\microchip\mla\v2013-06-15\Microchip\TCPIP Stack\ENC28J60.c
                  __pa_19   0x002c86    program     static C:\microchip\mla\v2013-06-15\Microchip\TCPIP Stack\TCP.c
                  __pa_19   0x008d28    program     static C:\microchip\mla\v2013-06-15\Microchip\TCPIP Stack\Helpers.c
                  __pa_19   0x009340    program     static C:\microchip\mla\v2013-06-15\TCPIP\tcpip_18f26k20_demo_app\CustomHTTPApp.c
                  __pa_19   0x007eae    program     static C:\microchip\mla\v2013-06-15\Microchip\TCPIP Stack\MPFS2.c
                 __pa_190   0x0036be    program     static C:\microchip\mla\v2013-06-15\Microchip\TCPIP Stack\TCP.c
                 __pa_191   0x0036c8    program     static C:\microchip\mla\v2013-06-15\Microchip\TCPIP Stack\TCP.c
                 __pa_192   0x0036d0    program     static C:\microchip\mla\v2013-06-15\Microchip\TCPIP Stack\TCP.c
                 __pa_193   0x0036d8    program     static C:\microchip\mla\v2013-06-15\Microchip\TCPIP Stack\TCP.c
                 __pa_194   0x0036e2    program     static C:\microchip\mla\v2013-06-15\Microchip\TCPIP Stack\TCP.c
                 __pa_195   0x0036ea    program     static C:\microchip\mla\v2013-06-15\Microchip\TCPIP Stack\TCP.c
                 __pa_196   0x003706    program     static C:\microchip\mla\v2013-06-15\Microchip\TCPIP Stack\TCP.c
                 __pa_197   0x003720    program     static C:\microchip\mla\v2013-06-15\Microchip\TCPIP Stack\TCP.c
                 __pa_198   0x003730    program     static C:\microchip\mla\v2013-06-15\Microchip\TCPIP Stack\TCP.c
                 __pa_199   0x00373e    program     static C:\microchip\mla\v2013-06-15\Microchip\TCPIP Stack\TCP.c
                   __pa_2   0x009d30    program     static C:\microchip\mla\v2013-06-15\Microchip\TCPIP Stack\ARP.c
                   __pa_2   0x00a8b8    program     static C:\microchip\mla\v2013-06-15\TCPIP\tcpip_18f26k20_demo_app\GenericTCPServer.c
                   __pa_2   0x0070e6    program     static C:\microchip\mla\v2013-06-15\Microchip\TCPIP Stack\ENC28J60.c
                   __pa_2   0x002aa4    program     static C:\microchip\mla\v2013-06-15\Microchip\TCPIP Stack\TCP.c
                   __pa_2   0x00aa04    program     static C:\microchip\mla\v2013-06-15\Microchip\TCPIP Stack\Tick.c
                   __pa_2   0x00a3c8    program     static C:\microchip\mla\v2013-06-15\Microchip\TCPIP Stack\IP.c
                   __pa_2   0x00924e    program     static C:\microchip\mla\v2013-06-15\TCPIP\tcpip_18f26k20_demo_app\CustomHTTPApp.c
                   __pa_2   0x007d2a    program     static C:\microchip\mla\v2013-06-15\Microchip\TCPIP Stack\MPFS2.c
                   __pa_2   0x00a0f6    program     static C:\microchip\mla\v2013-06-15\TCPIP\tcpip_18f26k20_demo_app\MainDemo.c
                   __pa_2   0x005f78    program     static C:\microchip\mla\v2013-06-15\Microchip\TCPIP Stack\HTTP2.c
                   __pa_2   0x008bfe    program     static C:\microchip\mla\v2013-06-15\Microchip\TCPIP Stack\Helpers.c
                  __pa_20   0x007ecc    program     static C:\microchip\mla\v2013-06-15\Microchip\TCPIP Stack\MPFS2.c
                  __pa_20   0x00934e    program     static C:\microchip\mla\v2013-06-15\TCPIP\tcpip_18f26k20_demo_app\CustomHTTPApp.c
                  __pa_20   0x008d36    program     static C:\microchip\mla\v2013-06-15\Microchip\TCPIP Stack\Helpers.c
                  __pa_20   0x002ca4    program     static C:\microchip\mla\v2013-06-15\Microchip\TCPIP Stack\TCP.c
                  __pa_20   0x0071ea    program     static C:\microchip\mla\v2013-06-15\Microchip\TCPIP Stack\ENC28J60.c
                  __pa_20   0x00609c    program     static C:\microchip\mla\v2013-06-15\Microchip\TCPIP Stack\HTTP2.c
                 __pa_200   0x00374c    program     static C:\microchip\mla\v2013-06-15\Microchip\TCPIP Stack\TCP.c
                 __pa_201   0x003756    program     static C:\microchip\mla\v2013-06-15\Microchip\TCPIP Stack\TCP.c
                 __pa_202   0x00375e    program     static C:\microchip\mla\v2013-06-15\Microchip\TCPIP Stack\TCP.c
                 __pa_203   0x003774    program     static C:\microchip\mla\v2013-06-15\Microchip\TCPIP Stack\TCP.c
                 __pa_204   0x003788    program     static C:\microchip\mla\v2013-06-15\Microchip\TCPIP Stack\TCP.c
                 __pa_205   0x00379c    program     static C:\microchip\mla\v2013-06-15\Microchip\TCPIP Stack\TCP.c
                 __pa_206   0x0037aa    program     static C:\microchip\mla\v2013-06-15\Microchip\TCPIP Stack\TCP.c
                 __pa_207   0x0037b8    program     static C:\microchip\mla\v2013-06-15\Microchip\TCPIP Stack\TCP.c
                 __pa_208   0x0037c6    program     static C:\microchip\mla\v2013-06-15\Microchip\TCPIP Stack\TCP.c
                 __pa_209   0x0037d4    program     static C:\microchip\mla\v2013-06-15\Microchip\TCPIP Stack\TCP.c
                  __pa_21   0x007ede    program     static C:\microchip\mla\v2013-06-15\Microchip\TCPIP Stack\MPFS2.c
                  __pa_21   0x008d44    program     static C:\microchip\mla\v2013-06-15\Microchip\TCPIP Stack\Helpers.c
                  __pa_21   0x0071f2    program     static C:\microchip\mla\v2013-06-15\Microchip\TCPIP Stack\ENC28J60.c
                  __pa_21   0x0060a6    program     static C:\microchip\mla\v2013-06-15\Microchip\TCPIP Stack\HTTP2.c
                  __pa_21   0x00935a    program     static C:\microchip\mla\v2013-06-15\TCPIP\tcpip_18f26k20_demo_app\CustomHTTPApp.c
                  __pa_21   0x002cae    program     static C:\microchip\mla\v2013-06-15\Microchip\TCPIP Stack\TCP.c
                 __pa_210   0x0037de    program     static C:\microchip\mla\v2013-06-15\Microchip\TCPIP Stack\TCP.c
                 __pa_211   0x0037e6    program     static C:\microchip\mla\v2013-06-15\Microchip\TCPIP Stack\TCP.c
                 __pa_212   0x0037f8    program     static C:\microchip\mla\v2013-06-15\Microchip\TCPIP Stack\TCP.c
                 __pa_213   0x00380a    program     static C:\microchip\mla\v2013-06-15\Microchip\TCPIP Stack\TCP.c
                 __pa_214   0x00381e    program     static C:\microchip\mla\v2013-06-15\Microchip\TCPIP Stack\TCP.c
                 __pa_215   0x003832    program     static C:\microchip\mla\v2013-06-15\Microchip\TCPIP Stack\TCP.c
                 __pa_216   0x00383a    program     static C:\microchip\mla\v2013-06-15\Microchip\TCPIP Stack\TCP.c
                 __pa_217   0x00384c    program     static C:\microchip\mla\v2013-06-15\Microchip\TCPIP Stack\TCP.c
                 __pa_218   0x003858    program     static C:\microchip\mla\v2013-06-15\Microchip\TCPIP Stack\TCP.c
                 __pa_219   0x00386a    program     static C:\microchip\mla\v2013-06-15\Microchip\TCPIP Stack\TCP.c
                  __pa_22   0x007ef0    program     static C:\microchip\mla\v2013-06-15\Microchip\TCPIP Stack\MPFS2.c
                  __pa_22   0x007202    program     static C:\microchip\mla\v2013-06-15\Microchip\TCPIP Stack\ENC28J60.c
                  __pa_22   0x002cca    program     static C:\microchip\mla\v2013-06-15\Microchip\TCPIP Stack\TCP.c
[...]
                   SSPMSK   0x000f77       data     extern C:\MCC18\src\traditional\proc\p18F26K20.asm
               SSPMSKbits   0x000f77       data     extern C:\MCC18\src\traditional\proc\p18F26K20.asm
                   SLRCON   0x000f78       data     extern C:\MCC18\src\traditional\proc\p18F26K20.asm
               SLRCONbits   0x000f78       data     extern C:\MCC18\src\traditional\proc\p18F26K20.asm
              CM2CON1bits   0x000f79       data     extern C:\MCC18\src\traditional\proc\p18F26K20.asm
                  CM2CON1   0x000f79       data     extern C:\MCC18\src\traditional\proc\p18F26K20.asm
                  CM2CON0   0x000f7a       data     extern C:\MCC18\src\traditional\proc\p18F26K20.asm
              CM2CON0bits   0x000f7a       data     extern C:\MCC18\src\traditional\proc\p18F26K20.asm
              CM1CON0bits   0x000f7b       data     extern C:\MCC18\src\traditional\proc\p18F26K20.asm
                  CM1CON0   0x000f7b       data     extern C:\MCC18\src\traditional\proc\p18F26K20.asm
                 WPUBbits   0x000f7c       data     extern C:\MCC18\src\traditional\proc\p18F26K20.asm
                     WPUB   0x000f7c       data     extern C:\MCC18\src\traditional\proc\p18F26K20.asm
                 IOCBbits   0x000f7d       data     extern C:\MCC18\src\traditional\proc\p18F26K20.asm
                     IOCB   0x000f7d       data     extern C:\MCC18\src\traditional\proc\p18F26K20.asm
                ANSELbits   0x000f7e       data     extern C:\MCC18\src\traditional\proc\p18F26K20.asm
                    ANSEL   0x000f7e       data     extern C:\MCC18\src\traditional\proc\p18F26K20.asm
                   ANSELH   0x000f7f       data     extern C:\MCC18\src\traditional\proc\p18F26K20.asm
               ANSELHbits   0x000f7f       data     extern C:\MCC18\src\traditional\proc\p18F26K20.asm
                    PORTA   0x000f80       data     extern C:\MCC18\src\traditional\proc\p18F26K20.asm
                PORTAbits   0x000f80       data     extern C:\MCC18\src\traditional\proc\p18F26K20.asm
                    PORTB   0x000f81       data     extern C:\MCC18\src\traditional\proc\p18F26K20.asm
                PORTBbits   0x000f81       data     extern C:\MCC18\src\traditional\proc\p18F26K20.asm
                PORTCbits   0x000f82       data     extern C:\MCC18\src\traditional\proc\p18F26K20.asm
                    PORTC   0x000f82       data     extern C:\MCC18\src\traditional\proc\p18F26K20.asm
                    PORTE   0x000f84       data     extern C:\MCC18\src\traditional\proc\p18F26K20.asm
                PORTEbits   0x000f84       data     extern C:\MCC18\src\traditional\proc\p18F26K20.asm
                 LATAbits   0x000f89       data     extern C:\MCC18\src\traditional\proc\p18F26K20.asm
                     LATA   0x000f89       data     extern C:\MCC18\src\traditional\proc\p18F26K20.asm
                 LATBbits   0x000f8a       data     extern C:\MCC18\src\traditional\proc\p18F26K20.asm
                     LATB   0x000f8a       data     extern C:\MCC18\src\traditional\proc\p18F26K20.asm
                     LATC   0x000f8b       data     extern C:\MCC18\src\traditional\proc\p18F26K20.asm
                 LATCbits   0x000f8b       data     extern C:\MCC18\src\traditional\proc\p18F26K20.asm
                     DDRA   0x000f92       data     extern C:\MCC18\src\traditional\proc\p18F26K20.asm
                 DDRAbits   0x000f92       data     extern C:\MCC18\src\traditional\proc\p18F26K20.asm
                TRISAbits   0x000f92       data     extern C:\MCC18\src\traditional\proc\p18F26K20.asm
                    TRISA   0x000f92       data     extern C:\MCC18\src\traditional\proc\p18F26K20.asm
                     DDRB   0x000f93       data     extern C:\MCC18\src\traditional\proc\p18F26K20.asm
                 DDRBbits   0x000f93       data     extern C:\MCC18\src\traditional\proc\p18F26K20.asm
                TRISBbits   0x000f93       data     extern C:\MCC18\src\traditional\proc\p18F26K20.asm
                    TRISB   0x000f93       data     extern C:\MCC18\src\traditional\proc\p18F26K20.asm
                TRISCbits   0x000f94       data     extern C:\MCC18\src\traditional\proc\p18F26K20.asm
                    TRISC   0x000f94       data     extern C:\MCC18\src\traditional\proc\p18F26K20.asm
                 DDRCbits   0x000f94       data     extern C:\MCC18\src\traditional\proc\p18F26K20.asm
                     DDRC   0x000f94       data     extern C:\MCC18\src\traditional\proc\p18F26K20.asm
                  OSCTUNE   0x000f9b       data     extern C:\MCC18\src\traditional\proc\p18F26K20.asm
              OSCTUNEbits   0x000f9b       data     extern C:\MCC18\src\traditional\proc\p18F26K20.asm
                     PIE1   0x000f9d       data     extern C:\MCC18\src\traditional\proc\p18F26K20.asm
                 PIE1bits   0x000f9d       data     extern C:\MCC18\src\traditional\proc\p18F26K20.asm
                     PIR1   0x000f9e       data     extern C:\MCC18\src\traditional\proc\p18F26K20.asm
                 PIR1bits   0x000f9e       data     extern C:\MCC18\src\traditional\proc\p18F26K20.asm
                     IPR1   0x000f9f       data     extern C:\MCC18\src\traditional\proc\p18F26K20.asm
                 IPR1bits   0x000f9f       data     extern C:\MCC18\src\traditional\proc\p18F26K20.asm
                     PIE2   0x000fa0       data     extern C:\MCC18\src\traditional\proc\p18F26K20.asm
                 PIE2bits   0x000fa0       data     extern C:\MCC18\src\traditional\proc\p18F26K20.asm
                 PIR2bits   0x000fa1       data     extern C:\MCC18\src\traditional\proc\p18F26K20.asm
                     PIR2   0x000fa1       data     extern C:\MCC18\src\traditional\proc\p18F26K20.asm
                     IPR2   0x000fa2       data     extern C:\MCC18\src\traditional\proc\p18F26K20.asm
                 IPR2bits   0x000fa2       data     extern C:\MCC18\src\traditional\proc\p18F26K20.asm
                   EECON1   0x000fa6       data     extern C:\MCC18\src\traditional\proc\p18F26K20.asm
               EECON1bits   0x000fa6       data     extern C:\MCC18\src\traditional\proc\p18F26K20.asm
                   EECON2   0x000fa7       data     extern C:\MCC18\src\traditional\proc\p18F26K20.asm
                   EEDATA   0x000fa8       data     extern C:\MCC18\src\traditional\proc\p18F26K20.asm
                    EEADR   0x000fa9       data     extern C:\MCC18\src\traditional\proc\p18F26K20.asm
                EEADRbits   0x000fa9       data     extern C:\MCC18\src\traditional\proc\p18F26K20.asm
                   EEADRH   0x000faa       data     extern C:\MCC18\src\traditional\proc\p18F26K20.asm
               EEADRHbits   0x000faa       data     extern C:\MCC18\src\traditional\proc\p18F26K20.asm
                    RCSTA   0x000fab       data     extern C:\MCC18\src\traditional\proc\p18F26K20.asm
                RCSTAbits   0x000fab       data     extern C:\MCC18\src\traditional\proc\p18F26K20.asm
                TXSTAbits   0x000fac       data     extern C:\MCC18\src\traditional\proc\p18F26K20.asm
                    TXSTA   0x000fac       data     extern C:\MCC18\src\traditional\proc\p18F26K20.asm
                    TXREG   0x000fad       data     extern C:\MCC18\src\traditional\proc\p18F26K20.asm
                    RCREG   0x000fae       data     extern C:\MCC18\src\traditional\proc\p18F26K20.asm
                    SPBRG   0x000faf       data     extern C:\MCC18\src\traditional\proc\p18F26K20.asm
                   SPBRGH   0x000fb0       data     extern C:\MCC18\src\traditional\proc\p18F26K20.asm
                T3CONbits   0x000fb1       data     extern C:\MCC18\src\traditional\proc\p18F26K20.asm
                    T3CON   0x000fb1       data     extern C:\MCC18\src\traditional\proc\p18F26K20.asm
                    TMR3L   0x000fb2       data     extern C:\MCC18\src\traditional\proc\p18F26K20.asm
                    TMR3H   0x000fb3       data     extern C:\MCC18\src\traditional\proc\p18F26K20.asm
              CVRCON2bits   0x000fb4       data     extern C:\MCC18\src\traditional\proc\p18F26K20.asm
                  CVRCON2   0x000fb4       data     extern C:\MCC18\src\traditional\proc\p18F26K20.asm
               CVRCONbits   0x000fb5       data     extern C:\MCC18\src\traditional\proc\p18F26K20.asm
                   CVRCON   0x000fb5       data     extern C:\MCC18\src\traditional\proc\p18F26K20.asm
                  ECCP1AS   0x000fb6       data     extern C:\MCC18\src\traditional\proc\p18F26K20.asm
              ECCP1ASbits   0x000fb6       data     extern C:\MCC18\src\traditional\proc\p18F26K20.asm
              PWM1CONbits   0x000fb7       data     extern C:\MCC18\src\traditional\proc\p18F26K20.asm
                  PWM1CON   0x000fb7       data     extern C:\MCC18\src\traditional\proc\p18F26K20.asm
                  BAUDCON   0x000fb8       data     extern C:\MCC18\src\traditional\proc\p18F26K20.asm
              BAUDCONbits   0x000fb8       data     extern C:\MCC18\src\traditional\proc\p18F26K20.asm
                  BAUDCTL   0x000fb8       data     extern C:\MCC18\src\traditional\proc\p18F26K20.asm
              BAUDCTLbits   0x000fb8       data     extern C:\MCC18\src\traditional\proc\p18F26K20.asm
              PSTRCONbits   0x000fb9       data     extern C:\MCC18\src\traditional\proc\p18F26K20.asm
                  PSTRCON   0x000fb9       data     extern C:\MCC18\src\traditional\proc\p18F26K20.asm
                  CCP2CON   0x000fba       data     extern C:\MCC18\src\traditional\proc\p18F26K20.asm
              CCP2CONbits   0x000fba       data     extern C:\MCC18\src\traditional\proc\p18F26K20.asm
                    CCPR2   0x000fbb       data     extern C:\MCC18\src\traditional\proc\p18F26K20.asm
                   CCPR2L   0x000fbb       data     extern C:\MCC18\src\traditional\proc\p18F26K20.asm
                   CCPR2H   0x000fbc       data     extern C:\MCC18\src\traditional\proc\p18F26K20.asm
              CCP1CONbits   0x000fbd       data     extern C:\MCC18\src\traditional\proc\p18F26K20.asm
                  CCP1CON   0x000fbd       data     extern C:\MCC18\src\traditional\proc\p18F26K20.asm
                    CCPR1   0x000fbe       data     extern C:\MCC18\src\traditional\proc\p18F26K20.asm
                   CCPR1L   0x000fbe       data     extern C:\MCC18\src\traditional\proc\p18F26K20.asm
                   CCPR1H   0x000fbf       data     extern C:\MCC18\src\traditional\proc\p18F26K20.asm
                   ADCON2   0x000fc0       data     extern C:\MCC18\src\traditional\proc\p18F26K20.asm
               ADCON2bits   0x000fc0       data     extern C:\MCC18\src\traditional\proc\p18F26K20.asm
                   ADCON1   0x000fc1       data     extern C:\MCC18\src\traditional\proc\p18F26K20.asm
               ADCON1bits   0x000fc1       data     extern C:\MCC18\src\traditional\proc\p18F26K20.asm
                   ADCON0   0x000fc2       data     extern C:\MCC18\src\traditional\proc\p18F26K20.asm
               ADCON0bits   0x000fc2       data     extern C:\MCC18\src\traditional\proc\p18F26K20.asm
                    ADRES   0x000fc3       data     extern C:\MCC18\src\traditional\proc\p18F26K20.asm
                   ADRESL   0x000fc3       data     extern C:\MCC18\src\traditional\proc\p18F26K20.asm
                   ADRESH   0x000fc4       data     extern C:\MCC18\src\traditional\proc\p18F26K20.asm
                  SSPCON2   0x000fc5       data     extern C:\MCC18\src\traditional\proc\p18F26K20.asm
              SSPCON2bits   0x000fc5       data     extern C:\MCC18\src\traditional\proc\p18F26K20.asm
                  SSPCON1   0x000fc6       data     extern C:\MCC18\src\traditional\proc\p18F26K20.asm
              SSPCON1bits   0x000fc6       data     extern C:\MCC18\src\traditional\proc\p18F26K20.asm
                  SSPSTAT   0x000fc7       data     extern C:\MCC18\src\traditional\proc\p18F26K20.asm
              SSPSTATbits   0x000fc7       data     extern C:\MCC18\src\traditional\proc\p18F26K20.asm
                   SSPADD   0x000fc8       data     extern C:\MCC18\src\traditional\proc\p18F26K20.asm
                   SSPBUF   0x000fc9       data     extern C:\MCC18\src\traditional\proc\p18F26K20.asm
                T2CONbits   0x000fca       data     extern C:\MCC18\src\traditional\proc\p18F26K20.asm
                    T2CON   0x000fca       data     extern C:\MCC18\src\traditional\proc\p18F26K20.asm
                      PR2   0x000fcb       data     extern C:\MCC18\src\traditional\proc\p18F26K20.asm
                     TMR2   0x000fcc       data     extern C:\MCC18\src\traditional\proc\p18F26K20.asm
                T1CONbits   0x000fcd       data     extern C:\MCC18\src\traditional\proc\p18F26K20.asm
                    T1CON   0x000fcd       data     extern C:\MCC18\src\traditional\proc\p18F26K20.asm
                    TMR1L   0x000fce       data     extern C:\MCC18\src\traditional\proc\p18F26K20.asm
                    TMR1H   0x000fcf       data     extern C:\MCC18\src\traditional\proc\p18F26K20.asm
                     RCON   0x000fd0       data     extern C:\MCC18\src\traditional\proc\p18F26K20.asm
                 RCONbits   0x000fd0       data     extern C:\MCC18\src\traditional\proc\p18F26K20.asm
                   WDTCON   0x000fd1       data     extern C:\MCC18\src\traditional\proc\p18F26K20.asm
               WDTCONbits   0x000fd1       data     extern C:\MCC18\src\traditional\proc\p18F26K20.asm
               LVDCONbits   0x000fd2       data     extern C:\MCC18\src\traditional\proc\p18F26K20.asm
                   LVDCON   0x000fd2       data     extern C:\MCC18\src\traditional\proc\p18F26K20.asm
              HLVDCONbits   0x000fd2       data     extern C:\MCC18\src\traditional\proc\p18F26K20.asm
                  HLVDCON   0x000fd2       data     extern C:\MCC18\src\traditional\proc\p18F26K20.asm
               OSCCONbits   0x000fd3       data     extern C:\MCC18\src\traditional\proc\p18F26K20.asm
                   OSCCON   0x000fd3       data     extern C:\MCC18\src\traditional\proc\p18F26K20.asm
                    T0CON   0x000fd5       data     extern C:\MCC18\src\traditional\proc\p18F26K20.asm
                T0CONbits   0x000fd5       data     extern C:\MCC18\src\traditional\proc\p18F26K20.asm
                    TMR0L   0x000fd6       data     extern C:\MCC18\src\traditional\proc\p18F26K20.asm
                    TMR0H   0x000fd7       data     extern C:\MCC18\src\traditional\proc\p18F26K20.asm
               STATUSbits   0x000fd8       data     extern C:\MCC18\src\traditional\proc\p18F26K20.asm
                   STATUS   0x000fd8       data     extern C:\MCC18\src\traditional\proc\p18F26K20.asm
                    FSR2L   0x000fd9       data     extern C:\MCC18\src\traditional\proc\p18F26K20.asm
                     FSR2   0x000fd9       data     extern C:\MCC18\src\traditional\proc\p18F26K20.asm
                    FSR2H   0x000fda       data     extern C:\MCC18\src\traditional\proc\p18F26K20.asm
                   PLUSW2   0x000fdb       data     extern C:\MCC18\src\traditional\proc\p18F26K20.asm
                  PREINC2   0x000fdc       data     extern C:\MCC18\src\traditional\proc\p18F26K20.asm
                 POSTDEC2   0x000fdd       data     extern C:\MCC18\src\traditional\proc\p18F26K20.asm
                 POSTINC2   0x000fde       data     extern C:\MCC18\src\traditional\proc\p18F26K20.asm
                    INDF2   0x000fdf       data     extern C:\MCC18\src\traditional\proc\p18F26K20.asm
                      BSR   0x000fe0       data     extern C:\MCC18\src\traditional\proc\p18F26K20.asm
                     FSR1   0x000fe1       data     extern C:\MCC18\src\traditional\proc\p18F26K20.asm
                    FSR1L   0x000fe1       data     extern C:\MCC18\src\traditional\proc\p18F26K20.asm
                    FSR1H   0x000fe2       data     extern C:\MCC18\src\traditional\proc\p18F26K20.asm
                   PLUSW1   0x000fe3       data     extern C:\MCC18\src\traditional\proc\p18F26K20.asm
                  PREINC1   0x000fe4       data     extern C:\MCC18\src\traditional\proc\p18F26K20.asm
                 POSTDEC1   0x000fe5       data     extern C:\MCC18\src\traditional\proc\p18F26K20.asm
                 POSTINC1   0x000fe6       data     extern C:\MCC18\src\traditional\proc\p18F26K20.asm
                    INDF1   0x000fe7       data     extern C:\MCC18\src\traditional\proc\p18F26K20.asm
                        W   0x000fe8       data     extern C:\MCC18\src\traditional\proc\p18F26K20.asm
                     WREG   0x000fe8       data     extern C:\MCC18\src\traditional\proc\p18F26K20.asm
                     FSR0   0x000fe9       data     extern C:\MCC18\src\traditional\proc\p18F26K20.asm
                    FSR0L   0x000fe9       data     extern C:\MCC18\src\traditional\proc\p18F26K20.asm
                    FSR0H   0x000fea       data     extern C:\MCC18\src\traditional\proc\p18F26K20.asm
                   PLUSW0   0x000feb       data     extern C:\MCC18\src\traditional\proc\p18F26K20.asm
                  PREINC0   0x000fec       data     extern C:\MCC18\src\traditional\proc\p18F26K20.asm
                 POSTDEC0   0x000fed       data     extern C:\MCC18\src\traditional\proc\p18F26K20.asm
                 POSTINC0   0x000fee       data     extern C:\MCC18\src\traditional\proc\p18F26K20.asm
                    INDF0   0x000fef       data     extern C:\MCC18\src\traditional\proc\p18F26K20.asm
              INTCON3bits   0x000ff0       data     extern C:\MCC18\src\traditional\proc\p18F26K20.asm
                  INTCON3   0x000ff0       data     extern C:\MCC18\src\traditional\proc\p18F26K20.asm
              INTCON2bits   0x000ff1       data     extern C:\MCC18\src\traditional\proc\p18F26K20.asm
                  INTCON2   0x000ff1       data     extern C:\MCC18\src\traditional\proc\p18F26K20.asm
               INTCONbits   0x000ff2       data     extern C:\MCC18\src\traditional\proc\p18F26K20.asm
                   INTCON   0x000ff2       data     extern C:\MCC18\src\traditional\proc\p18F26K20.asm
                    PRODL   0x000ff3       data     extern C:\MCC18\src\traditional\proc\p18F26K20.asm
                     PROD   0x000ff3       data     extern C:\MCC18\src\traditional\proc\p18F26K20.asm
                    PRODH   0x000ff4       data     extern C:\MCC18\src\traditional\proc\p18F26K20.asm
                   TABLAT   0x000ff5       data     extern C:\MCC18\src\traditional\proc\p18F26K20.asm
                   TBLPTR   0x000ff6       data     extern C:\MCC18\src\traditional\proc\p18F26K20.asm
                  TBLPTRL   0x000ff6       data     extern C:\MCC18\src\traditional\proc\p18F26K20.asm
                  TBLPTRH   0x000ff7       data     extern C:\MCC18\src\traditional\proc\p18F26K20.asm
                  TBLPTRU   0x000ff8       data     extern C:\MCC18\src\traditional\proc\p18F26K20.asm
                      PCL   0x000ff9       data     extern C:\MCC18\src\traditional\proc\p18F26K20.asm
                       PC   0x000ff9       data     extern C:\MCC18\src\traditional\proc\p18F26K20.asm
                   PCLATH   0x000ffa       data     extern C:\MCC18\src\traditional\proc\p18F26K20.asm
                   PCLATU   0x000ffb       data     extern C:\MCC18\src\traditional\proc\p18F26K20.asm
                   STKPTR   0x000ffc       data     extern C:\MCC18\src\traditional\proc\p18F26K20.asm
               STKPTRbits   0x000ffc       data     extern C:\MCC18\src\traditional\proc\p18F26K20.asm
                      TOS   0x000ffd       data     extern C:\MCC18\src\traditional\proc\p18F26K20.asm
                     TOSL   0x000ffd       data     extern C:\MCC18\src\traditional\proc\p18F26K20.asm
                     TOSH   0x000ffe       data     extern C:\MCC18\src\traditional\proc\p18F26K20.asm
                     TOSU   0x000fff       data     extern C:\MCC18\src\traditional\proc\p18F26K20.asm


